(node:81289) [DEP0205] DeprecationWarning: `module.register()` is deprecated. Use `module.registerHooks()` instead.
(Use `node --trace-deprecation ...` to show where the warning was created)

Running 304 tests using 1 worker

(node:81290) [DEP0205] DeprecationWarning: `module.register()` is deprecated. Use `module.registerHooks()` instead.
(Use `node --trace-deprecation ...` to show where the warning was created)
  ✓    1 [desktop] › tests/smoke/customization-layer.spec.ts:11:1 › won sections are wired to the shared style-vars pipeline (1.2s)
  ✓    2 [desktop] › tests/smoke/customization-layer.spec.ts:24:1 › won-tokens.css consumes the universal border/shadow/radius vars (1.2s)
  ✓    3 [desktop] › tests/smoke/customization-layer.spec.ts:52:1 › won-tokens.css consumes the Tier 2 typography + motion vars (1.2s)
  ✓    4 [desktop] › tests/smoke/customization-layer.spec.ts:78:1 › per-section bg/text color override wins over the color scheme (1.1s)
  ✓    5 [desktop] › tests/smoke/customization-layer.spec.ts:98:1 › won-tokens.css consumes the Tier 3 advanced overrides (1.1s)
  ✓    6 [desktop] › tests/smoke/customization-layer.spec.ts:119:1 › editor coaching never leaks to the live storefront (1.8s)
  ✓    7 [desktop] › tests/smoke/customization-layer.spec.ts:131:1 › responsive visibility var hides the section at the active breakpoint (1.1s)
  ✓    8 [desktop] › tests/smoke/storefront.spec.ts:98:3 › home — health + responsive (1.1s)
  ✓    9 [desktop] › tests/smoke/storefront.spec.ts:98:3 › product — health + responsive (896ms)
  ✓   10 [desktop] › tests/smoke/storefront.spec.ts:98:3 › collection — health + responsive (1.2s)
  ✓   11 [desktop] › tests/smoke/storefront.spec.ts:98:3 › cart — health + responsive (828ms)
  ✓   12 [desktop] › tests/smoke/storefront.spec.ts:98:3 › search — health + responsive (930ms)
  -   13 [desktop] › tests/smoke/storefront.spec.ts:115:1 › sections — heading alignment matches body (no centered title over left content)
  ✓   14 [desktop] › tests/smoke/storefront.spec.ts:131:1 › FAQ split — image column sits beside the accordion (image left, questions right) (1.0s)
  ✓   15 [desktop] › tests/smoke/storefront.spec.ts:154:1 › won-panels FAQ — heading and questions always render (1.0s)
  ✓   16 [desktop] › tests/smoke/storefront.spec.ts:164:1 › hero peek — centred card with side peeks on desktop (1.4s)
  ✓   17 [desktop] › tests/smoke/storefront.spec.ts:176:1 › band center-gutter — media flanks the centred copy on desktop (1.2s)
  ✓   18 [desktop] › tests/smoke/storefront.spec.ts:195:1 › tile badge — renders in the chosen corner (top-right) (972ms)
  ✓   19 [desktop] › tests/smoke/storefront.spec.ts:207:1 › slide annotation — headline gets a hand-drawn accent doodle (1.2s)
  ✓   20 [desktop] › tests/smoke/storefront.spec.ts:219:1 › comparison — quality dots render (dots:N/M cell syntax) (1.1s)
  ✓   21 [desktop] › tests/smoke/storefront.spec.ts:230:1 › tile icon — emoji renders before the label (1.5s)
  ✓   22 [desktop] › tests/smoke/storefront.spec.ts:237:1 › slide gradient — a photo-free slide paints its CSS gradient background (2.2s)
  ✓   23 [desktop] › tests/smoke/storefront.spec.ts:245:1 › stats — optional icon renders on each stat (1.1s)
  ✓   24 [desktop] › tests/smoke/storefront.spec.ts:254:1 › shoppable image — hotspot pins reveal a product card on focus (979ms)
  ✓   25 [desktop] › tests/smoke/storefront.spec.ts:272:1 › shoppable image — a configured hotspot honours its separate mobile position (878ms)
  ✓   26 [desktop] › tests/smoke/storefront.spec.ts:299:1 › tabbed rail — segmented tabs toggle their product panels (1.2s)
  -   27 [desktop] › tests/smoke/storefront.spec.ts:318:1 › carousel dots — page pager renders, is clickable, and tracks position
  ✓   28 [desktop] › tests/smoke/storefront.spec.ts:337:1 › marquee — seamless loop is a duplicated, aria-hidden track (967ms)
  -   29 [desktop] › tests/smoke/storefront.spec.ts:352:1 › home — block grids with mobile carousel become a real swipeable rail
  -   30 [desktop] › tests/smoke/storefront.spec.ts:372:1 › home — carousels honour their mobile mode
  ✓   31 [desktop] › tests/smoke/storefront.spec.ts:414:1 › marquee — track spans >= 2x the viewport so the loop never shows a blank gap (1.0s)
  ✓   32 [desktop] › tests/smoke/storefront.spec.ts:436:1 › hero peek — a neighbour peeks in on BOTH sides at the initial rest position (3.1s)
  ✓   33 [desktop] › tests/smoke/storefront.spec.ts:467:1 › hero carousel — loops endlessly, arrows never dead-end (3.0s)
  -   34 [desktop] › tests/smoke/storefront.spec.ts:496:1 › won-carousel — mobile peek shows a neighbour on BOTH sides mid-scroll
  ✓   35 [desktop] › tests/smoke/storefront.spec.ts:539:1 › won-carousel marquee — the belt is duplicated and spans >= 2x the viewport (957ms)
  ✓   36 [desktop] › tests/smoke/storefront.spec.ts:569:1 › announcement bar — every message renders and the free-shipping progress is live (1.0s)
  ✓   37 [desktop] › tests/smoke/storefront.spec.ts:583:1 › announcement bar — rotate shows exactly one message at a time (motion on) (985ms)
  ✓   38 [desktop] › tests/smoke/storefront.spec.ts:601:1 › sticky ATC — corner style floats as a small rounded card at the bottom-inline-end (871ms)
  ✓   39 [desktop] › tests/smoke/storefront.spec.ts:630:1 › sticky ATC — center style floats as a centered pill, not full width (928ms)
  ✓   40 [desktop] › tests/smoke/storefront.spec.ts:653:1 › announcement bar — the close button dismisses it for the session (1.9s)
  ✓   41 [desktop] › tests/smoke/won-block-wrapper-selectors.spec.ts:46:1 › no CSS selector treats a theme block as a direct child (13ms)
  ✓   42 [desktop] › tests/smoke/won-card-quick-add.spec.ts:20:1 › card declares its quick-add placement and reveal (1.1s)
  ✓   43 [desktop] › tests/smoke/won-card-quick-add.spec.ts:29:1 › quick-add control is reachable and correctly sized for touch (3.1s)
  ✓   44 [desktop] › tests/smoke/won-card-quick-add.spec.ts:45:1 › stepper quantity follows the cart (11.9s)
  ✓   45 [desktop] › tests/smoke/won-card-scale.spec.ts:58:1 › rail cards never outgrow the card ceiling (3.2s)
  ✓   46 [desktop] › tests/smoke/won-card-scale.spec.ts:68:1 › card title stays legible relative to the card it sits on (3.3s)
  ✓   47 [desktop] › tests/smoke/won-card-scale.spec.ts:81:1 › no dead zone: the 750px rail is not a single full-width column (3.2s)
  ✓   48 [desktop] › tests/smoke/won-carousel-arrows.spec.ts:8:1 › carousel arrows are visible only when the rail overflows (1.1s)
  ✓   49 [desktop] › tests/smoke/won-carousel-controls.spec.ts:19:1 › carousel pager controls render (and never show a dead/empty bar) (1.7s)
  ✓   50 [desktop] › tests/smoke/won-category-labels.spec.ts:15:3 › composed cs.schema.json has no duplicate picker category labels (3ms)
  ✓   51 [desktop] › tests/smoke/won-category-labels.spec.ts:15:3 › composed en.default.schema.json has no duplicate picker category labels (2ms)
  ✓   52 [desktop] › tests/smoke/won-countup-reachable.spec.ts:59:1 › every global theme setting is read by a section a merchant can insert (20ms)
  ✓   53 [desktop] › tests/smoke/won-countup.spec.ts:18:1 › won-stats opts into count-up: data attr, script tag, settings (1ms)
  ✓   54 [desktop] › tests/smoke/won-countup.spec.ts:32:1 › global animation fragment + compose step exist (1ms)
  ✓   55 [desktop] › tests/smoke/won-countup.spec.ts:60:1 › parser keeps prefix/suffix and format; refuses ambiguous values (3ms)
  ✓   56 [desktop] › tests/smoke/won-countup.spec.ts:98:1 › formatValue restores exact final text at the end of the run (0ms)
  ✓   57 [desktop] › tests/smoke/won-cta-effects.spec.ts:33:1 › every won CTA opts into the shared effect layer (3.4s)
  ✓   58 [desktop] › tests/smoke/won-cta-effects.spec.ts:60:1 › the whole theme resolves ONE effect per family (3.3s)
  ✓   59 [desktop] › tests/smoke/won-cta-effects.spec.ts:88:1 › card quick-add visibly reacts to hover (5.9s)
  ✓   60 [desktop] › tests/smoke/won-cta-effects.spec.ts:119:1 › sheen is a real animation when the theme asks for it (5.6s)
  ✓   61 [desktop] › tests/smoke/won-cta-effects.spec.ts:144:1 › effects stand down under prefers-reduced-motion (5.5s)
  ✓   62 [desktop] › tests/smoke/won-cta-invariants.spec.ts:35:1 › no won CTA hardcodes target="_blank" — new-tab is always gated (8ms)
  ✓   63 [desktop] › tests/smoke/won-cta-invariants.spec.ts:49:1 › rewired sections render CTAs via won-button, not inline won-btn markup (1ms)
  ✓   64 [desktop] › tests/smoke/won-cta-invariants.spec.ts:59:1 › every won-carousel preset needing blocks ships them (no empty section on insert) (0ms)
  ✓   65 [desktop] › tests/smoke/won-faq-schema.spec.ts:14:1 › won-faq-schema snippet: FAQPage, honesty guard, safe escaping, doc (1ms)
  ✓   66 [desktop] › tests/smoke/won-faq-schema.spec.ts:29:1 › both FAQ row blocks self-emit the schema, gated by the section toggle (1ms)
  ✓   67 [desktop] › tests/smoke/won-faq-schema.spec.ts:46:1 › smart defaults: accordion ON, panels OFF (0ms)
  ✓   68 [desktop] › tests/smoke/won-feedback-8.spec.ts:50:1 › rail progress bar and arrows share one control row (3.3s)
  ✓   69 [desktop] › tests/smoke/won-feedback-8.spec.ts:93:1 › quick add updates the header cart count (8.0s)
  ✓   70 [desktop] › tests/smoke/won-feedback-8.spec.ts:122:1 › card quick-add renders a stepper once the line exists (12.3s)
  ✓   71 [desktop] › tests/smoke/won-feedback-8.spec.ts:172:1 › won-feature rows align their body text across the row (12.4s)
  ✓   72 [desktop] › tests/smoke/won-feedback-8.spec.ts:221:1 › PDP main media shows the whole packshot with breathing room (1.8s)
  ✓   73 [desktop] › tests/smoke/won-feedback-8.spec.ts:252:1 › PDP puts the product description under the price, and ships no highlights block (1ms)
  ✓   74 [desktop] › tests/smoke/won-hidden-natives.spec.ts:14:3 › product-list is hidden from the section picker but still renders (0ms)
  ✓   75 [desktop] › tests/smoke/won-hidden-natives.spec.ts:14:3 › featured-blog-posts is hidden from the section picker but still renders (0ms)
  ✓   76 [desktop] › tests/smoke/won-hidden-natives.spec.ts:35:3 › quick-order-list stays visible in the picker (0ms)
  ✓   77 [desktop] › tests/smoke/won-hidden-natives.spec.ts:35:3 › featured-product stays visible in the picker (0ms)
  ✓   78 [desktop] › tests/smoke/won-hidden-natives.spec.ts:35:3 › featured-product-information stays visible in the picker (0ms)
  ✓   79 [desktop] › tests/smoke/won-hidden-natives.spec.ts:35:3 › custom-liquid stays visible in the picker (0ms)
  ✓   80 [desktop] › tests/smoke/won-hidden-natives.spec.ts:35:3 › divider stays visible in the picker (0ms)
  ✓   81 [desktop] › tests/smoke/won-no-raw-liquid.spec.ts:24:5 › no raw Liquid in the rendered page › / renders no Liquid delimiters (1.2s)
  ✓   82 [desktop] › tests/smoke/won-no-raw-liquid.spec.ts:24:5 › no raw Liquid in the rendered page › /collections/automated-collection renders no Liquid delimiters (1.1s)
  ✓   83 [desktop] › tests/smoke/won-no-raw-liquid.spec.ts:24:5 › no raw Liquid in the rendered page › /pages/contact renders no Liquid delimiters (1.3s)
  ✓   84 [desktop] › tests/smoke/won-pdp-composition.spec.ts:20:1 › data blocks inside a band fill their content column (1.8s)
  ✓   85 [desktop] › tests/smoke/won-pdp-composition.spec.ts:46:1 › the product title is the largest heading on the PDP (1.7s)
  ✓   86 [desktop] › tests/smoke/won-pdp-composition.spec.ts:68:1 › no schema placeholder copy leaks onto the storefront (1.6s)
  ✓   87 [desktop] › tests/smoke/won-pdp-composition.spec.ts:78:1 › a data block with no rows renders no orphan heading (1.6s)
  ✓   88 [desktop] › tests/smoke/won-pdp-composition.spec.ts:96:1 › product media is never smaller than the buy box column (5.7s)
  ✓   89 [desktop] › tests/smoke/won-pdp-composition.spec.ts:132:1 › the sticky bar repeats the buy box CTA, it does not restyle it (2.9s)
  ✓   90 [desktop] › tests/smoke/won-product-schema.spec.ts:15:1 › won-product-schema snippet: Product + additionalProperty, canonical @id, guard, escaping (2ms)
  ✓   91 [desktop] › tests/smoke/won-product-schema.spec.ts:34:1 › spec + nutrition tables self-emit with the right separator, gated by toggle (1ms)
  ✓   92 [desktop] › tests/smoke/won-product-schema.spec.ts:44:1 › emit_schema toggle present and ON by default on both blocks (0ms)
  ✓   93 [desktop] › tests/smoke/won-product-trust.spec.ts:12:1 › won-product-trust block reuses the shared snippets (no duplicated logic) (1ms)
  ✓   94 [desktop] › tests/smoke/won-product-trust.spec.ts:26:1 › name locale key resolves in both languages (2ms)
  ✓   95 [desktop] › tests/smoke/won-publish-global-settings.spec.ts:45:1 › publish seeds new won globals into an existing settings_data, without overwriting merchant values (188ms)
  ✓   96 [desktop] › tests/smoke/won-rail-affordance.spec.ts:87:5 › rails on / @390px expose controls exactly when they overflow (3.3s)
  ✓   97 [desktop] › tests/smoke/won-rail-affordance.spec.ts:87:5 › rails on / @700px expose controls exactly when they overflow (3.4s)
  ✓   98 [desktop] › tests/smoke/won-rail-affordance.spec.ts:87:5 › rails on / @1440px expose controls exactly when they overflow (3.5s)
  -   99 [desktop] › tests/smoke/won-rail-affordance.spec.ts:87:5 › rails on /collections/automated-collection @390px expose controls exactly when they overflow
  -  100 [desktop] › tests/smoke/won-rail-affordance.spec.ts:87:5 › rails on /collections/automated-collection @700px expose controls exactly when they overflow
  -  101 [desktop] › tests/smoke/won-rail-affordance.spec.ts:87:5 › rails on /collections/automated-collection @1440px expose controls exactly when they overflow
  ✓  102 [desktop] › tests/smoke/won-rail-affordance.spec.ts:111:1 › every arrow pair actually scrolls its rail (7.0s)
  ✓  103 [desktop] › tests/smoke/won-rail-arrow-contrast.spec.ts:26:1 › rail arrows on the page meet AA contrast in every tone (2.6s)
  ✓  104 [desktop] › tests/smoke/won-rail-arrow-contrast.spec.ts:116:1 › a rail arrow with no plate carries a text shadow over media (2.8s)
  ✓  105 [desktop] › tests/smoke/won-rail-consistency.spec.ts:101:1 › arrow shape and size are identical on every rail (3.4s)
  -  106 [desktop] › tests/smoke/won-rail-consistency.spec.ts:111:1 › arrow colour is uniform unless the theme leaves it on auto
  ✓  107 [desktop] › tests/smoke/won-rail-consistency.spec.ts:126:1 › every scrolling rail uses the indicator the theme asked for (3.3s)
  ✓  108 [desktop] › tests/smoke/won-rail-indicator-modes.spec.ts:32:1 › the composed theme has rails to audit (1ms)
  ✓  109 [desktop] › tests/smoke/won-rail-indicator-modes.spec.ts:36:1 › every rail can render every indicator the theme-wide setting offers (1ms)
  ✓  110 [desktop] › tests/smoke/won-rail-indicator-modes.spec.ts:67:1 › no rail hand-rolls the indicator resolution any more (0ms)
  ✓  111 [desktop] › tests/smoke/won-rail-indicator-modes.spec.ts:83:1 › the shared controls snippet handles all four indicator values (1ms)
  ✓  112 [desktop] › tests/smoke/won-rail-indicator-scale.spec.ts:22:1 › the scroll indicator spans the free width of its control row (3.4s)
  ✓  113 [desktop] › tests/smoke/won-rail-indicator-scale.spec.ts:64:1 › the indicator thumb is proportional to how much is on screen (3.6s)
  ✓  114 [desktop] › tests/smoke/won-rail-indicator-scale.spec.ts:99:1 › stepping the quantity replays the sheen (12.9s)
  ✓  115 [desktop] › tests/smoke/won-schema-integrity.spec.ts:64:1 › every t: key a won schema uses exists in BOTH locales (10ms)
  ✓  116 [desktop] › tests/smoke/won-schema-integrity.spec.ts:89:1 › every visible_if names a setting that exists in the same schema (5ms)
  ✓  117 [desktop] › tests/smoke/won-schema-integrity.spec.ts:108:1 › every range default is a real step in its own range (4ms)
  ✓  118 [desktop] › tests/smoke/won-schema-integrity.spec.ts:183:1 › the predicate actually bites (red-proof) (1ms)
  ✓  119 [desktop] › tests/smoke/won-schema-integrity.spec.ts:208:1 › every preset renders something with zero configuration (5ms)
  ✓  120 [desktop] › tests/smoke/won-schema-phases.spec.ts:16:1 › F3 AggregateRating: won-rating emits schema only on the PDP, gated (1ms)
  ✓  121 [desktop] › tests/smoke/won-schema-phases.spec.ts:28:1 › F4 MerchantReturnPolicy: snippet + global settings + PDP wiring (2ms)
  ✓  122 [desktop] › tests/smoke/won-schema-phases.spec.ts:50:1 › F5 HowTo: won-howto-schema from won-dosage, gated (1ms)
  ✓  123 [desktop] › tests/smoke/won-schema-phases.spec.ts:62:1 › F6 comparison: yes/no cells carry a text equivalent for extraction (0ms)
  ✓  124 [desktop] › tests/smoke/won-schema-phases.spec.ts:70:1 › F7 site schema: WebSite + SearchAction, homepage only, wired in <head> (0ms)
  ✓  125 [desktop] › tests/smoke/won-schema-phases.spec.ts:80:1 › F8 trust bridge: won-trust reads won.* metafields → badge + additionalProperty, gated (1ms)
  ✓  126 [desktop] › tests/smoke/won-settings-coverage.spec.ts:104:1 › every won-* section setting (and child-block setting) is wired to the theme source (8ms)
  -  127 [desktop] › tests/smoke/won-settings-fixes.spec.ts:17:1 › won-band: content align actually moves the button row, not just text
  ✓  128 [desktop] › tests/smoke/won-settings-fixes.spec.ts:56:1 › won-slide: min height applies to a plain (non-overlayed) slide body (1.4s)
  ✓  129 [desktop] › tests/smoke/won-settings-fixes.spec.ts:77:1 › won-tabbed-rail: desktop heading size is consumed at >= 750px (1.1s)
  ✓  130 [desktop] › tests/smoke/won-slide-art-direction.spec.ts:36:3 › won-slide art direction › slide media fills its box (no gap under an art-directed image) (1.2s)
  ✓  131 [desktop] › tests/smoke/won-slide-art-direction.spec.ts:57:3 › won-slide art direction › below 750px the packaged mobile asset is the one served (1.2s)
  ✓  132 [desktop] › tests/smoke/won-unified-behavior.spec.ts:16:1 › Visibility toggles hide the section at the correct breakpoint (1.3s)
  ✓  133 [desktop] › tests/smoke/won-unified-behavior.spec.ts:49:1 › Mode select drives a render class on the carousel (1.2s)
  ✓  134 [desktop] › tests/smoke/won-unified-behavior.spec.ts:58:1 › Infinite-scroll setting clones bookends only where its scope applies (1.2s)
  ✓  135 [desktop] › tests/smoke/won-unified-schema.spec.ts:58:1 › composed theme has sections to audit (0ms)
  ✓  136 [desktop] › tests/smoke/won-unified-schema.spec.ts:62:1 › every won section orders its group headers canonically (0ms)
  ✓  137 [desktop] › tests/smoke/won-unified-schema.spec.ts:76:1 › Visibility, when present, is the first group (after an optional About paragraph) (0ms)
  ✓  138 [desktop] › tests/smoke/won-unified-schema.spec.ts:93:1 › a Mode group leads with an always-visible behavior select (0ms)
  ✓  139 [desktop] › tests/smoke/won-unified-schema.spec.ts:107:1 › hide_mobile / hide_desktop live only under the Visibility group (0ms)
  ✓  140 [desktop] › tests/smoke/won-unified-schema.spec.ts:134:1 › every range setting spans 3–101 steps with an on-grid default (2ms)
  ✓  141 [desktop] › tests/smoke/won-unified-schema.spec.ts:155:1 › no render tag passes a filtered argument (1ms)
  ✓  142 [desktop] › tests/smoke/won-unit-price-honesty.spec.ts:79:1 › the printed unit price tracks the quantity on the variant axis (13.9s)
  ✓  143 [desktop] › tests/smoke/won-unit-price-honesty.spec.ts:148:1 › only one file computes a unit price (17ms)
  ✓  144 [desktop] › tests/smoke/won-unit-price-honesty.spec.ts:161:1 › no consumer ships a fabricated reference amount as a default (11ms)
  ✓  145 [desktop] › tests/smoke/won-unit-price-honesty.spec.ts:227:1 › the unit-price ladder is one global, merchant-editable setting (2ms)
  ✓  146 [desktop] › tests/smoke/won-unit-price-honesty.spec.ts:247:1 › no file hardcodes a reference metafield or unit (8ms)
  ✓  147 [desktop] › tests/smoke/won-unit-price-honesty.spec.ts:276:1 › every unit label on the storefront comes from the declared ladder (10.5s)
  -  148 [desktop] › tests/smoke/won-wave1-parity.spec.ts:14:1 › grid carousel with mobile_carousel scrolls horizontally on mobile
  -  149 [desktop] › tests/smoke/won-wave1-parity.spec.ts:32:1 › grid carousel without mobile_carousel stays a stacked grid on mobile
  ✓  150 [desktop] › tests/smoke/won-wave1-parity.spec.ts:45:1 › carousel arrows carry their style modifier class (1.1s)
  ✓  151 [desktop] › tests/smoke/won-wave1-parity.spec.ts:56:1 › article cards render author and reading time when enabled (1.1s)
  ✓  152 [desktop] › tests/smoke/won-wave1-parity.spec.ts:107:1 › default arrow style is visually identical to the pre-arrow_style look (1.3s)
(node:81752) [DEP0205] DeprecationWarning: `module.register()` is deprecated. Use `module.registerHooks()` instead.
(Use `node --trace-deprecation ...` to show where the warning was created)
  ✓  153 [mobile] › tests/smoke/customization-layer.spec.ts:11:1 › won sections are wired to the shared style-vars pipeline (1.2s)
  ✓  154 [mobile] › tests/smoke/customization-layer.spec.ts:24:1 › won-tokens.css consumes the universal border/shadow/radius vars (1.2s)
  ✓  155 [mobile] › tests/smoke/customization-layer.spec.ts:52:1 › won-tokens.css consumes the Tier 2 typography + motion vars (1.3s)
  ✓  156 [mobile] › tests/smoke/customization-layer.spec.ts:78:1 › per-section bg/text color override wins over the color scheme (1.1s)
  ✓  157 [mobile] › tests/smoke/customization-layer.spec.ts:98:1 › won-tokens.css consumes the Tier 3 advanced overrides (1.2s)
  ✓  158 [mobile] › tests/smoke/customization-layer.spec.ts:119:1 › editor coaching never leaks to the live storefront (1.8s)
  ✓  159 [mobile] › tests/smoke/customization-layer.spec.ts:131:1 › responsive visibility var hides the section at the active breakpoint (1.2s)
  ✓  160 [mobile] › tests/smoke/storefront.spec.ts:98:3 › home — health + responsive (1.2s)
  ✓  161 [mobile] › tests/smoke/storefront.spec.ts:98:3 › product — health + responsive (983ms)
  ✓  162 [mobile] › tests/smoke/storefront.spec.ts:98:3 › collection — health + responsive (927ms)
  ✓  163 [mobile] › tests/smoke/storefront.spec.ts:98:3 › cart — health + responsive (810ms)
  ✓  164 [mobile] › tests/smoke/storefront.spec.ts:98:3 › search — health + responsive (1.1s)
  ✓  165 [mobile] › tests/smoke/storefront.spec.ts:115:1 › sections — heading alignment matches body (no centered title over left content) (1.2s)
  -  166 [mobile] › tests/smoke/storefront.spec.ts:131:1 › FAQ split — image column sits beside the accordion (image left, questions right)
  ✓  167 [mobile] › tests/smoke/storefront.spec.ts:154:1 › won-panels FAQ — heading and questions always render (949ms)
  -  168 [mobile] › tests/smoke/storefront.spec.ts:164:1 › hero peek — centred card with side peeks on desktop
  -  169 [mobile] › tests/smoke/storefront.spec.ts:176:1 › band center-gutter — media flanks the centred copy on desktop
  ✓  170 [mobile] › tests/smoke/storefront.spec.ts:195:1 › tile badge — renders in the chosen corner (top-right) (1.0s)
  ✓  171 [mobile] › tests/smoke/storefront.spec.ts:207:1 › slide annotation — headline gets a hand-drawn accent doodle (945ms)
  ✓  172 [mobile] › tests/smoke/storefront.spec.ts:219:1 › comparison — quality dots render (dots:N/M cell syntax) (994ms)
  ✓  173 [mobile] › tests/smoke/storefront.spec.ts:230:1 › tile icon — emoji renders before the label (1.2s)
  ✓  174 [mobile] › tests/smoke/storefront.spec.ts:237:1 › slide gradient — a photo-free slide paints its CSS gradient background (1.3s)
  ✓  175 [mobile] › tests/smoke/storefront.spec.ts:245:1 › stats — optional icon renders on each stat (875ms)
  ✓  176 [mobile] › tests/smoke/storefront.spec.ts:254:1 › shoppable image — hotspot pins reveal a product card on focus (972ms)
  ✓  177 [mobile] › tests/smoke/storefront.spec.ts:272:1 › shoppable image — a configured hotspot honours its separate mobile position (997ms)
  ✓  178 [mobile] › tests/smoke/storefront.spec.ts:299:1 › tabbed rail — segmented tabs toggle their product panels (1.0s)
  -  179 [mobile] › tests/smoke/storefront.spec.ts:318:1 › carousel dots — page pager renders, is clickable, and tracks position
  ✓  180 [mobile] › tests/smoke/storefront.spec.ts:337:1 › marquee — seamless loop is a duplicated, aria-hidden track (896ms)
  ✓  181 [mobile] › tests/smoke/storefront.spec.ts:352:1 › home — block grids with mobile carousel become a real swipeable rail (949ms)
  ✓  182 [mobile] › tests/smoke/storefront.spec.ts:372:1 › home — carousels honour their mobile mode (1.2s)
  -  183 [mobile] › tests/smoke/storefront.spec.ts:414:1 › marquee — track spans >= 2x the viewport so the loop never shows a blank gap
  -  184 [mobile] › tests/smoke/storefront.spec.ts:436:1 › hero peek — a neighbour peeks in on BOTH sides at the initial rest position
  -  185 [mobile] › tests/smoke/storefront.spec.ts:467:1 › hero carousel — loops endlessly, arrows never dead-end
  ✓  186 [mobile] › tests/smoke/storefront.spec.ts:496:1 › won-carousel — mobile peek shows a neighbour on BOTH sides mid-scroll (1.3s)
  -  187 [mobile] › tests/smoke/storefront.spec.ts:539:1 › won-carousel marquee — the belt is duplicated and spans >= 2x the viewport
  ✓  188 [mobile] › tests/smoke/storefront.spec.ts:569:1 › announcement bar — every message renders and the free-shipping progress is live (998ms)
  ✓  189 [mobile] › tests/smoke/storefront.spec.ts:583:1 › announcement bar — rotate shows exactly one message at a time (motion on) (1.2s)
  ✓  190 [mobile] › tests/smoke/storefront.spec.ts:601:1 › sticky ATC — corner style floats as a small rounded card at the bottom-inline-end (952ms)
  ✓  191 [mobile] › tests/smoke/storefront.spec.ts:630:1 › sticky ATC — center style floats as a centered pill, not full width (947ms)
  ✓  192 [mobile] › tests/smoke/storefront.spec.ts:653:1 › announcement bar — the close button dismisses it for the session (1.7s)
  ✓  193 [mobile] › tests/smoke/won-block-wrapper-selectors.spec.ts:46:1 › no CSS selector treats a theme block as a direct child (13ms)
  ✓  194 [mobile] › tests/smoke/won-card-quick-add.spec.ts:20:1 › card declares its quick-add placement and reveal (1.1s)
  ✓  195 [mobile] › tests/smoke/won-card-quick-add.spec.ts:29:1 › quick-add control is reachable and correctly sized for touch (3.0s)
  ✓  196 [mobile] › tests/smoke/won-card-quick-add.spec.ts:45:1 › stepper quantity follows the cart (12.0s)
  ✓  197 [mobile] › tests/smoke/won-card-scale.spec.ts:58:1 › rail cards never outgrow the card ceiling (3.3s)
  ✓  198 [mobile] › tests/smoke/won-card-scale.spec.ts:68:1 › card title stays legible relative to the card it sits on (3.2s)
  ✓  199 [mobile] › tests/smoke/won-card-scale.spec.ts:81:1 › no dead zone: the 750px rail is not a single full-width column (3.2s)
  ✓  200 [mobile] › tests/smoke/won-carousel-arrows.spec.ts:8:1 › carousel arrows are visible only when the rail overflows (1.1s)
  ✓  201 [mobile] › tests/smoke/won-carousel-controls.spec.ts:19:1 › carousel pager controls render (and never show a dead/empty bar) (1.5s)
  ✓  202 [mobile] › tests/smoke/won-category-labels.spec.ts:15:3 › composed cs.schema.json has no duplicate picker category labels (2ms)
  ✓  203 [mobile] › tests/smoke/won-category-labels.spec.ts:15:3 › composed en.default.schema.json has no duplicate picker category labels (2ms)
  ✓  204 [mobile] › tests/smoke/won-countup-reachable.spec.ts:59:1 › every global theme setting is read by a section a merchant can insert (21ms)
  ✓  205 [mobile] › tests/smoke/won-countup.spec.ts:18:1 › won-stats opts into count-up: data attr, script tag, settings (1ms)
  ✓  206 [mobile] › tests/smoke/won-countup.spec.ts:32:1 › global animation fragment + compose step exist (1ms)
  ✓  207 [mobile] › tests/smoke/won-countup.spec.ts:60:1 › parser keeps prefix/suffix and format; refuses ambiguous values (3ms)
  ✓  208 [mobile] › tests/smoke/won-countup.spec.ts:98:1 › formatValue restores exact final text at the end of the run (0ms)
  ✓  209 [mobile] › tests/smoke/won-cta-effects.spec.ts:33:1 › every won CTA opts into the shared effect layer (3.5s)
  ✓  210 [mobile] › tests/smoke/won-cta-effects.spec.ts:60:1 › the whole theme resolves ONE effect per family (3.5s)
  ✓  211 [mobile] › tests/smoke/won-cta-effects.spec.ts:88:1 › card quick-add visibly reacts to hover (6.1s)
  ✓  212 [mobile] › tests/smoke/won-cta-effects.spec.ts:119:1 › sheen is a real animation when the theme asks for it (5.8s)
  ✓  213 [mobile] › tests/smoke/won-cta-effects.spec.ts:144:1 › effects stand down under prefers-reduced-motion (5.6s)
  ✓  214 [mobile] › tests/smoke/won-cta-invariants.spec.ts:35:1 › no won CTA hardcodes target="_blank" — new-tab is always gated (9ms)
  ✓  215 [mobile] › tests/smoke/won-cta-invariants.spec.ts:49:1 › rewired sections render CTAs via won-button, not inline won-btn markup (4ms)
  ✓  216 [mobile] › tests/smoke/won-cta-invariants.spec.ts:59:1 › every won-carousel preset needing blocks ships them (no empty section on insert) (2ms)
  ✓  217 [mobile] › tests/smoke/won-faq-schema.spec.ts:14:1 › won-faq-schema snippet: FAQPage, honesty guard, safe escaping, doc (3ms)
  ✓  218 [mobile] › tests/smoke/won-faq-schema.spec.ts:29:1 › both FAQ row blocks self-emit the schema, gated by the section toggle (2ms)
  ✓  219 [mobile] › tests/smoke/won-faq-schema.spec.ts:46:1 › smart defaults: accordion ON, panels OFF (1ms)
  ✓  220 [mobile] › tests/smoke/won-feedback-8.spec.ts:50:1 › rail progress bar and arrows share one control row (3.5s)
  ✓  221 [mobile] › tests/smoke/won-feedback-8.spec.ts:93:1 › quick add updates the header cart count (9.2s)
  ✓  222 [mobile] › tests/smoke/won-feedback-8.spec.ts:122:1 › card quick-add renders a stepper once the line exists (12.0s)
  ✓  223 [mobile] › tests/smoke/won-feedback-8.spec.ts:172:1 › won-feature rows align their body text across the row (12.9s)
  ✓  224 [mobile] › tests/smoke/won-feedback-8.spec.ts:221:1 › PDP main media shows the whole packshot with breathing room (1.8s)
  ✓  225 [mobile] › tests/smoke/won-feedback-8.spec.ts:252:1 › PDP puts the product description under the price, and ships no highlights block (1ms)
  ✓  226 [mobile] › tests/smoke/won-hidden-natives.spec.ts:14:3 › product-list is hidden from the section picker but still renders (1ms)
  ✓  227 [mobile] › tests/smoke/won-hidden-natives.spec.ts:14:3 › featured-blog-posts is hidden from the section picker but still renders (1ms)
  ✓  228 [mobile] › tests/smoke/won-hidden-natives.spec.ts:35:3 › quick-order-list stays visible in the picker (1ms)
  ✓  229 [mobile] › tests/smoke/won-hidden-natives.spec.ts:35:3 › featured-product stays visible in the picker (0ms)
  ✓  230 [mobile] › tests/smoke/won-hidden-natives.spec.ts:35:3 › featured-product-information stays visible in the picker (0ms)
  ✓  231 [mobile] › tests/smoke/won-hidden-natives.spec.ts:35:3 › custom-liquid stays visible in the picker (0ms)
  ✓  232 [mobile] › tests/smoke/won-hidden-natives.spec.ts:35:3 › divider stays visible in the picker (0ms)
  ✓  233 [mobile] › tests/smoke/won-no-raw-liquid.spec.ts:24:5 › no raw Liquid in the rendered page › / renders no Liquid delimiters (1.1s)
  ✓  234 [mobile] › tests/smoke/won-no-raw-liquid.spec.ts:24:5 › no raw Liquid in the rendered page › /collections/automated-collection renders no Liquid delimiters (1.0s)
  ✓  235 [mobile] › tests/smoke/won-no-raw-liquid.spec.ts:24:5 › no raw Liquid in the rendered page › /pages/contact renders no Liquid delimiters (950ms)
  ✓  236 [mobile] › tests/smoke/won-pdp-composition.spec.ts:20:1 › data blocks inside a band fill their content column (1.6s)
  ✓  237 [mobile] › tests/smoke/won-pdp-composition.spec.ts:46:1 › the product title is the largest heading on the PDP (1.6s)
  ✓  238 [mobile] › tests/smoke/won-pdp-composition.spec.ts:68:1 › no schema placeholder copy leaks onto the storefront (1.8s)
  ✓  239 [mobile] › tests/smoke/won-pdp-composition.spec.ts:78:1 › a data block with no rows renders no orphan heading (2.0s)
  ✓  240 [mobile] › tests/smoke/won-pdp-composition.spec.ts:96:1 › product media is never smaller than the buy box column (6.2s)
  ✓  241 [mobile] › tests/smoke/won-pdp-composition.spec.ts:132:1 › the sticky bar repeats the buy box CTA, it does not restyle it (2.9s)
  ✓  242 [mobile] › tests/smoke/won-product-schema.spec.ts:15:1 › won-product-schema snippet: Product + additionalProperty, canonical @id, guard, escaping (3ms)
  ✓  243 [mobile] › tests/smoke/won-product-schema.spec.ts:34:1 › spec + nutrition tables self-emit with the right separator, gated by toggle (1ms)
  ✓  244 [mobile] › tests/smoke/won-product-schema.spec.ts:44:1 › emit_schema toggle present and ON by default on both blocks (1ms)
  ✓  245 [mobile] › tests/smoke/won-product-trust.spec.ts:12:1 › won-product-trust block reuses the shared snippets (no duplicated logic) (2ms)
  ✓  246 [mobile] › tests/smoke/won-product-trust.spec.ts:26:1 › name locale key resolves in both languages (2ms)
  ✓  247 [mobile] › tests/smoke/won-publish-global-settings.spec.ts:45:1 › publish seeds new won globals into an existing settings_data, without overwriting merchant values (304ms)
  ✓  248 [mobile] › tests/smoke/won-rail-affordance.spec.ts:87:5 › rails on / @390px expose controls exactly when they overflow (3.3s)
  ✓  249 [mobile] › tests/smoke/won-rail-affordance.spec.ts:87:5 › rails on / @700px expose controls exactly when they overflow (3.7s)
  ✓  250 [mobile] › tests/smoke/won-rail-affordance.spec.ts:87:5 › rails on / @1440px expose controls exactly when they overflow (3.5s)
  -  251 [mobile] › tests/smoke/won-rail-affordance.spec.ts:87:5 › rails on /collections/automated-collection @390px expose controls exactly when they overflow
  -  252 [mobile] › tests/smoke/won-rail-affordance.spec.ts:87:5 › rails on /collections/automated-collection @700px expose controls exactly when they overflow
  -  253 [mobile] › tests/smoke/won-rail-affordance.spec.ts:87:5 › rails on /collections/automated-collection @1440px expose controls exactly when they overflow
  ✓  254 [mobile] › tests/smoke/won-rail-affordance.spec.ts:111:1 › every arrow pair actually scrolls its rail (9.6s)
  ✓  255 [mobile] › tests/smoke/won-rail-arrow-contrast.spec.ts:26:1 › rail arrows on the page meet AA contrast in every tone (2.8s)
  ✓  256 [mobile] › tests/smoke/won-rail-arrow-contrast.spec.ts:116:1 › a rail arrow with no plate carries a text shadow over media (2.5s)
  ✓  257 [mobile] › tests/smoke/won-rail-consistency.spec.ts:101:1 › arrow shape and size are identical on every rail (3.6s)
  -  258 [mobile] › tests/smoke/won-rail-consistency.spec.ts:111:1 › arrow colour is uniform unless the theme leaves it on auto
  ✓  259 [mobile] › tests/smoke/won-rail-consistency.spec.ts:126:1 › every scrolling rail uses the indicator the theme asked for (3.5s)
  ✓  260 [mobile] › tests/smoke/won-rail-indicator-modes.spec.ts:32:1 › the composed theme has rails to audit (1ms)
  ✓  261 [mobile] › tests/smoke/won-rail-indicator-modes.spec.ts:36:1 › every rail can render every indicator the theme-wide setting offers (1ms)
  ✓  262 [mobile] › tests/smoke/won-rail-indicator-modes.spec.ts:67:1 › no rail hand-rolls the indicator resolution any more (0ms)
  ✓  263 [mobile] › tests/smoke/won-rail-indicator-modes.spec.ts:83:1 › the shared controls snippet handles all four indicator values (1ms)
  ✓  264 [mobile] › tests/smoke/won-rail-indicator-scale.spec.ts:22:1 › the scroll indicator spans the free width of its control row (3.4s)
  ✓  265 [mobile] › tests/smoke/won-rail-indicator-scale.spec.ts:64:1 › the indicator thumb is proportional to how much is on screen (3.4s)
  ✓  266 [mobile] › tests/smoke/won-rail-indicator-scale.spec.ts:99:1 › stepping the quantity replays the sheen (12.3s)
  ✓  267 [mobile] › tests/smoke/won-schema-integrity.spec.ts:64:1 › every t: key a won schema uses exists in BOTH locales (11ms)
  ✓  268 [mobile] › tests/smoke/won-schema-integrity.spec.ts:89:1 › every visible_if names a setting that exists in the same schema (5ms)
  ✓  269 [mobile] › tests/smoke/won-schema-integrity.spec.ts:108:1 › every range default is a real step in its own range (5ms)
  ✓  270 [mobile] › tests/smoke/won-schema-integrity.spec.ts:183:1 › the predicate actually bites (red-proof) (1ms)
  ✓  271 [mobile] › tests/smoke/won-schema-integrity.spec.ts:208:1 › every preset renders something with zero configuration (4ms)
  ✓  272 [mobile] › tests/smoke/won-schema-phases.spec.ts:16:1 › F3 AggregateRating: won-rating emits schema only on the PDP, gated (1ms)
  ✓  273 [mobile] › tests/smoke/won-schema-phases.spec.ts:28:1 › F4 MerchantReturnPolicy: snippet + global settings + PDP wiring (2ms)
  ✓  274 [mobile] › tests/smoke/won-schema-phases.spec.ts:50:1 › F5 HowTo: won-howto-schema from won-dosage, gated (1ms)
  ✓  275 [mobile] › tests/smoke/won-schema-phases.spec.ts:62:1 › F6 comparison: yes/no cells carry a text equivalent for extraction (0ms)
  ✓  276 [mobile] › tests/smoke/won-schema-phases.spec.ts:70:1 › F7 site schema: WebSite + SearchAction, homepage only, wired in <head> (0ms)
  ✓  277 [mobile] › tests/smoke/won-schema-phases.spec.ts:80:1 › F8 trust bridge: won-trust reads won.* metafields → badge + additionalProperty, gated (1ms)
  ✓  278 [mobile] › tests/smoke/won-settings-coverage.spec.ts:104:1 › every won-* section setting (and child-block setting) is wired to the theme source (8ms)
  ✓  279 [mobile] › tests/smoke/won-settings-fixes.spec.ts:17:1 › won-band: content align actually moves the button row, not just text (1.0s)
  ✓  280 [mobile] › tests/smoke/won-settings-fixes.spec.ts:56:1 › won-slide: min height applies to a plain (non-overlayed) slide body (4.1s)
  -  281 [mobile] › tests/smoke/won-settings-fixes.spec.ts:77:1 › won-tabbed-rail: desktop heading size is consumed at >= 750px
  ✓  282 [mobile] › tests/smoke/won-slide-art-direction.spec.ts:36:3 › won-slide art direction › slide media fills its box (no gap under an art-directed image) (1.1s)
  ✓  283 [mobile] › tests/smoke/won-slide-art-direction.spec.ts:57:3 › won-slide art direction › below 750px the packaged mobile asset is the one served (1.1s)
  ✓  284 [mobile] › tests/smoke/won-unified-behavior.spec.ts:16:1 › Visibility toggles hide the section at the correct breakpoint (1.2s)
  ✓  285 [mobile] › tests/smoke/won-unified-behavior.spec.ts:49:1 › Mode select drives a render class on the carousel (1.1s)
  ✓  286 [mobile] › tests/smoke/won-unified-behavior.spec.ts:58:1 › Infinite-scroll setting clones bookends only where its scope applies (1.6s)
  ✓  287 [mobile] › tests/smoke/won-unified-schema.spec.ts:58:1 › composed theme has sections to audit (0ms)
  ✓  288 [mobile] › tests/smoke/won-unified-schema.spec.ts:62:1 › every won section orders its group headers canonically (0ms)
  ✓  289 [mobile] › tests/smoke/won-unified-schema.spec.ts:76:1 › Visibility, when present, is the first group (after an optional About paragraph) (0ms)
  ✓  290 [mobile] › tests/smoke/won-unified-schema.spec.ts:93:1 › a Mode group leads with an always-visible behavior select (0ms)
  ✓  291 [mobile] › tests/smoke/won-unified-schema.spec.ts:107:1 › hide_mobile / hide_desktop live only under the Visibility group (0ms)
  ✓  292 [mobile] › tests/smoke/won-unified-schema.spec.ts:134:1 › every range setting spans 3–101 steps with an on-grid default (2ms)
  ✓  293 [mobile] › tests/smoke/won-unified-schema.spec.ts:155:1 › no render tag passes a filtered argument (1ms)
  ✓  294 [mobile] › tests/smoke/won-unit-price-honesty.spec.ts:79:1 › the printed unit price tracks the quantity on the variant axis (14.0s)
  ✓  295 [mobile] › tests/smoke/won-unit-price-honesty.spec.ts:148:1 › only one file computes a unit price (11ms)
  ✓  296 [mobile] › tests/smoke/won-unit-price-honesty.spec.ts:161:1 › no consumer ships a fabricated reference amount as a default (9ms)
  ✓  297 [mobile] › tests/smoke/won-unit-price-honesty.spec.ts:227:1 › the unit-price ladder is one global, merchant-editable setting (2ms)
  ✓  298 [mobile] › tests/smoke/won-unit-price-honesty.spec.ts:247:1 › no file hardcodes a reference metafield or unit (7ms)
  ✓  299 [mobile] › tests/smoke/won-unit-price-honesty.spec.ts:276:1 › every unit label on the storefront comes from the declared ladder (10.4s)
  ✓  300 [mobile] › tests/smoke/won-wave1-parity.spec.ts:14:1 › grid carousel with mobile_carousel scrolls horizontally on mobile (1.1s)
  ✓  301 [mobile] › tests/smoke/won-wave1-parity.spec.ts:32:1 › grid carousel without mobile_carousel stays a stacked grid on mobile (1.1s)
  -  302 [mobile] › tests/smoke/won-wave1-parity.spec.ts:45:1 › carousel arrows carry their style modifier class
  -  303 [mobile] › tests/smoke/won-wave1-parity.spec.ts:56:1 › article cards render author and reading time when enabled
  -  304 [mobile] › tests/smoke/won-wave1-parity.spec.ts:107:1 › default arrow style is visually identical to the pre-arrow_style look

  28 skipped
  276 passed (8.5m)
