(node:97805) [DEP0205] DeprecationWarning: `module.register()` is deprecated. Use `module.registerHooks()` instead.
(Use `node --trace-deprecation ...` to show where the warning was created)

Running 324 tests using 1 worker

(node:97806) [DEP0205] DeprecationWarning: `module.register()` is deprecated. Use `module.registerHooks()` instead.
(Use `node --trace-deprecation ...` to show where the warning was created)
  ✓    1 [desktop] › tests/smoke/customization-layer.spec.ts:11:1 › won sections are wired to the shared style-vars pipeline (1.1s)
  ✓    2 [desktop] › tests/smoke/customization-layer.spec.ts:24:1 › won-tokens.css consumes the universal border/shadow/radius vars (1.1s)
  ✓    3 [desktop] › tests/smoke/customization-layer.spec.ts:52:1 › won-tokens.css consumes the Tier 2 typography + motion vars (1.1s)
  ✓    4 [desktop] › tests/smoke/customization-layer.spec.ts:78:1 › per-section bg/text color override wins over the color scheme (1.1s)
  ✓    5 [desktop] › tests/smoke/customization-layer.spec.ts:98:1 › won-tokens.css consumes the Tier 3 advanced overrides (1.1s)
  ✓    6 [desktop] › tests/smoke/customization-layer.spec.ts:119:1 › editor coaching never leaks to the live storefront (1.8s)
  ✓    7 [desktop] › tests/smoke/customization-layer.spec.ts:131:1 › responsive visibility var hides the section at the active breakpoint (1.1s)
  ✓    8 [desktop] › tests/smoke/storefront.spec.ts:98:3 › home — health + responsive (1.1s)
  ✓    9 [desktop] › tests/smoke/storefront.spec.ts:98:3 › product — health + responsive (990ms)
  ✓   10 [desktop] › tests/smoke/storefront.spec.ts:98:3 › collection — health + responsive (947ms)
  ✓   11 [desktop] › tests/smoke/storefront.spec.ts:98:3 › cart — health + responsive (860ms)
  ✓   12 [desktop] › tests/smoke/storefront.spec.ts:98:3 › search — health + responsive (1.0s)
  -   13 [desktop] › tests/smoke/storefront.spec.ts:115:1 › sections — heading alignment matches body (no centered title over left content)
  ✓   14 [desktop] › tests/smoke/storefront.spec.ts:131:1 › FAQ split — image column sits beside the accordion (image left, questions right) (1.0s)
  ✓   15 [desktop] › tests/smoke/storefront.spec.ts:154:1 › won-panels FAQ — heading and questions always render (964ms)
  ✓   16 [desktop] › tests/smoke/storefront.spec.ts:164:1 › hero peek — centred card with side peeks on desktop (1.1s)
  ✓   17 [desktop] › tests/smoke/storefront.spec.ts:176:1 › band center-gutter — media flanks the centred copy on desktop (1.1s)
  ✓   18 [desktop] › tests/smoke/storefront.spec.ts:195:1 › tile badge — renders in the chosen corner (top-right) (1.0s)
  ✓   19 [desktop] › tests/smoke/storefront.spec.ts:207:1 › slide annotation — headline gets a hand-drawn accent doodle (1.3s)
  ✓   20 [desktop] › tests/smoke/storefront.spec.ts:219:1 › comparison — quality dots render (dots:N/M cell syntax) (1.0s)
  ✓   21 [desktop] › tests/smoke/storefront.spec.ts:230:1 › tile icon — emoji renders before the label (1.2s)
  ✓   22 [desktop] › tests/smoke/storefront.spec.ts:237:1 › slide gradient — a photo-free slide paints its CSS gradient background (1.2s)
  ✓   23 [desktop] › tests/smoke/storefront.spec.ts:245:1 › stats — optional icon renders on each stat (1.1s)
  ✓   24 [desktop] › tests/smoke/storefront.spec.ts:254:1 › shoppable image — hotspot pins reveal a product card on focus (918ms)
  ✓   25 [desktop] › tests/smoke/storefront.spec.ts:272:1 › shoppable image — a configured hotspot honours its separate mobile position (931ms)
  ✓   26 [desktop] › tests/smoke/storefront.spec.ts:299:1 › tabbed rail — segmented tabs toggle their product panels (1.1s)
  -   27 [desktop] › tests/smoke/storefront.spec.ts:318:1 › carousel dots — page pager renders, is clickable, and tracks position
  ✓   28 [desktop] › tests/smoke/storefront.spec.ts:337:1 › marquee — seamless loop is a duplicated, aria-hidden track (1.1s)
  -   29 [desktop] › tests/smoke/storefront.spec.ts:352:1 › home — block grids with mobile carousel become a real swipeable rail
  -   30 [desktop] › tests/smoke/storefront.spec.ts:372:1 › home — carousels honour their mobile mode
  ✓   31 [desktop] › tests/smoke/storefront.spec.ts:414:1 › marquee — track spans >= 2x the viewport so the loop never shows a blank gap (952ms)
  ✘   32 [desktop] › tests/smoke/storefront.spec.ts:436:1 › hero peek — a neighbour peeks in on BOTH sides at the initial rest position (1.1s)
(node:97863) [DEP0205] DeprecationWarning: `module.register()` is deprecated. Use `module.registerHooks()` instead.
(Use `node --trace-deprecation ...` to show where the warning was created)
  ✓   33 [desktop] › tests/smoke/storefront.spec.ts:467:1 › hero carousel — loops endlessly, arrows never dead-end (4.5s)
  -   34 [desktop] › tests/smoke/storefront.spec.ts:496:1 › won-carousel — mobile peek shows a neighbour on BOTH sides mid-scroll
  ✓   35 [desktop] › tests/smoke/storefront.spec.ts:539:1 › won-carousel marquee — the belt is duplicated and spans >= 2x the viewport (985ms)
  ✓   36 [desktop] › tests/smoke/storefront.spec.ts:569:1 › announcement bar — every message renders and the free-shipping progress is live (1.1s)
  ✓   37 [desktop] › tests/smoke/storefront.spec.ts:583:1 › announcement bar — rotate shows exactly one message at a time (motion on) (1.2s)
  ✓   38 [desktop] › tests/smoke/storefront.spec.ts:601:1 › sticky ATC — corner style floats as a small rounded card at the bottom-inline-end (1.0s)
  ✓   39 [desktop] › tests/smoke/storefront.spec.ts:630:1 › sticky ATC — center style floats as a centered pill, not full width (888ms)
  ✓   40 [desktop] › tests/smoke/storefront.spec.ts:653:1 › announcement bar — the close button dismisses it for the session (2.0s)
  ✓   41 [desktop] › tests/smoke/won-block-wrapper-selectors.spec.ts:46:1 › no CSS selector treats a theme block as a direct child (28ms)
  ✓   42 [desktop] › tests/smoke/won-card-cta-size.spec.ts:22:1 › every card quick-add variant renders at the same height (2.6s)
  ✓   43 [desktop] › tests/smoke/won-card-cta-size.spec.ts:74:1 › card quick-add variants share one shape in their label state (2.6s)
  ✓   44 [desktop] › tests/smoke/won-card-quick-add.spec.ts:20:1 › card declares its quick-add placement and reveal (1.2s)
  ✓   45 [desktop] › tests/smoke/won-card-quick-add.spec.ts:29:1 › quick-add control is reachable and correctly sized for touch (3.2s)
  ✓   46 [desktop] › tests/smoke/won-card-quick-add.spec.ts:45:1 › stepper quantity follows the cart (10.9s)
  ✓   47 [desktop] › tests/smoke/won-card-scale.spec.ts:58:1 › rail cards never outgrow the card ceiling (3.4s)
  ✓   48 [desktop] › tests/smoke/won-card-scale.spec.ts:68:1 › card title stays legible relative to the card it sits on (3.2s)
  ✓   49 [desktop] › tests/smoke/won-card-scale.spec.ts:81:1 › no dead zone: the 750px rail is not a single full-width column (3.3s)
  ✓   50 [desktop] › tests/smoke/won-carousel-arrows.spec.ts:8:1 › carousel arrows are visible only when the rail overflows (1.4s)
  ✓   51 [desktop] › tests/smoke/won-carousel-controls.spec.ts:19:1 › carousel pager controls render (and never show a dead/empty bar) (1.7s)
  ✓   52 [desktop] › tests/smoke/won-category-labels.spec.ts:15:3 › composed cs.schema.json has no duplicate picker category labels (2ms)
  ✓   53 [desktop] › tests/smoke/won-category-labels.spec.ts:15:3 › composed en.default.schema.json has no duplicate picker category labels (2ms)
  ✓   54 [desktop] › tests/smoke/won-countup-reachable.spec.ts:59:1 › every global theme setting is read by a section a merchant can insert (24ms)
  ✓   55 [desktop] › tests/smoke/won-countup.spec.ts:18:1 › won-stats opts into count-up: data attr, script tag, settings (1ms)
  ✓   56 [desktop] › tests/smoke/won-countup.spec.ts:32:1 › global animation fragment + compose step exist (2ms)
  ✓   57 [desktop] › tests/smoke/won-countup.spec.ts:60:1 › parser keeps prefix/suffix and format; refuses ambiguous values (4ms)
  ✓   58 [desktop] › tests/smoke/won-countup.spec.ts:98:1 › formatValue restores exact final text at the end of the run (0ms)
  ✓   59 [desktop] › tests/smoke/won-cta-effects.spec.ts:33:1 › every won CTA opts into the shared effect layer (3.3s)
  ✓   60 [desktop] › tests/smoke/won-cta-effects.spec.ts:60:1 › the whole theme resolves ONE effect per family (3.5s)
  ✓   61 [desktop] › tests/smoke/won-cta-effects.spec.ts:88:1 › card quick-add visibly reacts to hover (6.0s)
  ✓   62 [desktop] › tests/smoke/won-cta-effects.spec.ts:119:1 › sheen is a real animation when the theme asks for it (5.8s)
  ✓   63 [desktop] › tests/smoke/won-cta-effects.spec.ts:144:1 › effects stand down under prefers-reduced-motion (5.5s)
  ✓   64 [desktop] › tests/smoke/won-cta-invariants.spec.ts:35:1 › no won CTA hardcodes target="_blank" — new-tab is always gated (10ms)
  ✓   65 [desktop] › tests/smoke/won-cta-invariants.spec.ts:49:1 › rewired sections render CTAs via won-button, not inline won-btn markup (5ms)
  ✓   66 [desktop] › tests/smoke/won-cta-invariants.spec.ts:59:1 › every won-carousel preset needing blocks ships them (no empty section on insert) (1ms)
  ✓   67 [desktop] › tests/smoke/won-faq-schema.spec.ts:14:1 › won-faq-schema snippet: FAQPage, honesty guard, safe escaping, doc (1ms)
  ✓   68 [desktop] › tests/smoke/won-faq-schema.spec.ts:29:1 › both FAQ row blocks self-emit the schema, gated by the section toggle (1ms)
  ✓   69 [desktop] › tests/smoke/won-faq-schema.spec.ts:46:1 › smart defaults: accordion ON, panels OFF (0ms)
  ✓   70 [desktop] › tests/smoke/won-feedback-8.spec.ts:50:1 › rail progress bar and arrows share one control row (3.4s)
  ✓   71 [desktop] › tests/smoke/won-feedback-8.spec.ts:93:1 › quick add updates the header cart count (8.0s)
  ✓   72 [desktop] › tests/smoke/won-feedback-8.spec.ts:122:1 › card quick-add renders a stepper once the line exists (12.0s)
  ✓   73 [desktop] › tests/smoke/won-feedback-8.spec.ts:172:1 › won-feature rows align their body text across the row (13.0s)
  ✓   74 [desktop] › tests/smoke/won-feedback-8.spec.ts:221:1 › PDP main media shows the whole packshot with breathing room (2.0s)
  ✓   75 [desktop] › tests/smoke/won-feedback-8.spec.ts:252:1 › PDP puts the product description under the price, and ships no highlights block (1ms)
  ✓   76 [desktop] › tests/smoke/won-hidden-natives.spec.ts:14:3 › product-list is hidden from the section picker but still renders (0ms)
  ✓   77 [desktop] › tests/smoke/won-hidden-natives.spec.ts:14:3 › featured-blog-posts is hidden from the section picker but still renders (0ms)
  ✓   78 [desktop] › tests/smoke/won-hidden-natives.spec.ts:35:3 › quick-order-list stays visible in the picker (1ms)
  ✓   79 [desktop] › tests/smoke/won-hidden-natives.spec.ts:35:3 › featured-product stays visible in the picker (0ms)
  ✓   80 [desktop] › tests/smoke/won-hidden-natives.spec.ts:35:3 › featured-product-information stays visible in the picker (0ms)
  ✓   81 [desktop] › tests/smoke/won-hidden-natives.spec.ts:35:3 › custom-liquid stays visible in the picker (0ms)
  ✓   82 [desktop] › tests/smoke/won-hidden-natives.spec.ts:35:3 › divider stays visible in the picker (0ms)
  ✓   83 [desktop] › tests/smoke/won-no-raw-liquid.spec.ts:24:5 › no raw Liquid in the rendered page › / renders no Liquid delimiters (1.2s)
  ✓   84 [desktop] › tests/smoke/won-no-raw-liquid.spec.ts:24:5 › no raw Liquid in the rendered page › /collections/automated-collection renders no Liquid delimiters (1.2s)
  ✓   85 [desktop] › tests/smoke/won-no-raw-liquid.spec.ts:24:5 › no raw Liquid in the rendered page › /pages/contact renders no Liquid delimiters (1.0s)
  ✓   86 [desktop] › tests/smoke/won-pdp-composition.spec.ts:20:1 › data blocks inside a band fill their content column (1.6s)
  ✓   87 [desktop] › tests/smoke/won-pdp-composition.spec.ts:46:1 › the product title is the largest heading on the PDP (1.6s)
  ✓   88 [desktop] › tests/smoke/won-pdp-composition.spec.ts:68:1 › no schema placeholder copy leaks onto the storefront (1.6s)
  ✓   89 [desktop] › tests/smoke/won-pdp-composition.spec.ts:78:1 › a data block with no rows renders no orphan heading (1.8s)
  ✓   90 [desktop] › tests/smoke/won-pdp-composition.spec.ts:96:1 › product media is never smaller than the buy box column (5.5s)
  ✓   91 [desktop] › tests/smoke/won-pdp-composition.spec.ts:132:1 › the sticky bar repeats the buy box CTA, it does not restyle it (2.8s)
  ✓   92 [desktop] › tests/smoke/won-product-schema.spec.ts:15:1 › won-product-schema snippet: Product + additionalProperty, canonical @id, guard, escaping (2ms)
  ✓   93 [desktop] › tests/smoke/won-product-schema.spec.ts:34:1 › spec + nutrition tables self-emit with the right separator, gated by toggle (0ms)
  ✓   94 [desktop] › tests/smoke/won-product-schema.spec.ts:44:1 › emit_schema toggle present and ON by default on both blocks (0ms)
  ✓   95 [desktop] › tests/smoke/won-product-trust.spec.ts:12:1 › won-product-trust block reuses the shared snippets (no duplicated logic) (1ms)
  ✓   96 [desktop] › tests/smoke/won-product-trust.spec.ts:26:1 › name locale key resolves in both languages (1ms)
  ✓   97 [desktop] › tests/smoke/won-publish-global-settings.spec.ts:45:1 › publish seeds new won globals into an existing settings_data, without overwriting merchant values (199ms)
  ✓   98 [desktop] › tests/smoke/won-rail-affordance.spec.ts:87:5 › rails on / @390px expose controls exactly when they overflow (3.3s)
  ✓   99 [desktop] › tests/smoke/won-rail-affordance.spec.ts:87:5 › rails on / @700px expose controls exactly when they overflow (3.4s)
  ✓  100 [desktop] › tests/smoke/won-rail-affordance.spec.ts:87:5 › rails on / @1440px expose controls exactly when they overflow (3.5s)
  -  101 [desktop] › tests/smoke/won-rail-affordance.spec.ts:87:5 › rails on /collections/automated-collection @390px expose controls exactly when they overflow
  -  102 [desktop] › tests/smoke/won-rail-affordance.spec.ts:87:5 › rails on /collections/automated-collection @700px expose controls exactly when they overflow
  -  103 [desktop] › tests/smoke/won-rail-affordance.spec.ts:87:5 › rails on /collections/automated-collection @1440px expose controls exactly when they overflow
  ✓  104 [desktop] › tests/smoke/won-rail-affordance.spec.ts:111:1 › every arrow pair actually scrolls its rail (7.0s)
  ✓  105 [desktop] › tests/smoke/won-rail-arrow-contrast.spec.ts:43:1 › rail arrows on the page meet AA contrast in every tone (2.7s)
  ✓  106 [desktop] › tests/smoke/won-rail-arrow-contrast.spec.ts:133:1 › a rail arrow with no plate carries a text shadow over media (2.7s)
  ✓  107 [desktop] › tests/smoke/won-rail-arrow-contrast.spec.ts:191:1 › rail chrome never covers an interactive element (3.4s)
  ✓  108 [desktop] › tests/smoke/won-rail-arrow-contrast.spec.ts:247:1 › rail chrome sits below the rail it belongs to, never on top of it (3.4s)
  ✓  109 [desktop] › tests/smoke/won-rail-arrow-contrast.spec.ts:281:1 › no rail ships a second, overlay-style chrome variant (40ms)
  ✓  110 [desktop] › tests/smoke/won-rail-consistency.spec.ts:101:1 › arrow shape and size are identical on every rail (3.3s)
  -  111 [desktop] › tests/smoke/won-rail-consistency.spec.ts:111:1 › arrow colour is uniform unless the theme leaves it on auto
  ✓  112 [desktop] › tests/smoke/won-rail-consistency.spec.ts:126:1 › every scrolling rail uses the indicator the theme asked for (3.5s)
  ✓  113 [desktop] › tests/smoke/won-rail-indicator-modes.spec.ts:32:1 › the composed theme has rails to audit (2ms)
  ✓  114 [desktop] › tests/smoke/won-rail-indicator-modes.spec.ts:36:1 › every rail can render every indicator the theme-wide setting offers (2ms)
  ✓  115 [desktop] › tests/smoke/won-rail-indicator-modes.spec.ts:67:1 › no rail hand-rolls the indicator resolution any more (1ms)
  ✓  116 [desktop] › tests/smoke/won-rail-indicator-modes.spec.ts:83:1 › the shared controls snippet handles all four indicator values (4ms)
  ✓  117 [desktop] › tests/smoke/won-rail-indicator-scale.spec.ts:22:1 › the scroll indicator spans the free width of its control row (3.6s)
  ✓  118 [desktop] › tests/smoke/won-rail-indicator-scale.spec.ts:64:1 › the indicator thumb is proportional to how much is on screen (3.3s)
  ✓  119 [desktop] › tests/smoke/won-rail-indicator-scale.spec.ts:99:1 › stepping the quantity replays the sheen (11.9s)
  ✓  120 [desktop] › tests/smoke/won-rail-loop.spec.ts:56:1 › a looping rail wraps to the start instead of dead-ending (6.5s)
  ✓  121 [desktop] › tests/smoke/won-rail-loop.spec.ts:83:1 › a looping rail wraps backwards from the start to the end (4.0s)
  ✓  122 [desktop] › tests/smoke/won-rail-loop.spec.ts:98:1 › a looping rail clones nothing — every slide on the rail is a real one (2.5s)
  ✓  123 [desktop] › tests/smoke/won-rail-loop.spec.ts:108:1 › a looping rail keeps its progress bar (2.3s)
  ✓  124 [desktop] › tests/smoke/won-rail-loop.spec.ts:126:1 › slides next to the one on screen have their media requested already (2.5s)
  ✓  125 [desktop] › tests/smoke/won-schema-integrity.spec.ts:64:1 › every t: key a won schema uses exists in BOTH locales (11ms)
  ✓  126 [desktop] › tests/smoke/won-schema-integrity.spec.ts:89:1 › every visible_if names a setting that exists in the same schema (5ms)
  ✓  127 [desktop] › tests/smoke/won-schema-integrity.spec.ts:108:1 › every range default is a real step in its own range (4ms)
  ✓  128 [desktop] › tests/smoke/won-schema-integrity.spec.ts:183:1 › the predicate actually bites (red-proof) (1ms)
  ✓  129 [desktop] › tests/smoke/won-schema-integrity.spec.ts:208:1 › every preset renders something with zero configuration (5ms)
  ✓  130 [desktop] › tests/smoke/won-schema-phases.spec.ts:16:1 › F3 AggregateRating: won-rating emits schema only on the PDP, gated (1ms)
  ✓  131 [desktop] › tests/smoke/won-schema-phases.spec.ts:28:1 › F4 MerchantReturnPolicy: snippet + global settings + PDP wiring (2ms)
  ✓  132 [desktop] › tests/smoke/won-schema-phases.spec.ts:50:1 › F5 HowTo: won-howto-schema from won-dosage, gated (1ms)
  ✓  133 [desktop] › tests/smoke/won-schema-phases.spec.ts:62:1 › F6 comparison: yes/no cells carry a text equivalent for extraction (0ms)
  ✓  134 [desktop] › tests/smoke/won-schema-phases.spec.ts:70:1 › F7 site schema: WebSite + SearchAction, homepage only, wired in <head> (0ms)
  ✓  135 [desktop] › tests/smoke/won-schema-phases.spec.ts:80:1 › F8 trust bridge: won-trust reads won.* metafields → badge + additionalProperty, gated (1ms)
  ✓  136 [desktop] › tests/smoke/won-settings-coverage.spec.ts:104:1 › every won-* section setting (and child-block setting) is wired to the theme source (9ms)
  -  137 [desktop] › tests/smoke/won-settings-fixes.spec.ts:17:1 › won-band: content align actually moves the button row, not just text
  ✓  138 [desktop] › tests/smoke/won-settings-fixes.spec.ts:56:1 › won-slide: min height applies to a plain (non-overlayed) slide body (1.2s)
  ✓  139 [desktop] › tests/smoke/won-settings-fixes.spec.ts:77:1 › won-tabbed-rail: desktop heading size is consumed at >= 750px (1.6s)
  ✓  140 [desktop] › tests/smoke/won-slide-art-direction.spec.ts:36:3 › won-slide art direction › slide media fills its box (no gap under an art-directed image) (1.2s)
  ✓  141 [desktop] › tests/smoke/won-slide-art-direction.spec.ts:57:3 › won-slide art direction › below 750px the packaged mobile asset is the one served (1.1s)
  ✓  142 [desktop] › tests/smoke/won-unified-behavior.spec.ts:16:1 › Visibility toggles hide the section at the correct breakpoint (1.5s)
  ✓  143 [desktop] › tests/smoke/won-unified-behavior.spec.ts:49:1 › Mode select drives a render class on the carousel (1.1s)
  ✘  144 [desktop] › tests/smoke/won-unified-behavior.spec.ts:58:1 › Infinite-scroll setting clones bookends only where its scope applies (16.2s)
(node:98141) [DEP0205] DeprecationWarning: `module.register()` is deprecated. Use `module.registerHooks()` instead.
(Use `node --trace-deprecation ...` to show where the warning was created)
  ✓  145 [desktop] › tests/smoke/won-unified-schema.spec.ts:58:1 › composed theme has sections to audit (1ms)
  ✓  146 [desktop] › tests/smoke/won-unified-schema.spec.ts:62:1 › every won section orders its group headers canonically (1ms)
  ✓  147 [desktop] › tests/smoke/won-unified-schema.spec.ts:76:1 › Visibility, when present, is the first group (after an optional About paragraph) (0ms)
  ✓  148 [desktop] › tests/smoke/won-unified-schema.spec.ts:93:1 › a Mode group leads with an always-visible behavior select (0ms)
  ✓  149 [desktop] › tests/smoke/won-unified-schema.spec.ts:107:1 › hide_mobile / hide_desktop live only under the Visibility group (0ms)
  ✓  150 [desktop] › tests/smoke/won-unified-schema.spec.ts:134:1 › every range setting spans 3–101 steps with an on-grid default (2ms)
  ✓  151 [desktop] › tests/smoke/won-unified-schema.spec.ts:155:1 › no render tag passes a filtered argument (1ms)
  ✓  152 [desktop] › tests/smoke/won-unit-price-honesty.spec.ts:79:1 › the printed unit price tracks the quantity on the variant axis (21.6s)
  ✓  153 [desktop] › tests/smoke/won-unit-price-honesty.spec.ts:148:1 › only one file computes a unit price (13ms)
  ✓  154 [desktop] › tests/smoke/won-unit-price-honesty.spec.ts:161:1 › no consumer ships a fabricated reference amount as a default (14ms)
  ✓  155 [desktop] › tests/smoke/won-unit-price-honesty.spec.ts:227:1 › the unit-price ladder is one global, merchant-editable setting (6ms)
  ✓  156 [desktop] › tests/smoke/won-unit-price-honesty.spec.ts:247:1 › no file hardcodes a reference metafield or unit (15ms)
  ✓  157 [desktop] › tests/smoke/won-unit-price-honesty.spec.ts:276:1 › every unit label on the storefront comes from the declared ladder (11.8s)
  -  158 [desktop] › tests/smoke/won-wave1-parity.spec.ts:14:1 › grid carousel with mobile_carousel scrolls horizontally on mobile
  -  159 [desktop] › tests/smoke/won-wave1-parity.spec.ts:32:1 › grid carousel without mobile_carousel stays a stacked grid on mobile
  ✓  160 [desktop] › tests/smoke/won-wave1-parity.spec.ts:45:1 › carousel arrows carry their style modifier class (2.3s)
  ✓  161 [desktop] › tests/smoke/won-wave1-parity.spec.ts:56:1 › article cards render author and reading time when enabled (2.3s)
  ✓  162 [desktop] › tests/smoke/won-wave1-parity.spec.ts:107:1 › default arrow style is visually identical to the pre-arrow_style look (1.4s)
(node:98237) [DEP0205] DeprecationWarning: `module.register()` is deprecated. Use `module.registerHooks()` instead.
(Use `node --trace-deprecation ...` to show where the warning was created)
  ✓  163 [mobile] › tests/smoke/customization-layer.spec.ts:11:1 › won sections are wired to the shared style-vars pipeline (1.3s)
  ✘  164 [mobile] › tests/smoke/customization-layer.spec.ts:24:1 › won-tokens.css consumes the universal border/shadow/radius vars (1.0m)
(node:98278) [DEP0205] DeprecationWarning: `module.register()` is deprecated. Use `module.registerHooks()` instead.
(Use `node --trace-deprecation ...` to show where the warning was created)
  ✓  165 [mobile] › tests/smoke/customization-layer.spec.ts:52:1 › won-tokens.css consumes the Tier 2 typography + motion vars (1.1s)
  ✓  166 [mobile] › tests/smoke/customization-layer.spec.ts:78:1 › per-section bg/text color override wins over the color scheme (977ms)
  ✓  167 [mobile] › tests/smoke/customization-layer.spec.ts:98:1 › won-tokens.css consumes the Tier 3 advanced overrides (1.1s)
  ✓  168 [mobile] › tests/smoke/customization-layer.spec.ts:119:1 › editor coaching never leaks to the live storefront (2.5s)
  ✓  169 [mobile] › tests/smoke/customization-layer.spec.ts:131:1 › responsive visibility var hides the section at the active breakpoint (1.5s)
  ✓  170 [mobile] › tests/smoke/storefront.spec.ts:98:3 › home — health + responsive (840ms)
  ✘  171 [mobile] › tests/smoke/storefront.spec.ts:98:3 › product — health + responsive (1.8s)
(node:98296) [DEP0205] DeprecationWarning: `module.register()` is deprecated. Use `module.registerHooks()` instead.
(Use `node --trace-deprecation ...` to show where the warning was created)
  ✓  172 [mobile] › tests/smoke/storefront.spec.ts:98:3 › collection — health + responsive (828ms)
  ✓  173 [mobile] › tests/smoke/storefront.spec.ts:98:3 › cart — health + responsive (676ms)
  ✓  174 [mobile] › tests/smoke/storefront.spec.ts:98:3 › search — health + responsive (1.0s)
  ✓  175 [mobile] › tests/smoke/storefront.spec.ts:115:1 › sections — heading alignment matches body (no centered title over left content) (1.1s)
  -  176 [mobile] › tests/smoke/storefront.spec.ts:131:1 › FAQ split — image column sits beside the accordion (image left, questions right)
  ✓  177 [mobile] › tests/smoke/storefront.spec.ts:154:1 › won-panels FAQ — heading and questions always render (884ms)
  -  178 [mobile] › tests/smoke/storefront.spec.ts:164:1 › hero peek — centred card with side peeks on desktop
  -  179 [mobile] › tests/smoke/storefront.spec.ts:176:1 › band center-gutter — media flanks the centred copy on desktop
  ✓  180 [mobile] › tests/smoke/storefront.spec.ts:195:1 › tile badge — renders in the chosen corner (top-right) (949ms)
  ✓  181 [mobile] › tests/smoke/storefront.spec.ts:207:1 › slide annotation — headline gets a hand-drawn accent doodle (987ms)
  ✓  182 [mobile] › tests/smoke/storefront.spec.ts:219:1 › comparison — quality dots render (dots:N/M cell syntax) (864ms)
  ✓  183 [mobile] › tests/smoke/storefront.spec.ts:230:1 › tile icon — emoji renders before the label (857ms)
  ✓  184 [mobile] › tests/smoke/storefront.spec.ts:237:1 › slide gradient — a photo-free slide paints its CSS gradient background (910ms)
  ✓  185 [mobile] › tests/smoke/storefront.spec.ts:245:1 › stats — optional icon renders on each stat (964ms)
  ✓  186 [mobile] › tests/smoke/storefront.spec.ts:254:1 › shoppable image — hotspot pins reveal a product card on focus (926ms)
  ✓  187 [mobile] › tests/smoke/storefront.spec.ts:272:1 › shoppable image — a configured hotspot honours its separate mobile position (863ms)
  ✓  188 [mobile] › tests/smoke/storefront.spec.ts:299:1 › tabbed rail — segmented tabs toggle their product panels (982ms)
  -  189 [mobile] › tests/smoke/storefront.spec.ts:318:1 › carousel dots — page pager renders, is clickable, and tracks position
  ✓  190 [mobile] › tests/smoke/storefront.spec.ts:337:1 › marquee — seamless loop is a duplicated, aria-hidden track (930ms)
  ✓  191 [mobile] › tests/smoke/storefront.spec.ts:352:1 › home — block grids with mobile carousel become a real swipeable rail (935ms)
  ✓  192 [mobile] › tests/smoke/storefront.spec.ts:372:1 › home — carousels honour their mobile mode (1.2s)
  -  193 [mobile] › tests/smoke/storefront.spec.ts:414:1 › marquee — track spans >= 2x the viewport so the loop never shows a blank gap
  -  194 [mobile] › tests/smoke/storefront.spec.ts:436:1 › hero peek — a neighbour peeks in on BOTH sides at the initial rest position
  -  195 [mobile] › tests/smoke/storefront.spec.ts:467:1 › hero carousel — loops endlessly, arrows never dead-end
  ✓  196 [mobile] › tests/smoke/storefront.spec.ts:496:1 › won-carousel — mobile peek shows a neighbour on BOTH sides mid-scroll (1.2s)
  -  197 [mobile] › tests/smoke/storefront.spec.ts:539:1 › won-carousel marquee — the belt is duplicated and spans >= 2x the viewport
  ✓  198 [mobile] › tests/smoke/storefront.spec.ts:569:1 › announcement bar — every message renders and the free-shipping progress is live (899ms)
  ✓  199 [mobile] › tests/smoke/storefront.spec.ts:583:1 › announcement bar — rotate shows exactly one message at a time (motion on) (1.1s)
  ✓  200 [mobile] › tests/smoke/storefront.spec.ts:601:1 › sticky ATC — corner style floats as a small rounded card at the bottom-inline-end (784ms)
  ✓  201 [mobile] › tests/smoke/storefront.spec.ts:630:1 › sticky ATC — center style floats as a centered pill, not full width (813ms)
  ✓  202 [mobile] › tests/smoke/storefront.spec.ts:653:1 › announcement bar — the close button dismisses it for the session (1.6s)
  ✓  203 [mobile] › tests/smoke/won-block-wrapper-selectors.spec.ts:46:1 › no CSS selector treats a theme block as a direct child (16ms)
  ✓  204 [mobile] › tests/smoke/won-card-cta-size.spec.ts:22:1 › every card quick-add variant renders at the same height (2.5s)
  ✓  205 [mobile] › tests/smoke/won-card-cta-size.spec.ts:74:1 › card quick-add variants share one shape in their label state (2.6s)
  ✓  206 [mobile] › tests/smoke/won-card-quick-add.spec.ts:20:1 › card declares its quick-add placement and reveal (1.1s)
  ✓  207 [mobile] › tests/smoke/won-card-quick-add.spec.ts:29:1 › quick-add control is reachable and correctly sized for touch (2.9s)
  ✓  208 [mobile] › tests/smoke/won-card-quick-add.spec.ts:45:1 › stepper quantity follows the cart (10.6s)
  ✓  209 [mobile] › tests/smoke/won-card-scale.spec.ts:58:1 › rail cards never outgrow the card ceiling (3.3s)
  ✓  210 [mobile] › tests/smoke/won-card-scale.spec.ts:68:1 › card title stays legible relative to the card it sits on (3.3s)
  ✓  211 [mobile] › tests/smoke/won-card-scale.spec.ts:81:1 › no dead zone: the 750px rail is not a single full-width column (3.3s)
  ✓  212 [mobile] › tests/smoke/won-carousel-arrows.spec.ts:8:1 › carousel arrows are visible only when the rail overflows (1.2s)
  ✓  213 [mobile] › tests/smoke/won-carousel-controls.spec.ts:19:1 › carousel pager controls render (and never show a dead/empty bar) (1.6s)
  ✓  214 [mobile] › tests/smoke/won-category-labels.spec.ts:15:3 › composed cs.schema.json has no duplicate picker category labels (3ms)
  ✓  215 [mobile] › tests/smoke/won-category-labels.spec.ts:15:3 › composed en.default.schema.json has no duplicate picker category labels (2ms)
  ✓  216 [mobile] › tests/smoke/won-countup-reachable.spec.ts:59:1 › every global theme setting is read by a section a merchant can insert (24ms)
  ✓  217 [mobile] › tests/smoke/won-countup.spec.ts:18:1 › won-stats opts into count-up: data attr, script tag, settings (2ms)
  ✓  218 [mobile] › tests/smoke/won-countup.spec.ts:32:1 › global animation fragment + compose step exist (2ms)
  ✓  219 [mobile] › tests/smoke/won-countup.spec.ts:60:1 › parser keeps prefix/suffix and format; refuses ambiguous values (8ms)
  ✓  220 [mobile] › tests/smoke/won-countup.spec.ts:98:1 › formatValue restores exact final text at the end of the run (5ms)
  ✓  221 [mobile] › tests/smoke/won-cta-effects.spec.ts:33:1 › every won CTA opts into the shared effect layer (3.4s)
  ✓  222 [mobile] › tests/smoke/won-cta-effects.spec.ts:60:1 › the whole theme resolves ONE effect per family (3.3s)
  ✓  223 [mobile] › tests/smoke/won-cta-effects.spec.ts:88:1 › card quick-add visibly reacts to hover (6.1s)
  ✓  224 [mobile] › tests/smoke/won-cta-effects.spec.ts:119:1 › sheen is a real animation when the theme asks for it (5.6s)
  ✓  225 [mobile] › tests/smoke/won-cta-effects.spec.ts:144:1 › effects stand down under prefers-reduced-motion (5.6s)
  ✓  226 [mobile] › tests/smoke/won-cta-invariants.spec.ts:35:1 › no won CTA hardcodes target="_blank" — new-tab is always gated (13ms)
  ✓  227 [mobile] › tests/smoke/won-cta-invariants.spec.ts:49:1 › rewired sections render CTAs via won-button, not inline won-btn markup (4ms)
  ✓  228 [mobile] › tests/smoke/won-cta-invariants.spec.ts:59:1 › every won-carousel preset needing blocks ships them (no empty section on insert) (2ms)
  ✓  229 [mobile] › tests/smoke/won-faq-schema.spec.ts:14:1 › won-faq-schema snippet: FAQPage, honesty guard, safe escaping, doc (3ms)
  ✓  230 [mobile] › tests/smoke/won-faq-schema.spec.ts:29:1 › both FAQ row blocks self-emit the schema, gated by the section toggle (3ms)
  ✓  231 [mobile] › tests/smoke/won-faq-schema.spec.ts:46:1 › smart defaults: accordion ON, panels OFF (2ms)
  ✓  232 [mobile] › tests/smoke/won-feedback-8.spec.ts:50:1 › rail progress bar and arrows share one control row (3.5s)
  ✓  233 [mobile] › tests/smoke/won-feedback-8.spec.ts:93:1 › quick add updates the header cart count (8.2s)
  ✓  234 [mobile] › tests/smoke/won-feedback-8.spec.ts:122:1 › card quick-add renders a stepper once the line exists (12.0s)
  ✓  235 [mobile] › tests/smoke/won-feedback-8.spec.ts:172:1 › won-feature rows align their body text across the row (13.3s)
  ✓  236 [mobile] › tests/smoke/won-feedback-8.spec.ts:221:1 › PDP main media shows the whole packshot with breathing room (2.4s)
  ✓  237 [mobile] › tests/smoke/won-feedback-8.spec.ts:252:1 › PDP puts the product description under the price, and ships no highlights block (3ms)
  ✓  238 [mobile] › tests/smoke/won-hidden-natives.spec.ts:14:3 › product-list is hidden from the section picker but still renders (2ms)
  ✓  239 [mobile] › tests/smoke/won-hidden-natives.spec.ts:14:3 › featured-blog-posts is hidden from the section picker but still renders (1ms)
  ✓  240 [mobile] › tests/smoke/won-hidden-natives.spec.ts:35:3 › quick-order-list stays visible in the picker (1ms)
  ✓  241 [mobile] › tests/smoke/won-hidden-natives.spec.ts:35:3 › featured-product stays visible in the picker (1ms)
  ✓  242 [mobile] › tests/smoke/won-hidden-natives.spec.ts:35:3 › featured-product-information stays visible in the picker (1ms)
  ✓  243 [mobile] › tests/smoke/won-hidden-natives.spec.ts:35:3 › custom-liquid stays visible in the picker (1ms)
  ✓  244 [mobile] › tests/smoke/won-hidden-natives.spec.ts:35:3 › divider stays visible in the picker (1ms)
  ✓  245 [mobile] › tests/smoke/won-no-raw-liquid.spec.ts:24:5 › no raw Liquid in the rendered page › / renders no Liquid delimiters (1.2s)
  ✓  246 [mobile] › tests/smoke/won-no-raw-liquid.spec.ts:24:5 › no raw Liquid in the rendered page › /collections/automated-collection renders no Liquid delimiters (1.1s)
  ✓  247 [mobile] › tests/smoke/won-no-raw-liquid.spec.ts:24:5 › no raw Liquid in the rendered page › /pages/contact renders no Liquid delimiters (1.0s)
  ✓  248 [mobile] › tests/smoke/won-pdp-composition.spec.ts:20:1 › data blocks inside a band fill their content column (1.7s)
  ✓  249 [mobile] › tests/smoke/won-pdp-composition.spec.ts:46:1 › the product title is the largest heading on the PDP (1.6s)
  ✓  250 [mobile] › tests/smoke/won-pdp-composition.spec.ts:68:1 › no schema placeholder copy leaks onto the storefront (1.8s)
  ✓  251 [mobile] › tests/smoke/won-pdp-composition.spec.ts:78:1 › a data block with no rows renders no orphan heading (1.7s)
  ✓  252 [mobile] › tests/smoke/won-pdp-composition.spec.ts:96:1 › product media is never smaller than the buy box column (5.6s)
  ✓  253 [mobile] › tests/smoke/won-pdp-composition.spec.ts:132:1 › the sticky bar repeats the buy box CTA, it does not restyle it (2.8s)
  ✓  254 [mobile] › tests/smoke/won-product-schema.spec.ts:15:1 › won-product-schema snippet: Product + additionalProperty, canonical @id, guard, escaping (2ms)
  ✓  255 [mobile] › tests/smoke/won-product-schema.spec.ts:34:1 › spec + nutrition tables self-emit with the right separator, gated by toggle (1ms)
  ✓  256 [mobile] › tests/smoke/won-product-schema.spec.ts:44:1 › emit_schema toggle present and ON by default on both blocks (0ms)
  ✓  257 [mobile] › tests/smoke/won-product-trust.spec.ts:12:1 › won-product-trust block reuses the shared snippets (no duplicated logic) (1ms)
  ✓  258 [mobile] › tests/smoke/won-product-trust.spec.ts:26:1 › name locale key resolves in both languages (1ms)
  ✓  259 [mobile] › tests/smoke/won-publish-global-settings.spec.ts:45:1 › publish seeds new won globals into an existing settings_data, without overwriting merchant values (188ms)
  ✓  260 [mobile] › tests/smoke/won-rail-affordance.spec.ts:87:5 › rails on / @390px expose controls exactly when they overflow (3.5s)
  ✓  261 [mobile] › tests/smoke/won-rail-affordance.spec.ts:87:5 › rails on / @700px expose controls exactly when they overflow (3.3s)
  ✓  262 [mobile] › tests/smoke/won-rail-affordance.spec.ts:87:5 › rails on / @1440px expose controls exactly when they overflow (3.3s)
  -  263 [mobile] › tests/smoke/won-rail-affordance.spec.ts:87:5 › rails on /collections/automated-collection @390px expose controls exactly when they overflow
  -  264 [mobile] › tests/smoke/won-rail-affordance.spec.ts:87:5 › rails on /collections/automated-collection @700px expose controls exactly when they overflow
  -  265 [mobile] › tests/smoke/won-rail-affordance.spec.ts:87:5 › rails on /collections/automated-collection @1440px expose controls exactly when they overflow
  ✓  266 [mobile] › tests/smoke/won-rail-affordance.spec.ts:111:1 › every arrow pair actually scrolls its rail (10.2s)
  ✓  267 [mobile] › tests/smoke/won-rail-arrow-contrast.spec.ts:43:1 › rail arrows on the page meet AA contrast in every tone (2.8s)
  ✓  268 [mobile] › tests/smoke/won-rail-arrow-contrast.spec.ts:133:1 › a rail arrow with no plate carries a text shadow over media (2.9s)
  ✓  269 [mobile] › tests/smoke/won-rail-arrow-contrast.spec.ts:191:1 › rail chrome never covers an interactive element (3.1s)
  ✓  270 [mobile] › tests/smoke/won-rail-arrow-contrast.spec.ts:247:1 › rail chrome sits below the rail it belongs to, never on top of it (3.3s)
  ✓  271 [mobile] › tests/smoke/won-rail-arrow-contrast.spec.ts:281:1 › no rail ships a second, overlay-style chrome variant (14ms)
  ✓  272 [mobile] › tests/smoke/won-rail-consistency.spec.ts:101:1 › arrow shape and size are identical on every rail (3.4s)
  -  273 [mobile] › tests/smoke/won-rail-consistency.spec.ts:111:1 › arrow colour is uniform unless the theme leaves it on auto
  ✓  274 [mobile] › tests/smoke/won-rail-consistency.spec.ts:126:1 › every scrolling rail uses the indicator the theme asked for (3.4s)
  ✓  275 [mobile] › tests/smoke/won-rail-indicator-modes.spec.ts:32:1 › the composed theme has rails to audit (2ms)
  ✓  276 [mobile] › tests/smoke/won-rail-indicator-modes.spec.ts:36:1 › every rail can render every indicator the theme-wide setting offers (2ms)
  ✓  277 [mobile] › tests/smoke/won-rail-indicator-modes.spec.ts:67:1 › no rail hand-rolls the indicator resolution any more (2ms)
  ✓  278 [mobile] › tests/smoke/won-rail-indicator-modes.spec.ts:83:1 › the shared controls snippet handles all four indicator values (3ms)
  ✓  279 [mobile] › tests/smoke/won-rail-indicator-scale.spec.ts:22:1 › the scroll indicator spans the free width of its control row (3.4s)
  ✓  280 [mobile] › tests/smoke/won-rail-indicator-scale.spec.ts:64:1 › the indicator thumb is proportional to how much is on screen (3.3s)
  ✓  281 [mobile] › tests/smoke/won-rail-indicator-scale.spec.ts:99:1 › stepping the quantity replays the sheen (11.6s)
  ✓  282 [mobile] › tests/smoke/won-rail-loop.spec.ts:56:1 › a looping rail wraps to the start instead of dead-ending (6.5s)
  ✓  283 [mobile] › tests/smoke/won-rail-loop.spec.ts:83:1 › a looping rail wraps backwards from the start to the end (3.6s)
  ✓  284 [mobile] › tests/smoke/won-rail-loop.spec.ts:98:1 › a looping rail clones nothing — every slide on the rail is a real one (2.4s)
  ✓  285 [mobile] › tests/smoke/won-rail-loop.spec.ts:108:1 › a looping rail keeps its progress bar (2.3s)
  ✓  286 [mobile] › tests/smoke/won-rail-loop.spec.ts:126:1 › slides next to the one on screen have their media requested already (2.4s)
  ✓  287 [mobile] › tests/smoke/won-schema-integrity.spec.ts:64:1 › every t: key a won schema uses exists in BOTH locales (22ms)
  ✓  288 [mobile] › tests/smoke/won-schema-integrity.spec.ts:89:1 › every visible_if names a setting that exists in the same schema (13ms)
  ✓  289 [mobile] › tests/smoke/won-schema-integrity.spec.ts:108:1 › every range default is a real step in its own range (12ms)
  ✓  290 [mobile] › tests/smoke/won-schema-integrity.spec.ts:183:1 › the predicate actually bites (red-proof) (4ms)
  ✓  291 [mobile] › tests/smoke/won-schema-integrity.spec.ts:208:1 › every preset renders something with zero configuration (13ms)
  ✓  292 [mobile] › tests/smoke/won-schema-phases.spec.ts:16:1 › F3 AggregateRating: won-rating emits schema only on the PDP, gated (3ms)
  ✓  293 [mobile] › tests/smoke/won-schema-phases.spec.ts:28:1 › F4 MerchantReturnPolicy: snippet + global settings + PDP wiring (5ms)
  ✓  294 [mobile] › tests/smoke/won-schema-phases.spec.ts:50:1 › F5 HowTo: won-howto-schema from won-dosage, gated (3ms)
  ✓  295 [mobile] › tests/smoke/won-schema-phases.spec.ts:62:1 › F6 comparison: yes/no cells carry a text equivalent for extraction (1ms)
  ✓  296 [mobile] › tests/smoke/won-schema-phases.spec.ts:70:1 › F7 site schema: WebSite + SearchAction, homepage only, wired in <head> (2ms)
  ✓  297 [mobile] › tests/smoke/won-schema-phases.spec.ts:80:1 › F8 trust bridge: won-trust reads won.* metafields → badge + additionalProperty, gated (4ms)
  ✓  298 [mobile] › tests/smoke/won-settings-coverage.spec.ts:104:1 › every won-* section setting (and child-block setting) is wired to the theme source (23ms)
  ✓  299 [mobile] › tests/smoke/won-settings-fixes.spec.ts:17:1 › won-band: content align actually moves the button row, not just text (1.2s)
  ✓  300 [mobile] › tests/smoke/won-settings-fixes.spec.ts:56:1 › won-slide: min height applies to a plain (non-overlayed) slide body (1.3s)
  -  301 [mobile] › tests/smoke/won-settings-fixes.spec.ts:77:1 › won-tabbed-rail: desktop heading size is consumed at >= 750px
  ✓  302 [mobile] › tests/smoke/won-slide-art-direction.spec.ts:36:3 › won-slide art direction › slide media fills its box (no gap under an art-directed image) (1.2s)
  ✓  303 [mobile] › tests/smoke/won-slide-art-direction.spec.ts:57:3 › won-slide art direction › below 750px the packaged mobile asset is the one served (1.1s)
  ✓  304 [mobile] › tests/smoke/won-unified-behavior.spec.ts:16:1 › Visibility toggles hide the section at the correct breakpoint (1.2s)
  ✓  305 [mobile] › tests/smoke/won-unified-behavior.spec.ts:49:1 › Mode select drives a render class on the carousel (1.1s)
  ✘  306 [mobile] › tests/smoke/won-unified-behavior.spec.ts:58:1 › Infinite-scroll setting clones bookends only where its scope applies (15.3s)
(node:98691) [DEP0205] DeprecationWarning: `module.register()` is deprecated. Use `module.registerHooks()` instead.
(Use `node --trace-deprecation ...` to show where the warning was created)
  ✓  307 [mobile] › tests/smoke/won-unified-schema.spec.ts:58:1 › composed theme has sections to audit (3ms)
  ✓  308 [mobile] › tests/smoke/won-unified-schema.spec.ts:62:1 › every won section orders its group headers canonically (1ms)
  ✓  309 [mobile] › tests/smoke/won-unified-schema.spec.ts:76:1 › Visibility, when present, is the first group (after an optional About paragraph) (2ms)
  ✓  310 [mobile] › tests/smoke/won-unified-schema.spec.ts:93:1 › a Mode group leads with an always-visible behavior select (1ms)
  ✓  311 [mobile] › tests/smoke/won-unified-schema.spec.ts:107:1 › hide_mobile / hide_desktop live only under the Visibility group (1ms)
  ✓  312 [mobile] › tests/smoke/won-unified-schema.spec.ts:134:1 › every range setting spans 3–101 steps with an on-grid default (4ms)
  ✓  313 [mobile] › tests/smoke/won-unified-schema.spec.ts:155:1 › no render tag passes a filtered argument (3ms)
  ✓  314 [mobile] › tests/smoke/won-unit-price-honesty.spec.ts:79:1 › the printed unit price tracks the quantity on the variant axis (13.8s)
  ✓  315 [mobile] › tests/smoke/won-unit-price-honesty.spec.ts:148:1 › only one file computes a unit price (12ms)
  ✓  316 [mobile] › tests/smoke/won-unit-price-honesty.spec.ts:161:1 › no consumer ships a fabricated reference amount as a default (8ms)
  ✓  317 [mobile] › tests/smoke/won-unit-price-honesty.spec.ts:227:1 › the unit-price ladder is one global, merchant-editable setting (2ms)
  ✓  318 [mobile] › tests/smoke/won-unit-price-honesty.spec.ts:247:1 › no file hardcodes a reference metafield or unit (7ms)
  ✓  319 [mobile] › tests/smoke/won-unit-price-honesty.spec.ts:276:1 › every unit label on the storefront comes from the declared ladder (10.4s)
  ✓  320 [mobile] › tests/smoke/won-wave1-parity.spec.ts:14:1 › grid carousel with mobile_carousel scrolls horizontally on mobile (1.4s)
  ✓  321 [mobile] › tests/smoke/won-wave1-parity.spec.ts:32:1 › grid carousel without mobile_carousel stays a stacked grid on mobile (1.1s)
  -  322 [mobile] › tests/smoke/won-wave1-parity.spec.ts:45:1 › carousel arrows carry their style modifier class
  -  323 [mobile] › tests/smoke/won-wave1-parity.spec.ts:56:1 › article cards render author and reading time when enabled
  -  324 [mobile] › tests/smoke/won-wave1-parity.spec.ts:107:1 › default arrow style is visually identical to the pre-arrow_style look


  1) [desktop] › tests/smoke/storefront.spec.ts:436:1 › hero peek — a neighbour peeks in on BOTH sides at the initial rest position 

    Error: a slide must peek in on the LEFT of the first card (no empty spacer)

    [2mexpect([22m[31mreceived[39m[2m).[22mtoBeGreaterThan[2m([22m[32mexpected[39m[2m)[22m

    Expected: > [32m0[39m
    Received:   [31m0[39m

      447 |   // 1) Initial rest = first slide centred: the fix must peek on BOTH sides.
      448 |   const start = await peekSidesOf(track);
    > 449 |   expect(start.left, 'a slide must peek in on the LEFT of the first card (no empty spacer)').toBeGreaterThan(0);
          |                                                                                              ^
      450 |   expect(start.right, 'a slide must peek in on the right of the first card').toBeGreaterThan(0);
      451 |
      452 |   // 2) Drive to the last slide with the real Next control; the loop must keep a
        at /Users/ondrej/Development/WonCommerce/Apps/b2b_b2c/tests/smoke/storefront.spec.ts:449:94

    attachment #1: screenshot (image/png) ──────────────────────────────────────────────────────────
    test-results/smoke-storefront-hero-peek-fc614-t-the-initial-rest-position-desktop/test-failed-1.png
    ────────────────────────────────────────────────────────────────────────────────────────────────

    Error Context: test-results/smoke-storefront-hero-peek-fc614-t-the-initial-rest-position-desktop/error-context.md

  2) [desktop] › tests/smoke/won-unified-behavior.spec.ts:58:1 › Infinite-scroll setting clones bookends only where its scope applies 

    Error: loop scope "always" must clone bookend slides on this viewport

    [2mexpect([22m[31mreceived[39m[2m).[22mtoBeGreaterThan[2m([22m[32mexpected[39m[2m)[22m

    Expected: > [32m0[39m
    Received:   [31m0[39m

    Call Log:
    - Timeout 15000ms exceeded while waiting on the predicate

      78 |
      79 |   if (applies) {
    > 80 |     await expect
         |     ^
      81 |       .poll(countClones, { message: `loop scope "${scope}" must clone bookend slides on this viewport` })
      82 |       .toBeGreaterThan(0);
      83 |   } else {
        at /Users/ondrej/Development/WonCommerce/Apps/b2b_b2c/tests/smoke/won-unified-behavior.spec.ts:80:5

    attachment #1: screenshot (image/png) ──────────────────────────────────────────────────────────
    test-results/smoke-won-unified-behavior-bab24-nly-where-its-scope-applies-desktop/test-failed-1.png
    ────────────────────────────────────────────────────────────────────────────────────────────────

    Error Context: test-results/smoke-won-unified-behavior-bab24-nly-where-its-scope-applies-desktop/error-context.md

  3) [mobile] › tests/smoke/customization-layer.spec.ts:24:1 › won-tokens.css consumes the universal border/shadow/radius vars 

    [31mTest timeout of 60000ms exceeded.[39m

    Error: page.waitForSelector: Test timeout of 60000ms exceeded.
    Call log:
    [2m  - waiting for locator('.won-section')[22m


      24 | test('won-tokens.css consumes the universal border/shadow/radius vars', async ({ page }) => {
      25 |   await page.goto('/');
    > 26 |   await page.waitForSelector('.won-section', { state: 'attached' });
         |              ^
      27 |
      28 |   const computed = await page.evaluate(() => {
      29 |     const el = document.querySelector<HTMLElement>('.won-section');
        at /Users/ondrej/Development/WonCommerce/Apps/b2b_b2c/tests/smoke/customization-layer.spec.ts:26:14

    attachment #1: screenshot (image/png) ──────────────────────────────────────────────────────────
    test-results/smoke-customization-layer--646eb-l-border-shadow-radius-vars-mobile/test-failed-1.png
    ────────────────────────────────────────────────────────────────────────────────────────────────

    Error Context: test-results/smoke-customization-layer--646eb-l-border-shadow-radius-vars-mobile/error-context.md

  4) [mobile] › tests/smoke/storefront.spec.ts:98:3 › product — health + responsive ────────────────

    Error: failed requests on product: net::ERR_ABORTED https://error-analytics-sessions-production.shopifysvc.com/observeonly

    [2mexpect([22m[31mreceived[39m[2m).[22mtoEqual[2m([22m[32mexpected[39m[2m) // deep equality[22m

    [32m- Expected  - 1[39m
    [31m+ Received  + 3[39m

    [32m- Array [][39m
    [31m+ Array [[39m
    [31m+   "net::ERR_ABORTED https://error-analytics-sessions-production.shopifysvc.com/observeonly",[39m
    [31m+ ][39m

      105 |     // Hard signals.
      106 |     expect(sig.pageErrors, `page exceptions on ${pg.name}: ${sig.pageErrors.join(' | ')}`).toEqual([]);
    > 107 |     expect(sig.failed, `failed requests on ${pg.name}: ${sig.failed.slice(0, 6).join(' | ')}`).toEqual([]);
          |                                                                                                ^
      108 |     expect(sig.console, `console errors on ${pg.name}: ${sig.console.slice(0, 6).join(' | ')}`).toEqual([]);
      109 |
      110 |     // Mobile geometry laws.
        at /Users/ondrej/Development/WonCommerce/Apps/b2b_b2c/tests/smoke/storefront.spec.ts:107:96

    attachment #1: screenshot (image/png) ──────────────────────────────────────────────────────────
    test-results/smoke-storefront-product-—-health-responsive-mobile/test-failed-1.png
    ────────────────────────────────────────────────────────────────────────────────────────────────

    Error Context: test-results/smoke-storefront-product-—-health-responsive-mobile/error-context.md

  5) [mobile] › tests/smoke/won-unified-behavior.spec.ts:58:1 › Infinite-scroll setting clones bookends only where its scope applies 

    Error: loop scope "always" must clone bookend slides on this viewport

    [2mexpect([22m[31mreceived[39m[2m).[22mtoBeGreaterThan[2m([22m[32mexpected[39m[2m)[22m

    Expected: > [32m0[39m
    Received:   [31m0[39m

    Call Log:
    - Timeout 15000ms exceeded while waiting on the predicate

      78 |
      79 |   if (applies) {
    > 80 |     await expect
         |     ^
      81 |       .poll(countClones, { message: `loop scope "${scope}" must clone bookend slides on this viewport` })
      82 |       .toBeGreaterThan(0);
      83 |   } else {
        at /Users/ondrej/Development/WonCommerce/Apps/b2b_b2c/tests/smoke/won-unified-behavior.spec.ts:80:5

    attachment #1: screenshot (image/png) ──────────────────────────────────────────────────────────
    test-results/smoke-won-unified-behavior-bab24-nly-where-its-scope-applies-mobile/test-failed-1.png
    ────────────────────────────────────────────────────────────────────────────────────────────────

    Error Context: test-results/smoke-won-unified-behavior-bab24-nly-where-its-scope-applies-mobile/error-context.md

  5 failed
    [desktop] › tests/smoke/storefront.spec.ts:436:1 › hero peek — a neighbour peeks in on BOTH sides at the initial rest position 
    [desktop] › tests/smoke/won-unified-behavior.spec.ts:58:1 › Infinite-scroll setting clones bookends only where its scope applies 
    [mobile] › tests/smoke/customization-layer.spec.ts:24:1 › won-tokens.css consumes the universal border/shadow/radius vars 
    [mobile] › tests/smoke/storefront.spec.ts:98:3 › product — health + responsive ─────────────────
    [mobile] › tests/smoke/won-unified-behavior.spec.ts:58:1 › Infinite-scroll setting clones bookends only where its scope applies 
  28 skipped
  291 passed (11.1m)
