(node:14930) [DEP0205] DeprecationWarning: `module.register()` is deprecated. Use `module.registerHooks()` instead.
(Use `node --trace-deprecation ...` to show where the warning was created)

Running 356 tests using 1 worker

(node:14935) [DEP0205] DeprecationWarning: `module.register()` is deprecated. Use `module.registerHooks()` instead.
(Use `node --trace-deprecation ...` to show where the warning was created)
  ✓    1 [desktop] › tests/smoke/customization-layer.spec.ts:11:1 › won sections are wired to the shared style-vars pipeline (1.2s)
  ✓    2 [desktop] › tests/smoke/customization-layer.spec.ts:24:1 › won-tokens.css consumes the universal border/shadow/radius vars (949ms)
  ✓    3 [desktop] › tests/smoke/customization-layer.spec.ts:52:1 › won-tokens.css consumes the Tier 2 typography + motion vars (1.2s)
  ✓    4 [desktop] › tests/smoke/customization-layer.spec.ts:78:1 › per-section bg/text color override wins over the color scheme (1.1s)
  ✓    5 [desktop] › tests/smoke/customization-layer.spec.ts:98:1 › won-tokens.css consumes the Tier 3 advanced overrides (1.2s)
  ✓    6 [desktop] › tests/smoke/customization-layer.spec.ts:119:1 › editor coaching never leaks to the live storefront (1.9s)
  ✓    7 [desktop] › tests/smoke/customization-layer.spec.ts:131:1 › responsive visibility var hides the section at the active breakpoint (1.3s)
  ✓    8 [desktop] › tests/smoke/storefront.spec.ts:98:3 › home — health + responsive (946ms)
  ✓    9 [desktop] › tests/smoke/storefront.spec.ts:98:3 › product — health + responsive (862ms)
  ✓   10 [desktop] › tests/smoke/storefront.spec.ts:98:3 › collection — health + responsive (947ms)
  ✓   11 [desktop] › tests/smoke/storefront.spec.ts:98:3 › cart — health + responsive (761ms)
  ✓   12 [desktop] › tests/smoke/storefront.spec.ts:98:3 › search — health + responsive (913ms)
  -   13 [desktop] › tests/smoke/storefront.spec.ts:115:1 › sections — heading alignment matches body (no centered title over left content)
  ✓   14 [desktop] › tests/smoke/storefront.spec.ts:131:1 › FAQ split — image column sits beside the accordion (image left, questions right) (1.0s)
  ✓   15 [desktop] › tests/smoke/storefront.spec.ts:154:1 › won-panels FAQ — heading and questions always render (927ms)
  ✓   16 [desktop] › tests/smoke/storefront.spec.ts:170:1 › hero rail — a full card and a peeking neighbour on desktop (1.1s)
  ✓   17 [desktop] › tests/smoke/storefront.spec.ts:182:1 › band center-gutter — media flanks the centred copy on desktop (944ms)
  ✓   18 [desktop] › tests/smoke/storefront.spec.ts:201:1 › tile badge — renders in the chosen corner (top-right) (1.1s)
  ✓   19 [desktop] › tests/smoke/storefront.spec.ts:213:1 › slide annotation — headline gets a hand-drawn accent doodle (1.3s)
  ✓   20 [desktop] › tests/smoke/storefront.spec.ts:225:1 › comparison — quality dots render (dots:N/M cell syntax) (964ms)
  ✓   21 [desktop] › tests/smoke/storefront.spec.ts:236:1 › tile icon — emoji renders before the label (1.1s)
  ✓   22 [desktop] › tests/smoke/storefront.spec.ts:243:1 › slide gradient — a photo-free slide paints its CSS gradient background (1.0s)
  ✓   23 [desktop] › tests/smoke/storefront.spec.ts:251:1 › stats — optional icon renders on each stat (974ms)
  ✓   24 [desktop] › tests/smoke/storefront.spec.ts:260:1 › shoppable image — hotspot pins reveal a product card on focus (1.0s)
  ✓   25 [desktop] › tests/smoke/storefront.spec.ts:278:1 › shoppable image — a configured hotspot honours its separate mobile position (896ms)
  ✓   26 [desktop] › tests/smoke/storefront.spec.ts:305:1 › tabbed rail — segmented tabs toggle their product panels (1.0s)
  -   27 [desktop] › tests/smoke/storefront.spec.ts:324:1 › carousel dots — page pager renders, is clickable, and tracks position
  ✓   28 [desktop] › tests/smoke/storefront.spec.ts:343:1 › marquee — seamless loop is a duplicated, aria-hidden track (1.0s)
  -   29 [desktop] › tests/smoke/storefront.spec.ts:358:1 › home — block grids with mobile carousel become a real swipeable rail
  -   30 [desktop] › tests/smoke/storefront.spec.ts:378:1 › home — carousels honour their mobile mode
  ✓   31 [desktop] › tests/smoke/storefront.spec.ts:420:1 › marquee — track spans >= 2x the viewport so the loop never shows a blank gap (1.1s)
  ✓   32 [desktop] › tests/smoke/storefront.spec.ts:451:1 › hero peek — the first slide starts flush and its neighbour peeks in (2.7s)
  ✓   33 [desktop] › tests/smoke/storefront.spec.ts:494:1 › hero carousel — loops endlessly, arrows never dead-end (4.0s)
  -   34 [desktop] › tests/smoke/storefront.spec.ts:523:1 › won-carousel — mobile peek shows a neighbour on BOTH sides mid-scroll
  ✓   35 [desktop] › tests/smoke/storefront.spec.ts:566:1 › won-carousel marquee — the belt is duplicated and spans >= 2x the viewport (888ms)
  ✓   36 [desktop] › tests/smoke/storefront.spec.ts:596:1 › announcement bar — every message renders and the free-shipping progress is live (948ms)
  ✓   37 [desktop] › tests/smoke/storefront.spec.ts:610:1 › announcement bar — rotate shows exactly one message at a time (motion on) (987ms)
  ✓   38 [desktop] › tests/smoke/storefront.spec.ts:628:1 › sticky ATC — corner style floats as a small rounded card at the bottom-inline-end (875ms)
  ✓   39 [desktop] › tests/smoke/storefront.spec.ts:657:1 › sticky ATC — center style floats as a centered pill, not full width (1.9s)
  ✓   40 [desktop] › tests/smoke/storefront.spec.ts:680:1 › announcement bar — the close button dismisses it for the session (1.8s)
  ✓   41 [desktop] › tests/smoke/won-block-wrapper-selectors.spec.ts:46:1 › no CSS selector treats a theme block as a direct child (9ms)
  ✓   42 [desktop] › tests/smoke/won-breadcrumbs.spec.ts:26:3 › PDP shows a breadcrumb trail (1.9s)
  ✓   43 [desktop] › tests/smoke/won-breadcrumbs.spec.ts:57:3 › PDP emits BreadcrumbList matching what is on screen (1.9s)
  ✓   44 [desktop] › tests/smoke/won-breadcrumbs.spec.ts:26:3 › collection shows a breadcrumb trail (1.9s)
  ✓   45 [desktop] › tests/smoke/won-breadcrumbs.spec.ts:57:3 › collection emits BreadcrumbList matching what is on screen (1.9s)
  ✓   46 [desktop] › tests/smoke/won-card-choose-action.spec.ts:34:1 › the theme offers a choose-action setting, defaulting to the modal (1ms)
  ✓   47 [desktop] › tests/smoke/won-card-choose-action.spec.ts:50:1 › Choose opens the quick-view dialog without leaving the listing (5.4s)
  ✓   48 [desktop] › tests/smoke/won-card-choose-action.spec.ts:93:1 › Choose keeps the card CTA shape whichever mode is active (2.4s)
  ✓   49 [desktop] › tests/smoke/won-card-cta-size.spec.ts:22:1 › every card quick-add variant renders at the same height (2.5s)
  ✓   50 [desktop] › tests/smoke/won-card-cta-size.spec.ts:74:1 › card quick-add variants share one shape in their label state (2.6s)
  ✓   51 [desktop] › tests/smoke/won-card-quick-add.spec.ts:20:1 › card declares its quick-add placement and reveal (1.3s)
  ✓   52 [desktop] › tests/smoke/won-card-quick-add.spec.ts:29:1 › quick-add control is reachable and correctly sized for touch (2.9s)
  ✓   53 [desktop] › tests/smoke/won-card-quick-add.spec.ts:45:1 › stepper quantity follows the cart (10.6s)
  ✓   54 [desktop] › tests/smoke/won-card-scale.spec.ts:58:1 › rail cards never outgrow the card ceiling (3.2s)
  ✓   55 [desktop] › tests/smoke/won-card-scale.spec.ts:68:1 › card title stays legible relative to the card it sits on (3.1s)
  ✓   56 [desktop] › tests/smoke/won-card-scale.spec.ts:81:1 › no dead zone: the 750px rail is not a single full-width column (3.2s)
  ✓   57 [desktop] › tests/smoke/won-carousel-arrows.spec.ts:8:1 › carousel arrows are visible only when the rail overflows (1.1s)
  ✓   58 [desktop] › tests/smoke/won-carousel-controls.spec.ts:19:1 › carousel pager controls render (and never show a dead/empty bar) (2.2s)
  ✓   59 [desktop] › tests/smoke/won-category-labels.spec.ts:15:3 › composed cs.schema.json has no duplicate picker category labels (1ms)
  ✓   60 [desktop] › tests/smoke/won-category-labels.spec.ts:15:3 › composed en.default.schema.json has no duplicate picker category labels (1ms)
  ✓   61 [desktop] › tests/smoke/won-countup-reachable.spec.ts:59:1 › every global theme setting is read by a section a merchant can insert (6ms)
  ✓   62 [desktop] › tests/smoke/won-countup.spec.ts:18:1 › won-stats opts into count-up: data attr, script tag, settings (1ms)
  ✓   63 [desktop] › tests/smoke/won-countup.spec.ts:32:1 › global animation fragment + compose step exist (1ms)
  ✓   64 [desktop] › tests/smoke/won-countup.spec.ts:60:1 › parser keeps prefix/suffix and format; refuses ambiguous values (2ms)
  ✓   65 [desktop] › tests/smoke/won-countup.spec.ts:98:1 › formatValue restores exact final text at the end of the run (0ms)
  ✓   66 [desktop] › tests/smoke/won-cta-effects.spec.ts:33:1 › every won CTA opts into the shared effect layer (3.4s)
  ✓   67 [desktop] › tests/smoke/won-cta-effects.spec.ts:60:1 › the whole theme resolves ONE effect per family (3.3s)
  ✓   68 [desktop] › tests/smoke/won-cta-effects.spec.ts:88:1 › card quick-add visibly reacts to hover (6.0s)
  ✓   69 [desktop] › tests/smoke/won-cta-effects.spec.ts:119:1 › sheen is a real animation when the theme asks for it (5.6s)
  ✓   70 [desktop] › tests/smoke/won-cta-effects.spec.ts:144:1 › effects stand down under prefers-reduced-motion (5.6s)
  ✓   71 [desktop] › tests/smoke/won-cta-invariants.spec.ts:35:1 › no won CTA hardcodes target="_blank" — new-tab is always gated (9ms)
  ✓   72 [desktop] › tests/smoke/won-cta-invariants.spec.ts:49:1 › rewired sections render CTAs via won-button, not inline won-btn markup (1ms)
  ✓   73 [desktop] › tests/smoke/won-cta-invariants.spec.ts:59:1 › every won-carousel preset needing blocks ships them (no empty section on insert) (0ms)
  ✓   74 [desktop] › tests/smoke/won-faq-schema.spec.ts:14:1 › won-faq-schema snippet: FAQPage, honesty guard, safe escaping, doc (1ms)
  ✓   75 [desktop] › tests/smoke/won-faq-schema.spec.ts:29:1 › both FAQ row blocks self-emit the schema, gated by the section toggle (1ms)
  ✓   76 [desktop] › tests/smoke/won-faq-schema.spec.ts:46:1 › smart defaults: accordion ON, panels OFF (0ms)
  ✓   77 [desktop] › tests/smoke/won-feedback-8.spec.ts:50:1 › rail progress bar and arrows share one control row (3.5s)
  ✘   78 [desktop] › tests/smoke/won-feedback-8.spec.ts:93:1 › quick add updates the header cart count (14.9s)
(node:15417) [DEP0205] DeprecationWarning: `module.register()` is deprecated. Use `module.registerHooks()` instead.
(Use `node --trace-deprecation ...` to show where the warning was created)
  ✓   79 [desktop] › tests/smoke/won-feedback-8.spec.ts:122:1 › card quick-add renders a stepper once the line exists (11.8s)
  ✓   80 [desktop] › tests/smoke/won-feedback-8.spec.ts:172:1 › won-feature rows align their body text across the row (12.6s)
  ✓   81 [desktop] › tests/smoke/won-feedback-8.spec.ts:221:1 › PDP main media shows the whole packshot with breathing room (1.7s)
  ✓   82 [desktop] › tests/smoke/won-feedback-8.spec.ts:252:1 › PDP puts the product description under the price, and ships no highlights block (1ms)
  ✓   83 [desktop] › tests/smoke/won-header-search.spec.ts:58:3 › home — the header shows a usable search field, not just an icon (1.8s)
  ✓   84 [desktop] › tests/smoke/won-header-search.spec.ts:86:3 › home — the search field accepts typing and stays reachable when scrolled (2.2s)
  ✓   85 [desktop] › tests/smoke/won-header-search.spec.ts:58:3 › collection — the header shows a usable search field, not just an icon (1.7s)
  ✓   86 [desktop] › tests/smoke/won-header-search.spec.ts:86:3 › collection — the search field accepts typing and stays reachable when scrolled (2.1s)
  ✓   87 [desktop] › tests/smoke/won-header-search.spec.ts:58:3 › PDP — the header shows a usable search field, not just an icon (1.6s)
  ✓   88 [desktop] › tests/smoke/won-header-search.spec.ts:86:3 › PDP — the search field accepts typing and stays reachable when scrolled (2.1s)
  ✓   89 [desktop] › tests/smoke/won-header-search.spec.ts:116:1 › submitting the header field lands on the search results page for products (2.5s)
  ✓   90 [desktop] › tests/smoke/won-hidden-natives.spec.ts:14:3 › product-list is hidden from the section picker but still renders (0ms)
  ✓   91 [desktop] › tests/smoke/won-hidden-natives.spec.ts:14:3 › featured-blog-posts is hidden from the section picker but still renders (0ms)
  ✓   92 [desktop] › tests/smoke/won-hidden-natives.spec.ts:35:3 › quick-order-list stays visible in the picker (0ms)
  ✓   93 [desktop] › tests/smoke/won-hidden-natives.spec.ts:35:3 › featured-product stays visible in the picker (0ms)
  ✓   94 [desktop] › tests/smoke/won-hidden-natives.spec.ts:35:3 › featured-product-information stays visible in the picker (0ms)
  ✓   95 [desktop] › tests/smoke/won-hidden-natives.spec.ts:35:3 › custom-liquid stays visible in the picker (0ms)
  ✓   96 [desktop] › tests/smoke/won-hidden-natives.spec.ts:35:3 › divider stays visible in the picker (0ms)
  ✓   97 [desktop] › tests/smoke/won-lcp-priority.spec.ts:19:1 › the LCP image loads eagerly and asks for priority (2.3s)
  ✓   98 [desktop] › tests/smoke/won-listing-parity.spec.ts:62:1 › a product looks the same in search results as it does in a collection (3.6s)
  ✓   99 [desktop] › tests/smoke/won-no-raw-liquid.spec.ts:24:5 › no raw Liquid in the rendered page › / renders no Liquid delimiters (1.1s)
  ✓  100 [desktop] › tests/smoke/won-no-raw-liquid.spec.ts:24:5 › no raw Liquid in the rendered page › /collections/automated-collection renders no Liquid delimiters (961ms)
  ✓  101 [desktop] › tests/smoke/won-no-raw-liquid.spec.ts:24:5 › no raw Liquid in the rendered page › /pages/contact renders no Liquid delimiters (807ms)
  ✓  102 [desktop] › tests/smoke/won-pdp-composition.spec.ts:20:1 › data blocks inside a band fill their content column (1.6s)
  ✓  103 [desktop] › tests/smoke/won-pdp-composition.spec.ts:46:1 › the product title is the largest heading on the PDP (1.6s)
  ✓  104 [desktop] › tests/smoke/won-pdp-composition.spec.ts:68:1 › no schema placeholder copy leaks onto the storefront (1.6s)
  ✓  105 [desktop] › tests/smoke/won-pdp-composition.spec.ts:78:1 › a data block with no rows renders no orphan heading (1.6s)
  ✓  106 [desktop] › tests/smoke/won-pdp-composition.spec.ts:96:1 › product media is never smaller than the buy box column (5.3s)
  ✓  107 [desktop] › tests/smoke/won-pdp-composition.spec.ts:132:1 › the sticky bar repeats the buy box CTA, it does not restyle it (2.7s)
  ✓  108 [desktop] › tests/smoke/won-product-schema.spec.ts:15:1 › won-product-schema snippet: Product + additionalProperty, canonical @id, guard, escaping (2ms)
  ✓  109 [desktop] › tests/smoke/won-product-schema.spec.ts:34:1 › spec + nutrition tables self-emit with the right separator, gated by toggle (1ms)
  ✓  110 [desktop] › tests/smoke/won-product-schema.spec.ts:44:1 › emit_schema toggle present and ON by default on both blocks (0ms)
  ✓  111 [desktop] › tests/smoke/won-product-trust.spec.ts:12:1 › won-product-trust block reuses the shared snippets (no duplicated logic) (4ms)
  ✓  112 [desktop] › tests/smoke/won-product-trust.spec.ts:26:1 › name locale key resolves in both languages (2ms)
  ✓  113 [desktop] › tests/smoke/won-publish-global-settings.spec.ts:45:1 › publish seeds new won globals into an existing settings_data, without overwriting merchant values (162ms)
  ✓  114 [desktop] › tests/smoke/won-rail-affordance.spec.ts:87:5 › rails on / @390px expose controls exactly when they overflow (3.4s)
  ✓  115 [desktop] › tests/smoke/won-rail-affordance.spec.ts:87:5 › rails on / @700px expose controls exactly when they overflow (3.3s)
  ✓  116 [desktop] › tests/smoke/won-rail-affordance.spec.ts:87:5 › rails on / @1440px expose controls exactly when they overflow (3.3s)
  -  117 [desktop] › tests/smoke/won-rail-affordance.spec.ts:87:5 › rails on /collections/automated-collection @390px expose controls exactly when they overflow
  -  118 [desktop] › tests/smoke/won-rail-affordance.spec.ts:87:5 › rails on /collections/automated-collection @700px expose controls exactly when they overflow
  -  119 [desktop] › tests/smoke/won-rail-affordance.spec.ts:87:5 › rails on /collections/automated-collection @1440px expose controls exactly when they overflow
  ✓  120 [desktop] › tests/smoke/won-rail-affordance.spec.ts:111:1 › every arrow pair actually scrolls its rail (7.1s)
  ✓  121 [desktop] › tests/smoke/won-rail-arrow-contrast.spec.ts:43:1 › rail arrows on the page meet AA contrast in every tone (2.8s)
  ✓  122 [desktop] › tests/smoke/won-rail-arrow-contrast.spec.ts:133:1 › a rail arrow with no plate carries a text shadow over media (2.7s)
  ✓  123 [desktop] › tests/smoke/won-rail-arrow-contrast.spec.ts:191:1 › rail chrome never covers an interactive element (3.1s)
  ✓  124 [desktop] › tests/smoke/won-rail-arrow-contrast.spec.ts:247:1 › rail chrome sits below the rail it belongs to, never on top of it (3.3s)
  ✓  125 [desktop] › tests/smoke/won-rail-arrow-contrast.spec.ts:281:1 › no rail ships a second, overlay-style chrome variant (34ms)
  ✓  126 [desktop] › tests/smoke/won-rail-consistency.spec.ts:101:1 › arrow shape and size are identical on every rail (3.3s)
  -  127 [desktop] › tests/smoke/won-rail-consistency.spec.ts:111:1 › arrow colour is uniform unless the theme leaves it on auto
  ✓  128 [desktop] › tests/smoke/won-rail-consistency.spec.ts:126:1 › every scrolling rail uses the indicator the theme asked for (3.5s)
  ✓  129 [desktop] › tests/smoke/won-rail-indicator-modes.spec.ts:32:1 › the composed theme has rails to audit (4ms)
  ✓  130 [desktop] › tests/smoke/won-rail-indicator-modes.spec.ts:36:1 › every rail can render every indicator the theme-wide setting offers (1ms)
  ✓  131 [desktop] › tests/smoke/won-rail-indicator-modes.spec.ts:67:1 › no rail hand-rolls the indicator resolution any more (1ms)
  ✓  132 [desktop] › tests/smoke/won-rail-indicator-modes.spec.ts:83:1 › the shared controls snippet handles all four indicator values (1ms)
  ✓  133 [desktop] › tests/smoke/won-rail-indicator-scale.spec.ts:22:1 › the scroll indicator spans the free width of its control row (3.3s)
  ✓  134 [desktop] › tests/smoke/won-rail-indicator-scale.spec.ts:64:1 › the indicator thumb is proportional to how much is on screen (3.6s)
  ✓  135 [desktop] › tests/smoke/won-rail-indicator-scale.spec.ts:99:1 › stepping the quantity replays the sheen (11.2s)
  ✓  136 [desktop] › tests/smoke/won-rail-loop.spec.ts:56:1 › a looping rail wraps to the start instead of dead-ending (6.2s)
  ✓  137 [desktop] › tests/smoke/won-rail-loop.spec.ts:83:1 › a looping rail wraps backwards from the start to the end (3.8s)
  ✓  138 [desktop] › tests/smoke/won-rail-loop.spec.ts:98:1 › a looping rail clones nothing — every slide on the rail is a real one (2.3s)
  ✓  139 [desktop] › tests/smoke/won-rail-loop.spec.ts:108:1 › a looping rail keeps its progress bar (2.3s)
  ✓  140 [desktop] › tests/smoke/won-rail-loop.spec.ts:126:1 › slides next to the one on screen have their media requested already (2.4s)
  ✓  141 [desktop] › tests/smoke/won-schema-integrity.spec.ts:64:1 › every t: key a won schema uses exists in BOTH locales (27ms)
  ✓  142 [desktop] › tests/smoke/won-schema-integrity.spec.ts:89:1 › every visible_if names a setting that exists in the same schema (7ms)
  ✓  143 [desktop] › tests/smoke/won-schema-integrity.spec.ts:108:1 › every range default is a real step in its own range (5ms)
  ✓  144 [desktop] › tests/smoke/won-schema-integrity.spec.ts:183:1 › the predicate actually bites (red-proof) (1ms)
  ✓  145 [desktop] › tests/smoke/won-schema-integrity.spec.ts:208:1 › every preset renders something with zero configuration (5ms)
  ✓  146 [desktop] › tests/smoke/won-schema-phases.spec.ts:16:1 › F3 AggregateRating: won-rating emits schema only on the PDP, gated (2ms)
  ✓  147 [desktop] › tests/smoke/won-schema-phases.spec.ts:28:1 › F4 MerchantReturnPolicy: snippet + global settings + PDP wiring (2ms)
  ✓  148 [desktop] › tests/smoke/won-schema-phases.spec.ts:50:1 › F5 HowTo: won-howto-schema from won-dosage, gated (1ms)
  ✓  149 [desktop] › tests/smoke/won-schema-phases.spec.ts:62:1 › F6 comparison: yes/no cells carry a text equivalent for extraction (0ms)
  ✓  150 [desktop] › tests/smoke/won-schema-phases.spec.ts:70:1 › F7 site schema: WebSite + SearchAction, homepage only, wired in <head> (1ms)
  ✓  151 [desktop] › tests/smoke/won-schema-phases.spec.ts:80:1 › F8 trust bridge: won-trust reads won.* metafields → badge + additionalProperty, gated (2ms)
  ✓  152 [desktop] › tests/smoke/won-settings-coverage.spec.ts:104:1 › every won-* section setting (and child-block setting) is wired to the theme source (9ms)
  -  153 [desktop] › tests/smoke/won-settings-fixes.spec.ts:17:1 › won-band: content align actually moves the button row, not just text
  ✓  154 [desktop] › tests/smoke/won-settings-fixes.spec.ts:56:1 › won-slide: min height applies to a plain (non-overlayed) slide body (1.3s)
  ✓  155 [desktop] › tests/smoke/won-settings-fixes.spec.ts:77:1 › won-tabbed-rail: desktop heading size is consumed at >= 750px (1.1s)
  ✓  156 [desktop] › tests/smoke/won-slide-art-direction.spec.ts:36:3 › won-slide art direction › slide media fills its box (no gap under an art-directed image) (1.3s)
  ✓  157 [desktop] › tests/smoke/won-slide-art-direction.spec.ts:57:3 › won-slide art direction › below 750px the packaged mobile asset is the one served (3.0s)
  ✓  158 [desktop] › tests/smoke/won-unified-behavior.spec.ts:16:1 › Visibility toggles hide the section at the correct breakpoint (1.1s)
  ✓  159 [desktop] › tests/smoke/won-unified-behavior.spec.ts:49:1 › Mode select drives a render class on the carousel (1.1s)
  ✓  160 [desktop] › tests/smoke/won-unified-behavior.spec.ts:58:1 › Infinite-scroll setting makes the rail wrap only where its scope applies (5.0s)
  ✓  161 [desktop] › tests/smoke/won-unified-schema.spec.ts:58:1 › composed theme has sections to audit (0ms)
  ✓  162 [desktop] › tests/smoke/won-unified-schema.spec.ts:62:1 › every won section orders its group headers canonically (0ms)
  ✓  163 [desktop] › tests/smoke/won-unified-schema.spec.ts:76:1 › Visibility, when present, is the first group (after an optional About paragraph) (0ms)
  ✓  164 [desktop] › tests/smoke/won-unified-schema.spec.ts:93:1 › a Mode group leads with an always-visible behavior select (1ms)
  ✓  165 [desktop] › tests/smoke/won-unified-schema.spec.ts:107:1 › hide_mobile / hide_desktop live only under the Visibility group (0ms)
  ✓  166 [desktop] › tests/smoke/won-unified-schema.spec.ts:134:1 › every range setting spans 3–101 steps with an on-grid default (2ms)
  ✓  167 [desktop] › tests/smoke/won-unified-schema.spec.ts:155:1 › no render tag passes a filtered argument (3ms)
  ✓  168 [desktop] › tests/smoke/won-unit-price-honesty.spec.ts:79:1 › the printed unit price tracks the quantity on the variant axis (13.7s)
  ✓  169 [desktop] › tests/smoke/won-unit-price-honesty.spec.ts:148:1 › only one file computes a unit price (31ms)
  ✓  170 [desktop] › tests/smoke/won-unit-price-honesty.spec.ts:161:1 › no consumer ships a fabricated reference amount as a default (6ms)
  ✓  171 [desktop] › tests/smoke/won-unit-price-honesty.spec.ts:227:1 › the unit-price ladder is one global, merchant-editable setting (2ms)
  ✓  172 [desktop] › tests/smoke/won-unit-price-honesty.spec.ts:247:1 › no file hardcodes a reference metafield or unit (6ms)
  ✓  173 [desktop] › tests/smoke/won-unit-price-honesty.spec.ts:276:1 › every unit label on the storefront comes from the declared ladder (9.9s)
  -  174 [desktop] › tests/smoke/won-wave1-parity.spec.ts:14:1 › grid carousel with mobile_carousel scrolls horizontally on mobile
  -  175 [desktop] › tests/smoke/won-wave1-parity.spec.ts:32:1 › grid carousel without mobile_carousel stays a stacked grid on mobile
  ✓  176 [desktop] › tests/smoke/won-wave1-parity.spec.ts:45:1 › carousel arrows carry their style modifier class (1.1s)
  ✓  177 [desktop] › tests/smoke/won-wave1-parity.spec.ts:56:1 › article cards render author and reading time when enabled (1.1s)
  ✓  178 [desktop] › tests/smoke/won-wave1-parity.spec.ts:107:1 › default arrow style is visually identical to the pre-arrow_style look (1.1s)
(node:15888) [DEP0205] DeprecationWarning: `module.register()` is deprecated. Use `module.registerHooks()` instead.
(Use `node --trace-deprecation ...` to show where the warning was created)
  ✓  179 [mobile] › tests/smoke/customization-layer.spec.ts:11:1 › won sections are wired to the shared style-vars pipeline (1.0s)
  ✓  180 [mobile] › tests/smoke/customization-layer.spec.ts:24:1 › won-tokens.css consumes the universal border/shadow/radius vars (1.0s)
  ✓  181 [mobile] › tests/smoke/customization-layer.spec.ts:52:1 › won-tokens.css consumes the Tier 2 typography + motion vars (880ms)
  ✓  182 [mobile] › tests/smoke/customization-layer.spec.ts:78:1 › per-section bg/text color override wins over the color scheme (1.0s)
  ✓  183 [mobile] › tests/smoke/customization-layer.spec.ts:98:1 › won-tokens.css consumes the Tier 3 advanced overrides (1.2s)
  ✓  184 [mobile] › tests/smoke/customization-layer.spec.ts:119:1 › editor coaching never leaks to the live storefront (2.2s)
  ✓  185 [mobile] › tests/smoke/customization-layer.spec.ts:131:1 › responsive visibility var hides the section at the active breakpoint (1.3s)
  ✓  186 [mobile] › tests/smoke/storefront.spec.ts:98:3 › home — health + responsive (953ms)
  ✓  187 [mobile] › tests/smoke/storefront.spec.ts:98:3 › product — health + responsive (879ms)
  ✓  188 [mobile] › tests/smoke/storefront.spec.ts:98:3 › collection — health + responsive (779ms)
  ✓  189 [mobile] › tests/smoke/storefront.spec.ts:98:3 › cart — health + responsive (1.0s)
  ✓  190 [mobile] › tests/smoke/storefront.spec.ts:98:3 › search — health + responsive (1.1s)
  ✓  191 [mobile] › tests/smoke/storefront.spec.ts:115:1 › sections — heading alignment matches body (no centered title over left content) (1.0s)
  -  192 [mobile] › tests/smoke/storefront.spec.ts:131:1 › FAQ split — image column sits beside the accordion (image left, questions right)
  ✓  193 [mobile] › tests/smoke/storefront.spec.ts:154:1 › won-panels FAQ — heading and questions always render (950ms)
  -  194 [mobile] › tests/smoke/storefront.spec.ts:170:1 › hero rail — a full card and a peeking neighbour on desktop
  -  195 [mobile] › tests/smoke/storefront.spec.ts:182:1 › band center-gutter — media flanks the centred copy on desktop
  ✓  196 [mobile] › tests/smoke/storefront.spec.ts:201:1 › tile badge — renders in the chosen corner (top-right) (874ms)
  ✓  197 [mobile] › tests/smoke/storefront.spec.ts:213:1 › slide annotation — headline gets a hand-drawn accent doodle (1.1s)
  ✓  198 [mobile] › tests/smoke/storefront.spec.ts:225:1 › comparison — quality dots render (dots:N/M cell syntax) (1.1s)
  ✓  199 [mobile] › tests/smoke/storefront.spec.ts:236:1 › tile icon — emoji renders before the label (856ms)
  ✓  200 [mobile] › tests/smoke/storefront.spec.ts:243:1 › slide gradient — a photo-free slide paints its CSS gradient background (877ms)
  ✓  201 [mobile] › tests/smoke/storefront.spec.ts:251:1 › stats — optional icon renders on each stat (915ms)
  ✓  202 [mobile] › tests/smoke/storefront.spec.ts:260:1 › shoppable image — hotspot pins reveal a product card on focus (895ms)
  ✓  203 [mobile] › tests/smoke/storefront.spec.ts:278:1 › shoppable image — a configured hotspot honours its separate mobile position (946ms)
  ✓  204 [mobile] › tests/smoke/storefront.spec.ts:305:1 › tabbed rail — segmented tabs toggle their product panels (1.0s)
  -  205 [mobile] › tests/smoke/storefront.spec.ts:324:1 › carousel dots — page pager renders, is clickable, and tracks position
  ✓  206 [mobile] › tests/smoke/storefront.spec.ts:343:1 › marquee — seamless loop is a duplicated, aria-hidden track (947ms)
  ✓  207 [mobile] › tests/smoke/storefront.spec.ts:358:1 › home — block grids with mobile carousel become a real swipeable rail (833ms)
  ✓  208 [mobile] › tests/smoke/storefront.spec.ts:378:1 › home — carousels honour their mobile mode (1.3s)
  -  209 [mobile] › tests/smoke/storefront.spec.ts:420:1 › marquee — track spans >= 2x the viewport so the loop never shows a blank gap
  -  210 [mobile] › tests/smoke/storefront.spec.ts:451:1 › hero peek — the first slide starts flush and its neighbour peeks in
  -  211 [mobile] › tests/smoke/storefront.spec.ts:494:1 › hero carousel — loops endlessly, arrows never dead-end
  ✓  212 [mobile] › tests/smoke/storefront.spec.ts:523:1 › won-carousel — mobile peek shows a neighbour on BOTH sides mid-scroll (1.2s)
  -  213 [mobile] › tests/smoke/storefront.spec.ts:566:1 › won-carousel marquee — the belt is duplicated and spans >= 2x the viewport
  ✓  214 [mobile] › tests/smoke/storefront.spec.ts:596:1 › announcement bar — every message renders and the free-shipping progress is live (964ms)
  ✓  215 [mobile] › tests/smoke/storefront.spec.ts:610:1 › announcement bar — rotate shows exactly one message at a time (motion on) (878ms)
  ✓  216 [mobile] › tests/smoke/storefront.spec.ts:628:1 › sticky ATC — corner style floats as a small rounded card at the bottom-inline-end (968ms)
  ✓  217 [mobile] › tests/smoke/storefront.spec.ts:657:1 › sticky ATC — center style floats as a centered pill, not full width (815ms)
  ✓  218 [mobile] › tests/smoke/storefront.spec.ts:680:1 › announcement bar — the close button dismisses it for the session (1.5s)
  ✓  219 [mobile] › tests/smoke/won-block-wrapper-selectors.spec.ts:46:1 › no CSS selector treats a theme block as a direct child (10ms)
  ✓  220 [mobile] › tests/smoke/won-breadcrumbs.spec.ts:26:3 › PDP shows a breadcrumb trail (1.9s)
  ✓  221 [mobile] › tests/smoke/won-breadcrumbs.spec.ts:57:3 › PDP emits BreadcrumbList matching what is on screen (1.8s)
  ✓  222 [mobile] › tests/smoke/won-breadcrumbs.spec.ts:26:3 › collection shows a breadcrumb trail (1.7s)
  ✓  223 [mobile] › tests/smoke/won-breadcrumbs.spec.ts:57:3 › collection emits BreadcrumbList matching what is on screen (1.8s)
  ✓  224 [mobile] › tests/smoke/won-card-choose-action.spec.ts:34:1 › the theme offers a choose-action setting, defaulting to the modal (1ms)
  ✓  225 [mobile] › tests/smoke/won-card-choose-action.spec.ts:50:1 › Choose opens the quick-view dialog without leaving the listing (5.4s)
  ✓  226 [mobile] › tests/smoke/won-card-choose-action.spec.ts:93:1 › Choose keeps the card CTA shape whichever mode is active (2.3s)
  ✓  227 [mobile] › tests/smoke/won-card-cta-size.spec.ts:22:1 › every card quick-add variant renders at the same height (2.5s)
  ✓  228 [mobile] › tests/smoke/won-card-cta-size.spec.ts:74:1 › card quick-add variants share one shape in their label state (2.6s)
  ✓  229 [mobile] › tests/smoke/won-card-quick-add.spec.ts:20:1 › card declares its quick-add placement and reveal (1.0s)
  ✓  230 [mobile] › tests/smoke/won-card-quick-add.spec.ts:29:1 › quick-add control is reachable and correctly sized for touch (2.9s)
  ✓  231 [mobile] › tests/smoke/won-card-quick-add.spec.ts:45:1 › stepper quantity follows the cart (24.6s)
  ✓  232 [mobile] › tests/smoke/won-card-scale.spec.ts:58:1 › rail cards never outgrow the card ceiling (3.4s)
  ✓  233 [mobile] › tests/smoke/won-card-scale.spec.ts:68:1 › card title stays legible relative to the card it sits on (3.3s)
  ✓  234 [mobile] › tests/smoke/won-card-scale.spec.ts:81:1 › no dead zone: the 750px rail is not a single full-width column (3.4s)
  ✓  235 [mobile] › tests/smoke/won-carousel-arrows.spec.ts:8:1 › carousel arrows are visible only when the rail overflows (1.0s)
  ✓  236 [mobile] › tests/smoke/won-carousel-controls.spec.ts:19:1 › carousel pager controls render (and never show a dead/empty bar) (1.5s)
  ✓  237 [mobile] › tests/smoke/won-category-labels.spec.ts:15:3 › composed cs.schema.json has no duplicate picker category labels (2ms)
  ✓  238 [mobile] › tests/smoke/won-category-labels.spec.ts:15:3 › composed en.default.schema.json has no duplicate picker category labels (1ms)
  ✓  239 [mobile] › tests/smoke/won-countup-reachable.spec.ts:59:1 › every global theme setting is read by a section a merchant can insert (22ms)
  ✓  240 [mobile] › tests/smoke/won-countup.spec.ts:18:1 › won-stats opts into count-up: data attr, script tag, settings (1ms)
  ✓  241 [mobile] › tests/smoke/won-countup.spec.ts:32:1 › global animation fragment + compose step exist (1ms)
  ✓  242 [mobile] › tests/smoke/won-countup.spec.ts:60:1 › parser keeps prefix/suffix and format; refuses ambiguous values (2ms)
  ✓  243 [mobile] › tests/smoke/won-countup.spec.ts:98:1 › formatValue restores exact final text at the end of the run (0ms)
  ✓  244 [mobile] › tests/smoke/won-cta-effects.spec.ts:33:1 › every won CTA opts into the shared effect layer (3.4s)
  ✓  245 [mobile] › tests/smoke/won-cta-effects.spec.ts:60:1 › the whole theme resolves ONE effect per family (3.3s)
  ✓  246 [mobile] › tests/smoke/won-cta-effects.spec.ts:88:1 › card quick-add visibly reacts to hover (5.8s)
  ✓  247 [mobile] › tests/smoke/won-cta-effects.spec.ts:119:1 › sheen is a real animation when the theme asks for it (5.6s)
  ✓  248 [mobile] › tests/smoke/won-cta-effects.spec.ts:144:1 › effects stand down under prefers-reduced-motion (5.5s)
  ✓  249 [mobile] › tests/smoke/won-cta-invariants.spec.ts:35:1 › no won CTA hardcodes target="_blank" — new-tab is always gated (14ms)
  ✓  250 [mobile] › tests/smoke/won-cta-invariants.spec.ts:49:1 › rewired sections render CTAs via won-button, not inline won-btn markup (2ms)
  ✓  251 [mobile] › tests/smoke/won-cta-invariants.spec.ts:59:1 › every won-carousel preset needing blocks ships them (no empty section on insert) (0ms)
  ✓  252 [mobile] › tests/smoke/won-faq-schema.spec.ts:14:1 › won-faq-schema snippet: FAQPage, honesty guard, safe escaping, doc (1ms)
  ✓  253 [mobile] › tests/smoke/won-faq-schema.spec.ts:29:1 › both FAQ row blocks self-emit the schema, gated by the section toggle (1ms)
  ✓  254 [mobile] › tests/smoke/won-faq-schema.spec.ts:46:1 › smart defaults: accordion ON, panels OFF (0ms)
  ✓  255 [mobile] › tests/smoke/won-feedback-8.spec.ts:50:1 › rail progress bar and arrows share one control row (3.5s)
  ✓  256 [mobile] › tests/smoke/won-feedback-8.spec.ts:93:1 › quick add updates the header cart count (7.4s)
  ✓  257 [mobile] › tests/smoke/won-feedback-8.spec.ts:122:1 › card quick-add renders a stepper once the line exists (12.5s)
  ✓  258 [mobile] › tests/smoke/won-feedback-8.spec.ts:172:1 › won-feature rows align their body text across the row (12.4s)
  ✓  259 [mobile] › tests/smoke/won-feedback-8.spec.ts:221:1 › PDP main media shows the whole packshot with breathing room (2.2s)
  ✓  260 [mobile] › tests/smoke/won-feedback-8.spec.ts:252:1 › PDP puts the product description under the price, and ships no highlights block (1ms)
  ✓  261 [mobile] › tests/smoke/won-header-search.spec.ts:58:3 › home — the header shows a usable search field, not just an icon (1.6s)
  ✓  262 [mobile] › tests/smoke/won-header-search.spec.ts:86:3 › home — the search field accepts typing and stays reachable when scrolled (2.3s)
  ✓  263 [mobile] › tests/smoke/won-header-search.spec.ts:58:3 › collection — the header shows a usable search field, not just an icon (1.8s)
  ✓  264 [mobile] › tests/smoke/won-header-search.spec.ts:86:3 › collection — the search field accepts typing and stays reachable when scrolled (1.9s)
  ✓  265 [mobile] › tests/smoke/won-header-search.spec.ts:58:3 › PDP — the header shows a usable search field, not just an icon (1.5s)
  ✓  266 [mobile] › tests/smoke/won-header-search.spec.ts:86:3 › PDP — the search field accepts typing and stays reachable when scrolled (2.0s)
  ✓  267 [mobile] › tests/smoke/won-header-search.spec.ts:116:1 › submitting the header field lands on the search results page for products (2.4s)
  ✓  268 [mobile] › tests/smoke/won-hidden-natives.spec.ts:14:3 › product-list is hidden from the section picker but still renders (0ms)
  ✓  269 [mobile] › tests/smoke/won-hidden-natives.spec.ts:14:3 › featured-blog-posts is hidden from the section picker but still renders (0ms)
  ✓  270 [mobile] › tests/smoke/won-hidden-natives.spec.ts:35:3 › quick-order-list stays visible in the picker (0ms)
  ✓  271 [mobile] › tests/smoke/won-hidden-natives.spec.ts:35:3 › featured-product stays visible in the picker (0ms)
  ✓  272 [mobile] › tests/smoke/won-hidden-natives.spec.ts:35:3 › featured-product-information stays visible in the picker (0ms)
  ✓  273 [mobile] › tests/smoke/won-hidden-natives.spec.ts:35:3 › custom-liquid stays visible in the picker (0ms)
  ✓  274 [mobile] › tests/smoke/won-hidden-natives.spec.ts:35:3 › divider stays visible in the picker (0ms)
  ✓  275 [mobile] › tests/smoke/won-lcp-priority.spec.ts:19:1 › the LCP image loads eagerly and asks for priority (2.3s)
  ✓  276 [mobile] › tests/smoke/won-listing-parity.spec.ts:62:1 › a product looks the same in search results as it does in a collection (3.6s)
  ✓  277 [mobile] › tests/smoke/won-no-raw-liquid.spec.ts:24:5 › no raw Liquid in the rendered page › / renders no Liquid delimiters (1.3s)
  ✓  278 [mobile] › tests/smoke/won-no-raw-liquid.spec.ts:24:5 › no raw Liquid in the rendered page › /collections/automated-collection renders no Liquid delimiters (984ms)
  ✓  279 [mobile] › tests/smoke/won-no-raw-liquid.spec.ts:24:5 › no raw Liquid in the rendered page › /pages/contact renders no Liquid delimiters (810ms)
  ✓  280 [mobile] › tests/smoke/won-pdp-composition.spec.ts:20:1 › data blocks inside a band fill their content column (1.6s)
  ✓  281 [mobile] › tests/smoke/won-pdp-composition.spec.ts:46:1 › the product title is the largest heading on the PDP (1.5s)
  ✓  282 [mobile] › tests/smoke/won-pdp-composition.spec.ts:68:1 › no schema placeholder copy leaks onto the storefront (1.5s)
  ✓  283 [mobile] › tests/smoke/won-pdp-composition.spec.ts:78:1 › a data block with no rows renders no orphan heading (1.6s)
  ✓  284 [mobile] › tests/smoke/won-pdp-composition.spec.ts:96:1 › product media is never smaller than the buy box column (5.6s)
  ✓  285 [mobile] › tests/smoke/won-pdp-composition.spec.ts:132:1 › the sticky bar repeats the buy box CTA, it does not restyle it (2.7s)
  ✓  286 [mobile] › tests/smoke/won-product-schema.spec.ts:15:1 › won-product-schema snippet: Product + additionalProperty, canonical @id, guard, escaping (2ms)
  ✓  287 [mobile] › tests/smoke/won-product-schema.spec.ts:34:1 › spec + nutrition tables self-emit with the right separator, gated by toggle (2ms)
  ✓  288 [mobile] › tests/smoke/won-product-schema.spec.ts:44:1 › emit_schema toggle present and ON by default on both blocks (1ms)
  ✓  289 [mobile] › tests/smoke/won-product-trust.spec.ts:12:1 › won-product-trust block reuses the shared snippets (no duplicated logic) (1ms)
  ✓  290 [mobile] › tests/smoke/won-product-trust.spec.ts:26:1 › name locale key resolves in both languages (2ms)
  ✓  291 [mobile] › tests/smoke/won-publish-global-settings.spec.ts:45:1 › publish seeds new won globals into an existing settings_data, without overwriting merchant values (198ms)
  ✓  292 [mobile] › tests/smoke/won-rail-affordance.spec.ts:87:5 › rails on / @390px expose controls exactly when they overflow (3.3s)
  ✓  293 [mobile] › tests/smoke/won-rail-affordance.spec.ts:87:5 › rails on / @700px expose controls exactly when they overflow (3.2s)
  ✓  294 [mobile] › tests/smoke/won-rail-affordance.spec.ts:87:5 › rails on / @1440px expose controls exactly when they overflow (3.3s)
  -  295 [mobile] › tests/smoke/won-rail-affordance.spec.ts:87:5 › rails on /collections/automated-collection @390px expose controls exactly when they overflow
  -  296 [mobile] › tests/smoke/won-rail-affordance.spec.ts:87:5 › rails on /collections/automated-collection @700px expose controls exactly when they overflow
  -  297 [mobile] › tests/smoke/won-rail-affordance.spec.ts:87:5 › rails on /collections/automated-collection @1440px expose controls exactly when they overflow
  ✓  298 [mobile] › tests/smoke/won-rail-affordance.spec.ts:111:1 › every arrow pair actually scrolls its rail (9.6s)
  ✓  299 [mobile] › tests/smoke/won-rail-arrow-contrast.spec.ts:43:1 › rail arrows on the page meet AA contrast in every tone (2.6s)
  ✓  300 [mobile] › tests/smoke/won-rail-arrow-contrast.spec.ts:133:1 › a rail arrow with no plate carries a text shadow over media (2.5s)
  ✓  301 [mobile] › tests/smoke/won-rail-arrow-contrast.spec.ts:191:1 › rail chrome never covers an interactive element (3.0s)
  ✓  302 [mobile] › tests/smoke/won-rail-arrow-contrast.spec.ts:247:1 › rail chrome sits below the rail it belongs to, never on top of it (3.2s)
  ✓  303 [mobile] › tests/smoke/won-rail-arrow-contrast.spec.ts:281:1 › no rail ships a second, overlay-style chrome variant (8ms)
  ✓  304 [mobile] › tests/smoke/won-rail-consistency.spec.ts:101:1 › arrow shape and size are identical on every rail (3.5s)
  -  305 [mobile] › tests/smoke/won-rail-consistency.spec.ts:111:1 › arrow colour is uniform unless the theme leaves it on auto
  ✓  306 [mobile] › tests/smoke/won-rail-consistency.spec.ts:126:1 › every scrolling rail uses the indicator the theme asked for (3.3s)
  ✓  307 [mobile] › tests/smoke/won-rail-indicator-modes.spec.ts:32:1 › the composed theme has rails to audit (1ms)
  ✓  308 [mobile] › tests/smoke/won-rail-indicator-modes.spec.ts:36:1 › every rail can render every indicator the theme-wide setting offers (1ms)
  ✓  309 [mobile] › tests/smoke/won-rail-indicator-modes.spec.ts:67:1 › no rail hand-rolls the indicator resolution any more (1ms)
  ✓  310 [mobile] › tests/smoke/won-rail-indicator-modes.spec.ts:83:1 › the shared controls snippet handles all four indicator values (1ms)
  ✓  311 [mobile] › tests/smoke/won-rail-indicator-scale.spec.ts:22:1 › the scroll indicator spans the free width of its control row (3.3s)
  ✓  312 [mobile] › tests/smoke/won-rail-indicator-scale.spec.ts:64:1 › the indicator thumb is proportional to how much is on screen (3.3s)
  ✓  313 [mobile] › tests/smoke/won-rail-indicator-scale.spec.ts:99:1 › stepping the quantity replays the sheen (11.1s)
  ✓  314 [mobile] › tests/smoke/won-rail-loop.spec.ts:56:1 › a looping rail wraps to the start instead of dead-ending (6.3s)
  ✓  315 [mobile] › tests/smoke/won-rail-loop.spec.ts:83:1 › a looping rail wraps backwards from the start to the end (3.7s)
  ✓  316 [mobile] › tests/smoke/won-rail-loop.spec.ts:98:1 › a looping rail clones nothing — every slide on the rail is a real one (2.3s)
  ✓  317 [mobile] › tests/smoke/won-rail-loop.spec.ts:108:1 › a looping rail keeps its progress bar (2.2s)
  ✓  318 [mobile] › tests/smoke/won-rail-loop.spec.ts:126:1 › slides next to the one on screen have their media requested already (2.2s)
  ✓  319 [mobile] › tests/smoke/won-schema-integrity.spec.ts:64:1 › every t: key a won schema uses exists in BOTH locales (27ms)
  ✓  320 [mobile] › tests/smoke/won-schema-integrity.spec.ts:89:1 › every visible_if names a setting that exists in the same schema (5ms)
  ✓  321 [mobile] › tests/smoke/won-schema-integrity.spec.ts:108:1 › every range default is a real step in its own range (4ms)
  ✓  322 [mobile] › tests/smoke/won-schema-integrity.spec.ts:183:1 › the predicate actually bites (red-proof) (1ms)
  ✓  323 [mobile] › tests/smoke/won-schema-integrity.spec.ts:208:1 › every preset renders something with zero configuration (5ms)
  ✓  324 [mobile] › tests/smoke/won-schema-phases.spec.ts:16:1 › F3 AggregateRating: won-rating emits schema only on the PDP, gated (1ms)
  ✓  325 [mobile] › tests/smoke/won-schema-phases.spec.ts:28:1 › F4 MerchantReturnPolicy: snippet + global settings + PDP wiring (2ms)
  ✓  326 [mobile] › tests/smoke/won-schema-phases.spec.ts:50:1 › F5 HowTo: won-howto-schema from won-dosage, gated (1ms)
  ✓  327 [mobile] › tests/smoke/won-schema-phases.spec.ts:62:1 › F6 comparison: yes/no cells carry a text equivalent for extraction (0ms)
  ✓  328 [mobile] › tests/smoke/won-schema-phases.spec.ts:70:1 › F7 site schema: WebSite + SearchAction, homepage only, wired in <head> (0ms)
  ✓  329 [mobile] › tests/smoke/won-schema-phases.spec.ts:80:1 › F8 trust bridge: won-trust reads won.* metafields → badge + additionalProperty, gated (1ms)
  ✓  330 [mobile] › tests/smoke/won-settings-coverage.spec.ts:104:1 › every won-* section setting (and child-block setting) is wired to the theme source (9ms)
  ✓  331 [mobile] › tests/smoke/won-settings-fixes.spec.ts:17:1 › won-band: content align actually moves the button row, not just text (1.0s)
  ✓  332 [mobile] › tests/smoke/won-settings-fixes.spec.ts:56:1 › won-slide: min height applies to a plain (non-overlayed) slide body (916ms)
  -  333 [mobile] › tests/smoke/won-settings-fixes.spec.ts:77:1 › won-tabbed-rail: desktop heading size is consumed at >= 750px
  ✓  334 [mobile] › tests/smoke/won-slide-art-direction.spec.ts:36:3 › won-slide art direction › slide media fills its box (no gap under an art-directed image) (940ms)
  ✓  335 [mobile] › tests/smoke/won-slide-art-direction.spec.ts:57:3 › won-slide art direction › below 750px the packaged mobile asset is the one served (1.0s)
  ✓  336 [mobile] › tests/smoke/won-unified-behavior.spec.ts:16:1 › Visibility toggles hide the section at the correct breakpoint (875ms)
  ✓  337 [mobile] › tests/smoke/won-unified-behavior.spec.ts:49:1 › Mode select drives a render class on the carousel (929ms)
  ✓  338 [mobile] › tests/smoke/won-unified-behavior.spec.ts:58:1 › Infinite-scroll setting makes the rail wrap only where its scope applies (4.8s)
  ✓  339 [mobile] › tests/smoke/won-unified-schema.spec.ts:58:1 › composed theme has sections to audit (0ms)
  ✓  340 [mobile] › tests/smoke/won-unified-schema.spec.ts:62:1 › every won section orders its group headers canonically (0ms)
  ✓  341 [mobile] › tests/smoke/won-unified-schema.spec.ts:76:1 › Visibility, when present, is the first group (after an optional About paragraph) (0ms)
  ✓  342 [mobile] › tests/smoke/won-unified-schema.spec.ts:93:1 › a Mode group leads with an always-visible behavior select (0ms)
  ✓  343 [mobile] › tests/smoke/won-unified-schema.spec.ts:107:1 › hide_mobile / hide_desktop live only under the Visibility group (0ms)
  ✓  344 [mobile] › tests/smoke/won-unified-schema.spec.ts:134:1 › every range setting spans 3–101 steps with an on-grid default (2ms)
  ✓  345 [mobile] › tests/smoke/won-unified-schema.spec.ts:155:1 › no render tag passes a filtered argument (3ms)
  ✓  346 [mobile] › tests/smoke/won-unit-price-honesty.spec.ts:79:1 › the printed unit price tracks the quantity on the variant axis (14.4s)
  ✓  347 [mobile] › tests/smoke/won-unit-price-honesty.spec.ts:148:1 › only one file computes a unit price (23ms)
  ✓  348 [mobile] › tests/smoke/won-unit-price-honesty.spec.ts:161:1 › no consumer ships a fabricated reference amount as a default (10ms)
  ✓  349 [mobile] › tests/smoke/won-unit-price-honesty.spec.ts:227:1 › the unit-price ladder is one global, merchant-editable setting (3ms)
  ✓  350 [mobile] › tests/smoke/won-unit-price-honesty.spec.ts:247:1 › no file hardcodes a reference metafield or unit (7ms)
  ✓  351 [mobile] › tests/smoke/won-unit-price-honesty.spec.ts:276:1 › every unit label on the storefront comes from the declared ladder (11.9s)
  ✓  352 [mobile] › tests/smoke/won-wave1-parity.spec.ts:14:1 › grid carousel with mobile_carousel scrolls horizontally on mobile (1.1s)
  ✓  353 [mobile] › tests/smoke/won-wave1-parity.spec.ts:32:1 › grid carousel without mobile_carousel stays a stacked grid on mobile (1.0s)
  -  354 [mobile] › tests/smoke/won-wave1-parity.spec.ts:45:1 › carousel arrows carry their style modifier class
  -  355 [mobile] › tests/smoke/won-wave1-parity.spec.ts:56:1 › article cards render author and reading time when enabled
  -  356 [mobile] › tests/smoke/won-wave1-parity.spec.ts:107:1 › default arrow style is visually identical to the pre-arrow_style look


  1) [desktop] › tests/smoke/won-feedback-8.spec.ts:93:1 › quick add updates the header cart count ─

    Error: header cart count must react to a card quick-add (no reload)

    [2mexpect([22m[31mreceived[39m[2m).[22mtoBe[2m([22m[32mexpected[39m[2m) // Object.is equality[22m

    Expected: [32m1[39m
    Received: [31m0[39m

    Call Log:
    - Timeout 8000ms exceeded while waiting on the predicate

      112 |   await card.locator('[data-won-add]').click();
      113 |
    > 114 |   await expect
          |   ^
      115 |     .poll(countInHeader, {
      116 |       message: 'header cart count must react to a card quick-add (no reload)',
      117 |       timeout: 8000,
        at /Users/ondrej/Development/WonCommerce/Apps/b2b_b2c/tests/smoke/won-feedback-8.spec.ts:114:3

    attachment #1: screenshot (image/png) ──────────────────────────────────────────────────────────
    test-results/smoke-won-feedback-8-quick-add-updates-the-header-cart-count-desktop/test-failed-1.png
    ────────────────────────────────────────────────────────────────────────────────────────────────

    Error Context: test-results/smoke-won-feedback-8-quick-add-updates-the-header-cart-count-desktop/error-context.md

  1 failed
    [desktop] › tests/smoke/won-feedback-8.spec.ts:93:1 › quick add updates the header cart count ──
  28 skipped
  327 passed (10.8m)
