(node:25598) [DEP0205] DeprecationWarning: `module.register()` is deprecated. Use `module.registerHooks()` instead.
(Use `node --trace-deprecation ...` to show where the warning was created)

Running 374 tests using 1 worker

(node:25599) [DEP0205] DeprecationWarning: `module.register()` is deprecated. Use `module.registerHooks()` instead.
(Use `node --trace-deprecation ...` to show where the warning was created)
  ✓    1 [desktop] › tests/smoke/customization-layer.spec.ts:11:1 › won sections are wired to the shared style-vars pipeline (1.4s)
  ✓    2 [desktop] › tests/smoke/customization-layer.spec.ts:24:1 › won-tokens.css consumes the universal border/shadow/radius vars (1.3s)
  ✓    3 [desktop] › tests/smoke/customization-layer.spec.ts:52:1 › won-tokens.css consumes the Tier 2 typography + motion vars (1.0s)
  ✓    4 [desktop] › tests/smoke/customization-layer.spec.ts:78:1 › per-section bg/text color override wins over the color scheme (1.0s)
  ✓    5 [desktop] › tests/smoke/customization-layer.spec.ts:98:1 › won-tokens.css consumes the Tier 3 advanced overrides (1.1s)
  ✓    6 [desktop] › tests/smoke/customization-layer.spec.ts:119:1 › editor coaching never leaks to the live storefront (1.9s)
  ✓    7 [desktop] › tests/smoke/customization-layer.spec.ts:131:1 › responsive visibility var hides the section at the active breakpoint (1.2s)
  ✓    8 [desktop] › tests/smoke/storefront.spec.ts:98:3 › home — health + responsive (1.1s)
  ✓    9 [desktop] › tests/smoke/storefront.spec.ts:98:3 › product — health + responsive (912ms)
  ✓   10 [desktop] › tests/smoke/storefront.spec.ts:98:3 › collection — health + responsive (914ms)
  ✓   11 [desktop] › tests/smoke/storefront.spec.ts:98:3 › cart — health + responsive (1.4s)
  ✓   12 [desktop] › tests/smoke/storefront.spec.ts:98:3 › search — health + responsive (944ms)
  -   13 [desktop] › tests/smoke/storefront.spec.ts:115:1 › sections — heading alignment matches body (no centered title over left content)
  ✓   14 [desktop] › tests/smoke/storefront.spec.ts:131:1 › FAQ split — image column sits beside the accordion (image left, questions right) (1.0s)
  ✓   15 [desktop] › tests/smoke/storefront.spec.ts:154:1 › won-panels FAQ — heading and questions always render (1.1s)
  ✓   16 [desktop] › tests/smoke/storefront.spec.ts:170:1 › hero rail — a full card and a peeking neighbour on desktop (1.1s)
  ✓   17 [desktop] › tests/smoke/storefront.spec.ts:182:1 › band center-gutter — media flanks the centred copy on desktop (1.0s)
  ✓   18 [desktop] › tests/smoke/storefront.spec.ts:201:1 › tile badge — renders in the chosen corner (top-right) (1.0s)
  ✓   19 [desktop] › tests/smoke/storefront.spec.ts:213:1 › slide annotation — headline gets a hand-drawn accent doodle (1.1s)
  ✓   20 [desktop] › tests/smoke/storefront.spec.ts:225:1 › comparison — quality dots render (dots:N/M cell syntax) (1.1s)
  ✓   21 [desktop] › tests/smoke/storefront.spec.ts:236:1 › tile icon — emoji renders before the label (977ms)
  ✓   22 [desktop] › tests/smoke/storefront.spec.ts:243:1 › slide gradient — a photo-free slide paints its CSS gradient background (1.0s)
  ✓   23 [desktop] › tests/smoke/storefront.spec.ts:251:1 › stats — optional icon renders on each stat (941ms)
  ✓   24 [desktop] › tests/smoke/storefront.spec.ts:260:1 › shoppable image — hotspot pins reveal a product card on focus (1.1s)
  ✓   25 [desktop] › tests/smoke/storefront.spec.ts:278:1 › shoppable image — a configured hotspot honours its separate mobile position (966ms)
  ✓   26 [desktop] › tests/smoke/storefront.spec.ts:305:1 › tabbed rail — segmented tabs toggle their product panels (1.0s)
  -   27 [desktop] › tests/smoke/storefront.spec.ts:324:1 › carousel dots — page pager renders, is clickable, and tracks position
  ✓   28 [desktop] › tests/smoke/storefront.spec.ts:343:1 › marquee — seamless loop is a duplicated, aria-hidden track (1.1s)
  -   29 [desktop] › tests/smoke/storefront.spec.ts:358:1 › home — block grids with mobile carousel become a real swipeable rail
  -   30 [desktop] › tests/smoke/storefront.spec.ts:378:1 › home — carousels honour their mobile mode
  ✓   31 [desktop] › tests/smoke/storefront.spec.ts:420:1 › marquee — track spans >= 2x the viewport so the loop never shows a blank gap (1.0s)
  ✓   32 [desktop] › tests/smoke/storefront.spec.ts:451:1 › hero peek — the first slide starts flush and its neighbour peeks in (2.7s)
  ✓   33 [desktop] › tests/smoke/storefront.spec.ts:494:1 › hero carousel — loops endlessly, arrows never dead-end (4.0s)
  -   34 [desktop] › tests/smoke/storefront.spec.ts:523:1 › won-carousel — mobile peek shows a neighbour on BOTH sides mid-scroll
  ✓   35 [desktop] › tests/smoke/storefront.spec.ts:566:1 › won-carousel marquee — the belt is duplicated and spans >= 2x the viewport (1.0s)
  ✓   36 [desktop] › tests/smoke/storefront.spec.ts:596:1 › announcement bar — every message renders and the free-shipping progress is live (1.0s)
  ✓   37 [desktop] › tests/smoke/storefront.spec.ts:610:1 › announcement bar — rotate shows exactly one message at a time (motion on) (985ms)
  ✓   38 [desktop] › tests/smoke/storefront.spec.ts:628:1 › sticky ATC — corner style floats as a small rounded card at the bottom-inline-end (1.1s)
  ✓   39 [desktop] › tests/smoke/storefront.spec.ts:657:1 › sticky ATC — center style floats as a centered pill, not full width (1.0s)
  ✓   40 [desktop] › tests/smoke/storefront.spec.ts:680:1 › announcement bar — the close button dismisses it for the session (1.8s)
  ✓   41 [desktop] › tests/smoke/won-block-wrapper-selectors.spec.ts:46:1 › no CSS selector treats a theme block as a direct child (7ms)
  ✓   42 [desktop] › tests/smoke/won-breadcrumbs.spec.ts:26:3 › PDP shows a breadcrumb trail (2.7s)
  ✓   43 [desktop] › tests/smoke/won-breadcrumbs.spec.ts:57:3 › PDP emits BreadcrumbList matching what is on screen (2.0s)
  ✓   44 [desktop] › tests/smoke/won-breadcrumbs.spec.ts:26:3 › collection shows a breadcrumb trail (1.9s)
  ✓   45 [desktop] › tests/smoke/won-breadcrumbs.spec.ts:57:3 › collection emits BreadcrumbList matching what is on screen (1.9s)
  ✓   46 [desktop] › tests/smoke/won-card-choose-action.spec.ts:34:1 › the theme offers a choose-action setting, defaulting to the modal (1ms)
  ✓   47 [desktop] › tests/smoke/won-card-choose-action.spec.ts:50:1 › Choose opens the quick-view dialog without leaving the listing (5.5s)
  ✓   48 [desktop] › tests/smoke/won-card-choose-action.spec.ts:93:1 › Choose keeps the card CTA shape whichever mode is active (2.5s)
  ✓   49 [desktop] › tests/smoke/won-card-cta-size.spec.ts:22:1 › every card quick-add variant renders at the same height (2.6s)
  ✓   50 [desktop] › tests/smoke/won-card-cta-size.spec.ts:74:1 › card quick-add variants share one shape in their label state (2.6s)
  ✓   51 [desktop] › tests/smoke/won-card-quick-add.spec.ts:20:1 › card declares its quick-add placement and reveal (1.2s)
  ✓   52 [desktop] › tests/smoke/won-card-quick-add.spec.ts:29:1 › quick-add control is reachable and correctly sized for touch (3.0s)
  ✓   53 [desktop] › tests/smoke/won-card-quick-add.spec.ts:45:1 › stepper quantity follows the cart (11.0s)
  ✓   54 [desktop] › tests/smoke/won-card-scale.spec.ts:58:1 › rail cards never outgrow the card ceiling (3.3s)
  ✓   55 [desktop] › tests/smoke/won-card-scale.spec.ts:68:1 › card title stays legible relative to the card it sits on (3.2s)
  ✓   56 [desktop] › tests/smoke/won-card-scale.spec.ts:81:1 › no dead zone: the 750px rail is not a single full-width column (3.2s)
  ✓   57 [desktop] › tests/smoke/won-carousel-arrows.spec.ts:8:1 › carousel arrows are visible only when the rail overflows (1.1s)
  ✓   58 [desktop] › tests/smoke/won-carousel-controls.spec.ts:19:1 › carousel pager controls render (and never show a dead/empty bar) (1.7s)
  ✓   59 [desktop] › tests/smoke/won-category-labels.spec.ts:15:3 › composed cs.schema.json has no duplicate picker category labels (1ms)
  ✓   60 [desktop] › tests/smoke/won-category-labels.spec.ts:15:3 › composed en.default.schema.json has no duplicate picker category labels (0ms)
  ✓   61 [desktop] › tests/smoke/won-compose-idempotence.spec.ts:24:1 › a second compose does not rewrite files it did not change (1.7s)
  ✓   62 [desktop] › tests/smoke/won-countup-reachable.spec.ts:59:1 › every global theme setting is read by a section a merchant can insert (7ms)
  ✓   63 [desktop] › tests/smoke/won-countup.spec.ts:18:1 › won-stats opts into count-up: data attr, script tag, settings (1ms)
  ✓   64 [desktop] › tests/smoke/won-countup.spec.ts:32:1 › global animation fragment + compose step exist (0ms)
  ✓   65 [desktop] › tests/smoke/won-countup.spec.ts:60:1 › parser keeps prefix/suffix and format; refuses ambiguous values (2ms)
  ✓   66 [desktop] › tests/smoke/won-countup.spec.ts:98:1 › formatValue restores exact final text at the end of the run (0ms)
  ✓   67 [desktop] › tests/smoke/won-cta-effects.spec.ts:33:1 › every won CTA opts into the shared effect layer (3.4s)
  ✓   68 [desktop] › tests/smoke/won-cta-effects.spec.ts:60:1 › the whole theme resolves ONE effect per family (3.3s)
  ✓   69 [desktop] › tests/smoke/won-cta-effects.spec.ts:88:1 › card quick-add visibly reacts to hover (5.9s)
  ✓   70 [desktop] › tests/smoke/won-cta-effects.spec.ts:119:1 › sheen is a real animation when the theme asks for it (5.7s)
  ✓   71 [desktop] › tests/smoke/won-cta-effects.spec.ts:144:1 › effects stand down under prefers-reduced-motion (5.5s)
  ✓   72 [desktop] › tests/smoke/won-cta-invariants.spec.ts:35:1 › no won CTA hardcodes target="_blank" — new-tab is always gated (2ms)
  ✓   73 [desktop] › tests/smoke/won-cta-invariants.spec.ts:49:1 › rewired sections render CTAs via won-button, not inline won-btn markup (1ms)
  ✓   74 [desktop] › tests/smoke/won-cta-invariants.spec.ts:59:1 › every won-carousel preset needing blocks ships them (no empty section on insert) (0ms)
  ✓   75 [desktop] › tests/smoke/won-faq-schema.spec.ts:14:1 › won-faq-schema snippet: FAQPage, honesty guard, safe escaping, doc (1ms)
  ✓   76 [desktop] › tests/smoke/won-faq-schema.spec.ts:29:1 › both FAQ row blocks self-emit the schema, gated by the section toggle (1ms)
  ✓   77 [desktop] › tests/smoke/won-faq-schema.spec.ts:46:1 › smart defaults: accordion ON, panels OFF (0ms)
  ✓   78 [desktop] › tests/smoke/won-feedback-8.spec.ts:50:1 › rail progress bar and arrows share one control row (3.4s)
  ✓   79 [desktop] › tests/smoke/won-feedback-8.spec.ts:93:1 › quick add updates the header cart count (9.1s)
  ✓   80 [desktop] › tests/smoke/won-feedback-8.spec.ts:122:1 › card quick-add renders a stepper once the line exists (13.6s)
  ✓   81 [desktop] › tests/smoke/won-feedback-8.spec.ts:172:1 › won-feature rows align their body text across the row (13.1s)
  ✓   82 [desktop] › tests/smoke/won-feedback-8.spec.ts:221:1 › PDP main media shows the whole packshot with breathing room (2.0s)
  ✓   83 [desktop] › tests/smoke/won-feedback-8.spec.ts:252:1 › PDP puts the product description under the price, and ships no highlights block (1ms)
  ✓   84 [desktop] › tests/smoke/won-header-search.spec.ts:58:3 › home — the header shows a usable search field, not just an icon (1.8s)
  ✓   85 [desktop] › tests/smoke/won-header-search.spec.ts:86:3 › home — the search field accepts typing and stays reachable when scrolled (2.3s)
  ✓   86 [desktop] › tests/smoke/won-header-search.spec.ts:58:3 › collection — the header shows a usable search field, not just an icon (1.7s)
  ✓   87 [desktop] › tests/smoke/won-header-search.spec.ts:86:3 › collection — the search field accepts typing and stays reachable when scrolled (2.2s)
  ✓   88 [desktop] › tests/smoke/won-header-search.spec.ts:58:3 › PDP — the header shows a usable search field, not just an icon (1.8s)
  ✓   89 [desktop] › tests/smoke/won-header-search.spec.ts:86:3 › PDP — the search field accepts typing and stays reachable when scrolled (2.6s)
  ✓   90 [desktop] › tests/smoke/won-header-search.spec.ts:116:1 › submitting the header field lands on the search results page for products (2.6s)
  ✓   91 [desktop] › tests/smoke/won-hidden-natives.spec.ts:14:3 › product-list is hidden from the section picker but still renders (0ms)
  ✓   92 [desktop] › tests/smoke/won-hidden-natives.spec.ts:14:3 › featured-blog-posts is hidden from the section picker but still renders (0ms)
  ✓   93 [desktop] › tests/smoke/won-hidden-natives.spec.ts:35:3 › quick-order-list stays visible in the picker (0ms)
  ✓   94 [desktop] › tests/smoke/won-hidden-natives.spec.ts:35:3 › featured-product stays visible in the picker (0ms)
  ✓   95 [desktop] › tests/smoke/won-hidden-natives.spec.ts:35:3 › featured-product-information stays visible in the picker (0ms)
  ✓   96 [desktop] › tests/smoke/won-hidden-natives.spec.ts:35:3 › custom-liquid stays visible in the picker (0ms)
  ✓   97 [desktop] › tests/smoke/won-hidden-natives.spec.ts:35:3 › divider stays visible in the picker (0ms)
  ✓   98 [desktop] › tests/smoke/won-lcp-priority.spec.ts:19:1 › the LCP image loads eagerly and asks for priority (2.4s)
  ✓   99 [desktop] › tests/smoke/won-listing-parity.spec.ts:62:1 › a product looks the same in search results as it does in a collection (3.9s)
  ✓  100 [desktop] › tests/smoke/won-no-raw-liquid.spec.ts:24:5 › no raw Liquid in the rendered page › / renders no Liquid delimiters (1.4s)
  ✓  101 [desktop] › tests/smoke/won-no-raw-liquid.spec.ts:24:5 › no raw Liquid in the rendered page › /collections/automated-collection renders no Liquid delimiters (1.4s)
  ✓  102 [desktop] › tests/smoke/won-no-raw-liquid.spec.ts:24:5 › no raw Liquid in the rendered page › /pages/contact renders no Liquid delimiters (973ms)
  ✓  103 [desktop] › tests/smoke/won-packshot-labels.spec.ts:31:1 › no packshot is shared by two products (0ms)
  ✓  104 [desktop] › tests/smoke/won-packshot-labels.spec.ts:44:1 › every packshot exists and prints the name of the product wearing it (2ms)
  ✓  105 [desktop] › tests/smoke/won-pdp-composition.spec.ts:20:1 › data blocks inside a band fill their content column (1.8s)
  ✓  106 [desktop] › tests/smoke/won-pdp-composition.spec.ts:46:1 › the product title is the largest heading on the PDP (1.8s)
  ✓  107 [desktop] › tests/smoke/won-pdp-composition.spec.ts:68:1 › no schema placeholder copy leaks onto the storefront (1.8s)
  ✓  108 [desktop] › tests/smoke/won-pdp-composition.spec.ts:78:1 › a data block with no rows renders no orphan heading (1.9s)
  ✓  109 [desktop] › tests/smoke/won-pdp-composition.spec.ts:96:1 › product media is never smaller than the buy box column (5.9s)
  ✓  110 [desktop] › tests/smoke/won-pdp-composition.spec.ts:132:1 › the sticky bar repeats the buy box CTA, it does not restyle it (3.1s)
  ✓  111 [desktop] › tests/smoke/won-product-schema.spec.ts:15:1 › won-product-schema snippet: Product + additionalProperty, canonical @id, guard, escaping (2ms)
  ✓  112 [desktop] › tests/smoke/won-product-schema.spec.ts:34:1 › spec + nutrition tables self-emit with the right separator, gated by toggle (1ms)
  ✓  113 [desktop] › tests/smoke/won-product-schema.spec.ts:44:1 › emit_schema toggle present and ON by default on both blocks (0ms)
  ✓  114 [desktop] › tests/smoke/won-product-trust.spec.ts:12:1 › won-product-trust block reuses the shared snippets (no duplicated logic) (1ms)
  ✓  115 [desktop] › tests/smoke/won-product-trust.spec.ts:26:1 › name locale key resolves in both languages (0ms)
  ✓  116 [desktop] › tests/smoke/won-publish-global-settings.spec.ts:45:1 › publish seeds new won globals into an existing settings_data, without overwriting merchant values (135ms)
  ✓  117 [desktop] › tests/smoke/won-rail-affordance.spec.ts:87:5 › rails on / @390px expose controls exactly when they overflow (3.4s)
  ✓  118 [desktop] › tests/smoke/won-rail-affordance.spec.ts:87:5 › rails on / @700px expose controls exactly when they overflow (3.5s)
  ✓  119 [desktop] › tests/smoke/won-rail-affordance.spec.ts:87:5 › rails on / @1440px expose controls exactly when they overflow (3.5s)
  -  120 [desktop] › tests/smoke/won-rail-affordance.spec.ts:87:5 › rails on /collections/automated-collection @390px expose controls exactly when they overflow
  -  121 [desktop] › tests/smoke/won-rail-affordance.spec.ts:87:5 › rails on /collections/automated-collection @700px expose controls exactly when they overflow
  -  122 [desktop] › tests/smoke/won-rail-affordance.spec.ts:87:5 › rails on /collections/automated-collection @1440px expose controls exactly when they overflow
  ✓  123 [desktop] › tests/smoke/won-rail-affordance.spec.ts:111:1 › every arrow pair actually scrolls its rail (7.0s)
  ✓  124 [desktop] › tests/smoke/won-rail-arrow-contrast.spec.ts:43:1 › rail arrows on the page meet AA contrast in every tone (2.7s)
  ✓  125 [desktop] › tests/smoke/won-rail-arrow-contrast.spec.ts:133:1 › a rail arrow with no plate carries a text shadow over media (2.8s)
  ✓  126 [desktop] › tests/smoke/won-rail-arrow-contrast.spec.ts:191:1 › rail chrome never covers an interactive element (3.2s)
  ✓  127 [desktop] › tests/smoke/won-rail-arrow-contrast.spec.ts:247:1 › rail chrome sits below the rail it belongs to, never on top of it (3.4s)
  ✓  128 [desktop] › tests/smoke/won-rail-arrow-contrast.spec.ts:281:1 › no rail ships a second, overlay-style chrome variant (8ms)
  ✓  129 [desktop] › tests/smoke/won-rail-consistency.spec.ts:101:1 › arrow shape and size are identical on every rail (3.6s)
  -  130 [desktop] › tests/smoke/won-rail-consistency.spec.ts:111:1 › arrow colour is uniform unless the theme leaves it on auto
  -  131 [desktop] › tests/smoke/won-rail-consistency.spec.ts:126:1 › every scrolling rail uses the indicator the theme asked for
  ✓  132 [desktop] › tests/smoke/won-rail-dots.spec.ts:62:3 › a peek rail of 3 slides shows 3 dots, and each one lands on its slide (1.4s)
  ✓  133 [desktop] › tests/smoke/won-rail-dots.spec.ts:62:3 › a peek rail of 4 slides shows 4 dots, and each one lands on its slide (1.8s)
  ✓  134 [desktop] › tests/smoke/won-rail-dots.spec.ts:62:3 › a peek rail of 6 slides shows 6 dots, and each one lands on its slide (2.6s)
  ✓  135 [desktop] › tests/smoke/won-rail-indicator-modes.spec.ts:32:1 › the composed theme has rails to audit (1ms)
  ✓  136 [desktop] › tests/smoke/won-rail-indicator-modes.spec.ts:36:1 › every rail can render every indicator the theme-wide setting offers (1ms)
  ✓  137 [desktop] › tests/smoke/won-rail-indicator-modes.spec.ts:67:1 › no rail hand-rolls the indicator resolution any more (1ms)
  ✓  138 [desktop] › tests/smoke/won-rail-indicator-modes.spec.ts:83:1 › the shared controls snippet handles all four indicator values (1ms)
  -  139 [desktop] › tests/smoke/won-rail-indicator-scale.spec.ts:22:1 › the scroll indicator spans the free width of its control row
  -  140 [desktop] › tests/smoke/won-rail-indicator-scale.spec.ts:64:1 › the indicator thumb is proportional to how much is on screen
  ✘  141 [desktop] › tests/smoke/won-rail-indicator-scale.spec.ts:99:1 › stepping the quantity replays the sheen (1.0m)
(node:26103) [DEP0205] DeprecationWarning: `module.register()` is deprecated. Use `module.registerHooks()` instead.
(Use `node --trace-deprecation ...` to show where the warning was created)
  -  142 [desktop] › tests/smoke/won-rail-loop.spec.ts:56:1 › a looping rail wraps to the start instead of dead-ending
  -  143 [desktop] › tests/smoke/won-rail-loop.spec.ts:83:1 › a looping rail wraps backwards from the start to the end
  -  144 [desktop] › tests/smoke/won-rail-loop.spec.ts:98:1 › a looping rail clones nothing — every slide on the rail is a real one
  -  145 [desktop] › tests/smoke/won-rail-loop.spec.ts:108:1 › a looping rail keeps its progress bar
  -  146 [desktop] › tests/smoke/won-rail-loop.spec.ts:126:1 › slides next to the one on screen have their media requested already
  ✓  147 [desktop] › tests/smoke/won-schema-integrity.spec.ts:64:1 › every t: key a won schema uses exists in BOTH locales (12ms)
  ✓  148 [desktop] › tests/smoke/won-schema-integrity.spec.ts:89:1 › every visible_if names a setting that exists in the same schema (5ms)
  ✓  149 [desktop] › tests/smoke/won-schema-integrity.spec.ts:108:1 › every range default is a real step in its own range (5ms)
  ✓  150 [desktop] › tests/smoke/won-schema-integrity.spec.ts:183:1 › the predicate actually bites (red-proof) (1ms)
  ✓  151 [desktop] › tests/smoke/won-schema-integrity.spec.ts:208:1 › every preset renders something with zero configuration (5ms)
  ✓  152 [desktop] › tests/smoke/won-schema-phases.spec.ts:16:1 › F3 AggregateRating: won-rating emits schema only on the PDP, gated (1ms)
  ✓  153 [desktop] › tests/smoke/won-schema-phases.spec.ts:28:1 › F4 MerchantReturnPolicy: snippet + global settings + PDP wiring (1ms)
  ✓  154 [desktop] › tests/smoke/won-schema-phases.spec.ts:50:1 › F5 HowTo: won-howto-schema from won-dosage, gated (1ms)
  ✓  155 [desktop] › tests/smoke/won-schema-phases.spec.ts:62:1 › F6 comparison: yes/no cells carry a text equivalent for extraction (0ms)
  ✓  156 [desktop] › tests/smoke/won-schema-phases.spec.ts:70:1 › F7 site schema: WebSite + SearchAction, homepage only, wired in <head> (0ms)
  ✓  157 [desktop] › tests/smoke/won-schema-phases.spec.ts:80:1 › F8 trust bridge: won-trust reads won.* metafields → badge + additionalProperty, gated (1ms)
  ✘  158 [desktop] › tests/smoke/won-search-inputs.spec.ts:25:1 › the search page paints exactly one search field (1.1s)
(node:26124) [DEP0205] DeprecationWarning: `module.register()` is deprecated. Use `module.registerHooks()` instead.
(Use `node --trace-deprecation ...` to show where the warning was created)
  ✘  159 [desktop] › tests/smoke/won-search-inputs.spec.ts:70:3 › home — every search form asks for products and for partial words (1.1s)
(node:26133) [DEP0205] DeprecationWarning: `module.register()` is deprecated. Use `module.registerHooks()` instead.
(Use `node --trace-deprecation ...` to show where the warning was created)
  ✘  160 [desktop] › tests/smoke/won-search-inputs.spec.ts:70:3 › search page — every search form asks for products and for partial words (1.1s)
(node:26143) [DEP0205] DeprecationWarning: `module.register()` is deprecated. Use `module.registerHooks()` instead.
(Use `node --trace-deprecation ...` to show where the warning was created)
  ✓  161 [desktop] › tests/smoke/won-settings-coverage.spec.ts:104:1 › every won-* section setting (and child-block setting) is wired to the theme source (10ms)
  -  162 [desktop] › tests/smoke/won-settings-fixes.spec.ts:17:1 › won-band: content align actually moves the button row, not just text
  ✘  163 [desktop] › tests/smoke/won-settings-fixes.spec.ts:56:1 › won-slide: min height applies to a plain (non-overlayed) slide body (1.0m)
(node:26242) [DEP0205] DeprecationWarning: `module.register()` is deprecated. Use `module.registerHooks()` instead.
(Use `node --trace-deprecation ...` to show where the warning was created)
  ✘  164 [desktop] › tests/smoke/won-settings-fixes.spec.ts:77:1 › won-tabbed-rail: desktop heading size is consumed at >= 750px (1.0m)
(node:26276) [DEP0205] DeprecationWarning: `module.register()` is deprecated. Use `module.registerHooks()` instead.
(Use `node --trace-deprecation ...` to show where the warning was created)
  ✘  165 [desktop] › tests/smoke/won-slide-art-direction.spec.ts:36:3 › won-slide art direction › slide media fills its box (no gap under an art-directed image) (1.0m)
(node:26380) [DEP0205] DeprecationWarning: `module.register()` is deprecated. Use `module.registerHooks()` instead.
(Use `node --trace-deprecation ...` to show where the warning was created)
  ✘  166 [desktop] › tests/smoke/won-slide-art-direction.spec.ts:57:3 › won-slide art direction › below 750px the packaged mobile asset is the one served (1.0m)
(node:26415) [DEP0205] DeprecationWarning: `module.register()` is deprecated. Use `module.registerHooks()` instead.
(Use `node --trace-deprecation ...` to show where the warning was created)
  ✘  167 [desktop] › tests/smoke/won-unified-behavior.spec.ts:16:1 › Visibility toggles hide the section at the correct breakpoint (1.0m)
(node:26532) [DEP0205] DeprecationWarning: `module.register()` is deprecated. Use `module.registerHooks()` instead.
(Use `node --trace-deprecation ...` to show where the warning was created)
  -  168 [desktop] › tests/smoke/won-unified-behavior.spec.ts:49:1 › Mode select drives a render class on the carousel
  -  169 [desktop] › tests/smoke/won-unified-behavior.spec.ts:58:1 › Infinite-scroll setting makes the rail wrap only where its scope applies
  ✓  170 [desktop] › tests/smoke/won-unified-schema.spec.ts:58:1 › composed theme has sections to audit (1ms)
  ✓  171 [desktop] › tests/smoke/won-unified-schema.spec.ts:62:1 › every won section orders its group headers canonically (1ms)
  ✓  172 [desktop] › tests/smoke/won-unified-schema.spec.ts:76:1 › Visibility, when present, is the first group (after an optional About paragraph) (0ms)
  ✓  173 [desktop] › tests/smoke/won-unified-schema.spec.ts:93:1 › a Mode group leads with an always-visible behavior select (0ms)
  ✓  174 [desktop] › tests/smoke/won-unified-schema.spec.ts:107:1 › hide_mobile / hide_desktop live only under the Visibility group (0ms)
  ✓  175 [desktop] › tests/smoke/won-unified-schema.spec.ts:134:1 › every range setting spans 3–101 steps with an on-grid default (2ms)
  ✓  176 [desktop] › tests/smoke/won-unified-schema.spec.ts:155:1 › no render tag passes a filtered argument (2ms)
  ✘  177 [desktop] › tests/smoke/won-unit-price-honesty.spec.ts:79:1 › the printed unit price tracks the quantity on the variant axis (368ms)
(node:26544) [DEP0205] DeprecationWarning: `module.register()` is deprecated. Use `module.registerHooks()` instead.
(Use `node --trace-deprecation ...` to show where the warning was created)
  ✓  178 [desktop] › tests/smoke/won-unit-price-honesty.spec.ts:148:1 › only one file computes a unit price (7ms)
  ✓  179 [desktop] › tests/smoke/won-unit-price-honesty.spec.ts:161:1 › no consumer ships a fabricated reference amount as a default (8ms)
  ✓  180 [desktop] › tests/smoke/won-unit-price-honesty.spec.ts:227:1 › the unit-price ladder is one global, merchant-editable setting (2ms)
  ✓  181 [desktop] › tests/smoke/won-unit-price-honesty.spec.ts:247:1 › no file hardcodes a reference metafield or unit (5ms)
  ✘  182 [desktop] › tests/smoke/won-unit-price-honesty.spec.ts:276:1 › every unit label on the storefront comes from the declared ladder (762ms)
(node:26546) [DEP0205] DeprecationWarning: `module.register()` is deprecated. Use `module.registerHooks()` instead.
(Use `node --trace-deprecation ...` to show where the warning was created)
  -  183 [desktop] › tests/smoke/won-wave1-parity.spec.ts:14:1 › grid carousel with mobile_carousel scrolls horizontally on mobile
  -  184 [desktop] › tests/smoke/won-wave1-parity.spec.ts:32:1 › grid carousel without mobile_carousel stays a stacked grid on mobile
  ✘  185 [desktop] › tests/smoke/won-wave1-parity.spec.ts:45:1 › carousel arrows carry their style modifier class (15.3s)
(node:26579) [DEP0205] DeprecationWarning: `module.register()` is deprecated. Use `module.registerHooks()` instead.
(Use `node --trace-deprecation ...` to show where the warning was created)
  -  186 [desktop] › tests/smoke/won-wave1-parity.spec.ts:56:1 › article cards render author and reading time when enabled
  ✘  187 [desktop] › tests/smoke/won-wave1-parity.spec.ts:107:1 › default arrow style is visually identical to the pre-arrow_style look (15.4s)
(node:26593) [DEP0205] DeprecationWarning: `module.register()` is deprecated. Use `module.registerHooks()` instead.
(Use `node --trace-deprecation ...` to show where the warning was created)
  ✘  188 [mobile] › tests/smoke/customization-layer.spec.ts:11:1 › won sections are wired to the shared style-vars pipeline (1.0m)
(node:26668) [DEP0205] DeprecationWarning: `module.register()` is deprecated. Use `module.registerHooks()` instead.
(Use `node --trace-deprecation ...` to show where the warning was created)
  ✘  189 [mobile] › tests/smoke/customization-layer.spec.ts:24:1 › won-tokens.css consumes the universal border/shadow/radius vars (1.0m)
(node:26831) [DEP0205] DeprecationWarning: `module.register()` is deprecated. Use `module.registerHooks()` instead.
(Use `node --trace-deprecation ...` to show where the warning was created)
  ✘  190 [mobile] › tests/smoke/customization-layer.spec.ts:52:1 › won-tokens.css consumes the Tier 2 typography + motion vars (1.0m)
(node:26859) [DEP0205] DeprecationWarning: `module.register()` is deprecated. Use `module.registerHooks()` instead.
(Use `node --trace-deprecation ...` to show where the warning was created)
  ✘  191 [mobile] › tests/smoke/customization-layer.spec.ts:78:1 › per-section bg/text color override wins over the color scheme (1.0m)
(node:26989) [DEP0205] DeprecationWarning: `module.register()` is deprecated. Use `module.registerHooks()` instead.
(Use `node --trace-deprecation ...` to show where the warning was created)
  ✓  192 [mobile] › tests/smoke/customization-layer.spec.ts:98:1 › won-tokens.css consumes the Tier 3 advanced overrides (1.1s)
  ✓  193 [mobile] › tests/smoke/customization-layer.spec.ts:119:1 › editor coaching never leaks to the live storefront (1.9s)
  ✓  194 [mobile] › tests/smoke/customization-layer.spec.ts:131:1 › responsive visibility var hides the section at the active breakpoint (1.0s)
  ✓  195 [mobile] › tests/smoke/storefront.spec.ts:98:3 › home — health + responsive (1.0s)
  ✓  196 [mobile] › tests/smoke/storefront.spec.ts:98:3 › product — health + responsive (931ms)
  ✓  197 [mobile] › tests/smoke/storefront.spec.ts:98:3 › collection — health + responsive (828ms)
  ✓  198 [mobile] › tests/smoke/storefront.spec.ts:98:3 › cart — health + responsive (897ms)
  ✓  199 [mobile] › tests/smoke/storefront.spec.ts:98:3 › search — health + responsive (863ms)
  ✓  200 [mobile] › tests/smoke/storefront.spec.ts:115:1 › sections — heading alignment matches body (no centered title over left content) (1.1s)
  -  201 [mobile] › tests/smoke/storefront.spec.ts:131:1 › FAQ split — image column sits beside the accordion (image left, questions right)
  ✓  202 [mobile] › tests/smoke/storefront.spec.ts:154:1 › won-panels FAQ — heading and questions always render (884ms)
  -  203 [mobile] › tests/smoke/storefront.spec.ts:170:1 › hero rail — a full card and a peeking neighbour on desktop
  -  204 [mobile] › tests/smoke/storefront.spec.ts:182:1 › band center-gutter — media flanks the centred copy on desktop
  ✓  205 [mobile] › tests/smoke/storefront.spec.ts:201:1 › tile badge — renders in the chosen corner (top-right) (972ms)
  ✓  206 [mobile] › tests/smoke/storefront.spec.ts:213:1 › slide annotation — headline gets a hand-drawn accent doodle (960ms)
  ✓  207 [mobile] › tests/smoke/storefront.spec.ts:225:1 › comparison — quality dots render (dots:N/M cell syntax) (993ms)
  ✓  208 [mobile] › tests/smoke/storefront.spec.ts:236:1 › tile icon — emoji renders before the label (1.0s)
  ✓  209 [mobile] › tests/smoke/storefront.spec.ts:243:1 › slide gradient — a photo-free slide paints its CSS gradient background (1.0s)
  ✓  210 [mobile] › tests/smoke/storefront.spec.ts:251:1 › stats — optional icon renders on each stat (969ms)
  ✓  211 [mobile] › tests/smoke/storefront.spec.ts:260:1 › shoppable image — hotspot pins reveal a product card on focus (974ms)
  ✓  212 [mobile] › tests/smoke/storefront.spec.ts:278:1 › shoppable image — a configured hotspot honours its separate mobile position (998ms)
  ✓  213 [mobile] › tests/smoke/storefront.spec.ts:305:1 › tabbed rail — segmented tabs toggle their product panels (1.1s)
  -  214 [mobile] › tests/smoke/storefront.spec.ts:324:1 › carousel dots — page pager renders, is clickable, and tracks position
  ✓  215 [mobile] › tests/smoke/storefront.spec.ts:343:1 › marquee — seamless loop is a duplicated, aria-hidden track (893ms)
  ✓  216 [mobile] › tests/smoke/storefront.spec.ts:358:1 › home — block grids with mobile carousel become a real swipeable rail (1.2s)
  ✓  217 [mobile] › tests/smoke/storefront.spec.ts:378:1 › home — carousels honour their mobile mode (1.2s)
  -  218 [mobile] › tests/smoke/storefront.spec.ts:420:1 › marquee — track spans >= 2x the viewport so the loop never shows a blank gap
  -  219 [mobile] › tests/smoke/storefront.spec.ts:451:1 › hero peek — the first slide starts flush and its neighbour peeks in
  -  220 [mobile] › tests/smoke/storefront.spec.ts:494:1 › hero carousel — loops endlessly, arrows never dead-end
  ✓  221 [mobile] › tests/smoke/storefront.spec.ts:523:1 › won-carousel — mobile peek shows a neighbour on BOTH sides mid-scroll (1.5s)
  -  222 [mobile] › tests/smoke/storefront.spec.ts:566:1 › won-carousel marquee — the belt is duplicated and spans >= 2x the viewport
  ✓  223 [mobile] › tests/smoke/storefront.spec.ts:596:1 › announcement bar — every message renders and the free-shipping progress is live (884ms)
  ✓  224 [mobile] › tests/smoke/storefront.spec.ts:610:1 › announcement bar — rotate shows exactly one message at a time (motion on) (1.0s)
  ✓  225 [mobile] › tests/smoke/storefront.spec.ts:628:1 › sticky ATC — corner style floats as a small rounded card at the bottom-inline-end (1.0s)
  ✓  226 [mobile] › tests/smoke/storefront.spec.ts:657:1 › sticky ATC — center style floats as a centered pill, not full width (981ms)
  ✓  227 [mobile] › tests/smoke/storefront.spec.ts:680:1 › announcement bar — the close button dismisses it for the session (1.6s)
  ✓  228 [mobile] › tests/smoke/won-block-wrapper-selectors.spec.ts:46:1 › no CSS selector treats a theme block as a direct child (18ms)
  ✓  229 [mobile] › tests/smoke/won-breadcrumbs.spec.ts:26:3 › PDP shows a breadcrumb trail (1.9s)
  ✓  230 [mobile] › tests/smoke/won-breadcrumbs.spec.ts:57:3 › PDP emits BreadcrumbList matching what is on screen (1.8s)
  ✓  231 [mobile] › tests/smoke/won-breadcrumbs.spec.ts:26:3 › collection shows a breadcrumb trail (1.9s)
  ✓  232 [mobile] › tests/smoke/won-breadcrumbs.spec.ts:57:3 › collection emits BreadcrumbList matching what is on screen (1.9s)
  ✓  233 [mobile] › tests/smoke/won-card-choose-action.spec.ts:34:1 › the theme offers a choose-action setting, defaulting to the modal (3ms)
  ✓  234 [mobile] › tests/smoke/won-card-choose-action.spec.ts:50:1 › Choose opens the quick-view dialog without leaving the listing (5.5s)
  ✓  235 [mobile] › tests/smoke/won-card-choose-action.spec.ts:93:1 › Choose keeps the card CTA shape whichever mode is active (2.7s)
  ✓  236 [mobile] › tests/smoke/won-card-cta-size.spec.ts:22:1 › every card quick-add variant renders at the same height (2.6s)
  ✓  237 [mobile] › tests/smoke/won-card-cta-size.spec.ts:74:1 › card quick-add variants share one shape in their label state (2.7s)
  ✓  238 [mobile] › tests/smoke/won-card-quick-add.spec.ts:20:1 › card declares its quick-add placement and reveal (997ms)
  ✓  239 [mobile] › tests/smoke/won-card-quick-add.spec.ts:29:1 › quick-add control is reachable and correctly sized for touch (3.1s)
  ✓  240 [mobile] › tests/smoke/won-card-quick-add.spec.ts:45:1 › stepper quantity follows the cart (11.7s)
  ✓  241 [mobile] › tests/smoke/won-card-scale.spec.ts:58:1 › rail cards never outgrow the card ceiling (3.3s)
  ✓  242 [mobile] › tests/smoke/won-card-scale.spec.ts:68:1 › card title stays legible relative to the card it sits on (3.4s)
  ✓  243 [mobile] › tests/smoke/won-card-scale.spec.ts:81:1 › no dead zone: the 750px rail is not a single full-width column (3.4s)
  ✓  244 [mobile] › tests/smoke/won-carousel-arrows.spec.ts:8:1 › carousel arrows are visible only when the rail overflows (1.2s)
  ✓  245 [mobile] › tests/smoke/won-carousel-controls.spec.ts:19:1 › carousel pager controls render (and never show a dead/empty bar) (1.6s)
  ✓  246 [mobile] › tests/smoke/won-category-labels.spec.ts:15:3 › composed cs.schema.json has no duplicate picker category labels (2ms)
  ✓  247 [mobile] › tests/smoke/won-category-labels.spec.ts:15:3 › composed en.default.schema.json has no duplicate picker category labels (1ms)
  ✓  248 [mobile] › tests/smoke/won-compose-idempotence.spec.ts:24:1 › a second compose does not rewrite files it did not change (1.7s)
  ✓  249 [mobile] › tests/smoke/won-countup-reachable.spec.ts:59:1 › every global theme setting is read by a section a merchant can insert (24ms)
  ✓  250 [mobile] › tests/smoke/won-countup.spec.ts:18:1 › won-stats opts into count-up: data attr, script tag, settings (1ms)
  ✓  251 [mobile] › tests/smoke/won-countup.spec.ts:32:1 › global animation fragment + compose step exist (0ms)
  ✓  252 [mobile] › tests/smoke/won-countup.spec.ts:60:1 › parser keeps prefix/suffix and format; refuses ambiguous values (2ms)
  ✓  253 [mobile] › tests/smoke/won-countup.spec.ts:98:1 › formatValue restores exact final text at the end of the run (0ms)
  ✓  254 [mobile] › tests/smoke/won-cta-effects.spec.ts:33:1 › every won CTA opts into the shared effect layer (3.3s)
  ✓  255 [mobile] › tests/smoke/won-cta-effects.spec.ts:60:1 › the whole theme resolves ONE effect per family (3.4s)
  ✓  256 [mobile] › tests/smoke/won-cta-effects.spec.ts:88:1 › card quick-add visibly reacts to hover (5.8s)
  ✓  257 [mobile] › tests/smoke/won-cta-effects.spec.ts:119:1 › sheen is a real animation when the theme asks for it (5.7s)
  ✓  258 [mobile] › tests/smoke/won-cta-effects.spec.ts:144:1 › effects stand down under prefers-reduced-motion (5.4s)
  ✓  259 [mobile] › tests/smoke/won-cta-invariants.spec.ts:35:1 › no won CTA hardcodes target="_blank" — new-tab is always gated (3ms)
  ✓  260 [mobile] › tests/smoke/won-cta-invariants.spec.ts:49:1 › rewired sections render CTAs via won-button, not inline won-btn markup (2ms)
  ✓  261 [mobile] › tests/smoke/won-cta-invariants.spec.ts:59:1 › every won-carousel preset needing blocks ships them (no empty section on insert) (1ms)
  ✓  262 [mobile] › tests/smoke/won-faq-schema.spec.ts:14:1 › won-faq-schema snippet: FAQPage, honesty guard, safe escaping, doc (1ms)
  ✓  263 [mobile] › tests/smoke/won-faq-schema.spec.ts:29:1 › both FAQ row blocks self-emit the schema, gated by the section toggle (1ms)
  ✓  264 [mobile] › tests/smoke/won-faq-schema.spec.ts:46:1 › smart defaults: accordion ON, panels OFF (0ms)
  ✓  265 [mobile] › tests/smoke/won-feedback-8.spec.ts:50:1 › rail progress bar and arrows share one control row (3.5s)
  ✓  266 [mobile] › tests/smoke/won-feedback-8.spec.ts:93:1 › quick add updates the header cart count (8.1s)
  ✓  267 [mobile] › tests/smoke/won-feedback-8.spec.ts:122:1 › card quick-add renders a stepper once the line exists (11.7s)
  ✓  268 [mobile] › tests/smoke/won-feedback-8.spec.ts:172:1 › won-feature rows align their body text across the row (12.9s)
  ✓  269 [mobile] › tests/smoke/won-feedback-8.spec.ts:221:1 › PDP main media shows the whole packshot with breathing room (1.7s)
  ✓  270 [mobile] › tests/smoke/won-feedback-8.spec.ts:252:1 › PDP puts the product description under the price, and ships no highlights block (1ms)
  ✓  271 [mobile] › tests/smoke/won-header-search.spec.ts:58:3 › home — the header shows a usable search field, not just an icon (1.6s)
  ✓  272 [mobile] › tests/smoke/won-header-search.spec.ts:86:3 › home — the search field accepts typing and stays reachable when scrolled (2.1s)
  ✓  273 [mobile] › tests/smoke/won-header-search.spec.ts:58:3 › collection — the header shows a usable search field, not just an icon (1.6s)
  ✓  274 [mobile] › tests/smoke/won-header-search.spec.ts:86:3 › collection — the search field accepts typing and stays reachable when scrolled (2.1s)
  ✓  275 [mobile] › tests/smoke/won-header-search.spec.ts:58:3 › PDP — the header shows a usable search field, not just an icon (1.6s)
  ✓  276 [mobile] › tests/smoke/won-header-search.spec.ts:86:3 › PDP — the search field accepts typing and stays reachable when scrolled (2.1s)
  ✓  277 [mobile] › tests/smoke/won-header-search.spec.ts:116:1 › submitting the header field lands on the search results page for products (2.5s)
  ✓  278 [mobile] › tests/smoke/won-hidden-natives.spec.ts:14:3 › product-list is hidden from the section picker but still renders (1ms)
  ✓  279 [mobile] › tests/smoke/won-hidden-natives.spec.ts:14:3 › featured-blog-posts is hidden from the section picker but still renders (0ms)
  ✓  280 [mobile] › tests/smoke/won-hidden-natives.spec.ts:35:3 › quick-order-list stays visible in the picker (1ms)
  ✓  281 [mobile] › tests/smoke/won-hidden-natives.spec.ts:35:3 › featured-product stays visible in the picker (0ms)
  ✓  282 [mobile] › tests/smoke/won-hidden-natives.spec.ts:35:3 › featured-product-information stays visible in the picker (0ms)
  ✓  283 [mobile] › tests/smoke/won-hidden-natives.spec.ts:35:3 › custom-liquid stays visible in the picker (0ms)
  ✓  284 [mobile] › tests/smoke/won-hidden-natives.spec.ts:35:3 › divider stays visible in the picker (0ms)
  ✓  285 [mobile] › tests/smoke/won-lcp-priority.spec.ts:19:1 › the LCP image loads eagerly and asks for priority (2.2s)
  ✓  286 [mobile] › tests/smoke/won-listing-parity.spec.ts:62:1 › a product looks the same in search results as it does in a collection (3.6s)
  ✓  287 [mobile] › tests/smoke/won-no-raw-liquid.spec.ts:24:5 › no raw Liquid in the rendered page › / renders no Liquid delimiters (1.1s)
  ✓  288 [mobile] › tests/smoke/won-no-raw-liquid.spec.ts:24:5 › no raw Liquid in the rendered page › /collections/automated-collection renders no Liquid delimiters (964ms)
  ✓  289 [mobile] › tests/smoke/won-no-raw-liquid.spec.ts:24:5 › no raw Liquid in the rendered page › /pages/contact renders no Liquid delimiters (762ms)
  ✓  290 [mobile] › tests/smoke/won-packshot-labels.spec.ts:31:1 › no packshot is shared by two products (0ms)
  ✓  291 [mobile] › tests/smoke/won-packshot-labels.spec.ts:44:1 › every packshot exists and prints the name of the product wearing it (1ms)
  ✓  292 [mobile] › tests/smoke/won-pdp-composition.spec.ts:20:1 › data blocks inside a band fill their content column (1.5s)
  ✓  293 [mobile] › tests/smoke/won-pdp-composition.spec.ts:46:1 › the product title is the largest heading on the PDP (1.7s)
  ✓  294 [mobile] › tests/smoke/won-pdp-composition.spec.ts:68:1 › no schema placeholder copy leaks onto the storefront (1.6s)
  ✓  295 [mobile] › tests/smoke/won-pdp-composition.spec.ts:78:1 › a data block with no rows renders no orphan heading (1.6s)
  ✓  296 [mobile] › tests/smoke/won-pdp-composition.spec.ts:96:1 › product media is never smaller than the buy box column (5.4s)
  ✓  297 [mobile] › tests/smoke/won-pdp-composition.spec.ts:132:1 › the sticky bar repeats the buy box CTA, it does not restyle it (2.7s)
  ✓  298 [mobile] › tests/smoke/won-product-schema.spec.ts:15:1 › won-product-schema snippet: Product + additionalProperty, canonical @id, guard, escaping (2ms)
  ✓  299 [mobile] › tests/smoke/won-product-schema.spec.ts:34:1 › spec + nutrition tables self-emit with the right separator, gated by toggle (1ms)
  ✓  300 [mobile] › tests/smoke/won-product-schema.spec.ts:44:1 › emit_schema toggle present and ON by default on both blocks (0ms)
  ✓  301 [mobile] › tests/smoke/won-product-trust.spec.ts:12:1 › won-product-trust block reuses the shared snippets (no duplicated logic) (2ms)
  ✓  302 [mobile] › tests/smoke/won-product-trust.spec.ts:26:1 › name locale key resolves in both languages (2ms)
  ✓  303 [mobile] › tests/smoke/won-publish-global-settings.spec.ts:45:1 › publish seeds new won globals into an existing settings_data, without overwriting merchant values (220ms)
  ✓  304 [mobile] › tests/smoke/won-rail-affordance.spec.ts:87:5 › rails on / @390px expose controls exactly when they overflow (3.3s)
  ✓  305 [mobile] › tests/smoke/won-rail-affordance.spec.ts:87:5 › rails on / @700px expose controls exactly when they overflow (3.4s)
  ✓  306 [mobile] › tests/smoke/won-rail-affordance.spec.ts:87:5 › rails on / @1440px expose controls exactly when they overflow (3.3s)
  -  307 [mobile] › tests/smoke/won-rail-affordance.spec.ts:87:5 › rails on /collections/automated-collection @390px expose controls exactly when they overflow
  -  308 [mobile] › tests/smoke/won-rail-affordance.spec.ts:87:5 › rails on /collections/automated-collection @700px expose controls exactly when they overflow
  -  309 [mobile] › tests/smoke/won-rail-affordance.spec.ts:87:5 › rails on /collections/automated-collection @1440px expose controls exactly when they overflow
  ✓  310 [mobile] › tests/smoke/won-rail-affordance.spec.ts:111:1 › every arrow pair actually scrolls its rail (9.5s)
  ✓  311 [mobile] › tests/smoke/won-rail-arrow-contrast.spec.ts:43:1 › rail arrows on the page meet AA contrast in every tone (2.5s)
  ✓  312 [mobile] › tests/smoke/won-rail-arrow-contrast.spec.ts:133:1 › a rail arrow with no plate carries a text shadow over media (2.5s)
  ✓  313 [mobile] › tests/smoke/won-rail-arrow-contrast.spec.ts:191:1 › rail chrome never covers an interactive element (3.0s)
  ✓  314 [mobile] › tests/smoke/won-rail-arrow-contrast.spec.ts:247:1 › rail chrome sits below the rail it belongs to, never on top of it (3.2s)
  ✓  315 [mobile] › tests/smoke/won-rail-arrow-contrast.spec.ts:281:1 › no rail ships a second, overlay-style chrome variant (40ms)
  ✓  316 [mobile] › tests/smoke/won-rail-consistency.spec.ts:101:1 › arrow shape and size are identical on every rail (3.3s)
  -  317 [mobile] › tests/smoke/won-rail-consistency.spec.ts:111:1 › arrow colour is uniform unless the theme leaves it on auto
  ✓  318 [mobile] › tests/smoke/won-rail-consistency.spec.ts:126:1 › every scrolling rail uses the indicator the theme asked for (3.2s)
  ✓  319 [mobile] › tests/smoke/won-rail-dots.spec.ts:62:3 › a peek rail of 3 slides shows 3 dots, and each one lands on its slide (1.4s)
  ✓  320 [mobile] › tests/smoke/won-rail-dots.spec.ts:62:3 › a peek rail of 4 slides shows 4 dots, and each one lands on its slide (1.8s)
  ✓  321 [mobile] › tests/smoke/won-rail-dots.spec.ts:62:3 › a peek rail of 6 slides shows 6 dots, and each one lands on its slide (2.5s)
  ✓  322 [mobile] › tests/smoke/won-rail-indicator-modes.spec.ts:32:1 › the composed theme has rails to audit (0ms)
  ✓  323 [mobile] › tests/smoke/won-rail-indicator-modes.spec.ts:36:1 › every rail can render every indicator the theme-wide setting offers (0ms)
  ✓  324 [mobile] › tests/smoke/won-rail-indicator-modes.spec.ts:67:1 › no rail hand-rolls the indicator resolution any more (0ms)
  ✓  325 [mobile] › tests/smoke/won-rail-indicator-modes.spec.ts:83:1 › the shared controls snippet handles all four indicator values (1ms)
  ✓  326 [mobile] › tests/smoke/won-rail-indicator-scale.spec.ts:22:1 › the scroll indicator spans the free width of its control row (3.2s)
  ✓  327 [mobile] › tests/smoke/won-rail-indicator-scale.spec.ts:64:1 › the indicator thumb is proportional to how much is on screen (3.3s)
  ✓  328 [mobile] › tests/smoke/won-rail-indicator-scale.spec.ts:99:1 › stepping the quantity replays the sheen (12.4s)
  ✓  329 [mobile] › tests/smoke/won-rail-loop.spec.ts:56:1 › a looping rail wraps to the start instead of dead-ending (6.3s)
  ✓  330 [mobile] › tests/smoke/won-rail-loop.spec.ts:83:1 › a looping rail wraps backwards from the start to the end (3.5s)
  ✓  331 [mobile] › tests/smoke/won-rail-loop.spec.ts:98:1 › a looping rail clones nothing — every slide on the rail is a real one (2.4s)
  ✓  332 [mobile] › tests/smoke/won-rail-loop.spec.ts:108:1 › a looping rail keeps its progress bar (2.3s)
  ✓  333 [mobile] › tests/smoke/won-rail-loop.spec.ts:126:1 › slides next to the one on screen have their media requested already (2.2s)
  ✓  334 [mobile] › tests/smoke/won-schema-integrity.spec.ts:64:1 › every t: key a won schema uses exists in BOTH locales (11ms)
  ✓  335 [mobile] › tests/smoke/won-schema-integrity.spec.ts:89:1 › every visible_if names a setting that exists in the same schema (5ms)
  ✓  336 [mobile] › tests/smoke/won-schema-integrity.spec.ts:108:1 › every range default is a real step in its own range (4ms)
  ✓  337 [mobile] › tests/smoke/won-schema-integrity.spec.ts:183:1 › the predicate actually bites (red-proof) (1ms)
  ✓  338 [mobile] › tests/smoke/won-schema-integrity.spec.ts:208:1 › every preset renders something with zero configuration (4ms)
  ✓  339 [mobile] › tests/smoke/won-schema-phases.spec.ts:16:1 › F3 AggregateRating: won-rating emits schema only on the PDP, gated (1ms)
  ✓  340 [mobile] › tests/smoke/won-schema-phases.spec.ts:28:1 › F4 MerchantReturnPolicy: snippet + global settings + PDP wiring (2ms)
  ✓  341 [mobile] › tests/smoke/won-schema-phases.spec.ts:50:1 › F5 HowTo: won-howto-schema from won-dosage, gated (1ms)
  ✓  342 [mobile] › tests/smoke/won-schema-phases.spec.ts:62:1 › F6 comparison: yes/no cells carry a text equivalent for extraction (0ms)
  ✓  343 [mobile] › tests/smoke/won-schema-phases.spec.ts:70:1 › F7 site schema: WebSite + SearchAction, homepage only, wired in <head> (0ms)
  ✓  344 [mobile] › tests/smoke/won-schema-phases.spec.ts:80:1 › F8 trust bridge: won-trust reads won.* metafields → badge + additionalProperty, gated (1ms)
  ✓  345 [mobile] › tests/smoke/won-search-inputs.spec.ts:25:1 › the search page paints exactly one search field (1.8s)
  ✓  346 [mobile] › tests/smoke/won-search-inputs.spec.ts:70:3 › home — every search form asks for products and for partial words (1.8s)
  ✓  347 [mobile] › tests/smoke/won-search-inputs.spec.ts:70:3 › search page — every search form asks for products and for partial words (1.7s)
  ✓  348 [mobile] › tests/smoke/won-settings-coverage.spec.ts:104:1 › every won-* section setting (and child-block setting) is wired to the theme source (10ms)
  ✓  349 [mobile] › tests/smoke/won-settings-fixes.spec.ts:17:1 › won-band: content align actually moves the button row, not just text (1.1s)
  ✓  350 [mobile] › tests/smoke/won-settings-fixes.spec.ts:56:1 › won-slide: min height applies to a plain (non-overlayed) slide body (1.0s)
  -  351 [mobile] › tests/smoke/won-settings-fixes.spec.ts:77:1 › won-tabbed-rail: desktop heading size is consumed at >= 750px
  ✓  352 [mobile] › tests/smoke/won-slide-art-direction.spec.ts:36:3 › won-slide art direction › slide media fills its box (no gap under an art-directed image) (976ms)
  ✓  353 [mobile] › tests/smoke/won-slide-art-direction.spec.ts:57:3 › won-slide art direction › below 750px the packaged mobile asset is the one served (1.0s)
  ✓  354 [mobile] › tests/smoke/won-unified-behavior.spec.ts:16:1 › Visibility toggles hide the section at the correct breakpoint (1.0s)
  ✓  355 [mobile] › tests/smoke/won-unified-behavior.spec.ts:49:1 › Mode select drives a render class on the carousel (1.0s)
  ✓  356 [mobile] › tests/smoke/won-unified-behavior.spec.ts:58:1 › Infinite-scroll setting makes the rail wrap only where its scope applies (4.9s)
  ✓  357 [mobile] › tests/smoke/won-unified-schema.spec.ts:58:1 › composed theme has sections to audit (0ms)
  ✓  358 [mobile] › tests/smoke/won-unified-schema.spec.ts:62:1 › every won section orders its group headers canonically (0ms)
  ✓  359 [mobile] › tests/smoke/won-unified-schema.spec.ts:76:1 › Visibility, when present, is the first group (after an optional About paragraph) (0ms)
  ✓  360 [mobile] › tests/smoke/won-unified-schema.spec.ts:93:1 › a Mode group leads with an always-visible behavior select (0ms)
  ✓  361 [mobile] › tests/smoke/won-unified-schema.spec.ts:107:1 › hide_mobile / hide_desktop live only under the Visibility group (0ms)
  ✓  362 [mobile] › tests/smoke/won-unified-schema.spec.ts:134:1 › every range setting spans 3–101 steps with an on-grid default (2ms)
  ✓  363 [mobile] › tests/smoke/won-unified-schema.spec.ts:155:1 › no render tag passes a filtered argument (1ms)
  ✓  364 [mobile] › tests/smoke/won-unit-price-honesty.spec.ts:79:1 › the printed unit price tracks the quantity on the variant axis (15.2s)
  ✓  365 [mobile] › tests/smoke/won-unit-price-honesty.spec.ts:148:1 › only one file computes a unit price (8ms)
  ✓  366 [mobile] › tests/smoke/won-unit-price-honesty.spec.ts:161:1 › no consumer ships a fabricated reference amount as a default (7ms)
  ✓  367 [mobile] › tests/smoke/won-unit-price-honesty.spec.ts:227:1 › the unit-price ladder is one global, merchant-editable setting (3ms)
  ✓  368 [mobile] › tests/smoke/won-unit-price-honesty.spec.ts:247:1 › no file hardcodes a reference metafield or unit (6ms)
  ✓  369 [mobile] › tests/smoke/won-unit-price-honesty.spec.ts:276:1 › every unit label on the storefront comes from the declared ladder (10.2s)
  ✓  370 [mobile] › tests/smoke/won-wave1-parity.spec.ts:14:1 › grid carousel with mobile_carousel scrolls horizontally on mobile (1.2s)
  ✓  371 [mobile] › tests/smoke/won-wave1-parity.spec.ts:32:1 › grid carousel without mobile_carousel stays a stacked grid on mobile (979ms)
  -  372 [mobile] › tests/smoke/won-wave1-parity.spec.ts:45:1 › carousel arrows carry their style modifier class
  -  373 [mobile] › tests/smoke/won-wave1-parity.spec.ts:56:1 › article cards render author and reading time when enabled
  -  374 [mobile] › tests/smoke/won-wave1-parity.spec.ts:107:1 › default arrow style is visually identical to the pre-arrow_style look


  1) [desktop] › tests/smoke/won-rail-indicator-scale.spec.ts:99:1 › stepping the quantity replays the sheen 

    [31mTest timeout of 60000ms exceeded.[39m

    Error: locator.scrollIntoViewIfNeeded: Test timeout of 60000ms exceeded.
    Call log:
    [2m  - waiting for locator('.won-pcard:has([data-won-stepper])').first()[22m


      104 |
      105 |   const card = page.locator('.won-pcard:has([data-won-stepper])').first();
    > 106 |   await card.scrollIntoViewIfNeeded();
          |              ^
      107 |   await card.hover();
      108 |   await page.waitForTimeout(600);
      109 |
        at /Users/ondrej/Development/WonCommerce/Apps/b2b_b2c/tests/smoke/won-rail-indicator-scale.spec.ts:106:14

    attachment #1: screenshot (image/png) ──────────────────────────────────────────────────────────
    test-results/smoke-won-rail-indicator-s-0336c--quantity-replays-the-sheen-desktop/test-failed-1.png
    ────────────────────────────────────────────────────────────────────────────────────────────────

    Error Context: test-results/smoke-won-rail-indicator-s-0336c--quantity-replays-the-sheen-desktop/error-context.md

  2) [desktop] › tests/smoke/won-search-inputs.spec.ts:25:1 › the search page paints exactly one search field 

    Error: the search page shows 0 search boxes at once: [] — the shopper cannot tell which one is the real one

    [2mexpect([22m[31mreceived[39m[2m).[22mtoBe[2m([22m[32mexpected[39m[2m) // Object.is equality[22m

    Expected: [32m1[39m
    Received: [31m0[39m

      46 |     `the search page shows ${fields.length} search boxes at once: ${JSON.stringify(fields)} — ` +
      47 |       `the shopper cannot tell which one is the real one`,
    > 48 |   ).toBe(1);
         |     ^
      49 | });
      50 |
      51 | const FORM_PARAMS = () =>
        at /Users/ondrej/Development/WonCommerce/Apps/b2b_b2c/tests/smoke/won-search-inputs.spec.ts:48:5

    attachment #1: screenshot (image/png) ──────────────────────────────────────────────────────────
    test-results/smoke-won-search-inputs-th-76b10-ts-exactly-one-search-field-desktop/test-failed-1.png
    ────────────────────────────────────────────────────────────────────────────────────────────────

    Error Context: test-results/smoke-won-search-inputs-th-76b10-ts-exactly-one-search-field-desktop/error-context.md

  3) [desktop] › tests/smoke/won-search-inputs.spec.ts:70:3 › home — every search form asks for products and for partial words 

    Error: no search form on the page at all

    [2mexpect([22m[31mreceived[39m[2m).[22mtoBeGreaterThan[2m([22m[32mexpected[39m[2m)[22m

    Expected: > [32m0[39m
    Received:   [31m0[39m

      73 |
      74 |     const forms = await page.evaluate(FORM_PARAMS);
    > 75 |     expect(forms.length, 'no search form on the page at all').toBeGreaterThan(0);
         |                                                               ^
      76 |
      77 |     for (const f of forms) {
      78 |       // sections/search-results.liquid fills the grid from
        at /Users/ondrej/Development/WonCommerce/Apps/b2b_b2c/tests/smoke/won-search-inputs.spec.ts:75:63

    attachment #1: screenshot (image/png) ──────────────────────────────────────────────────────────
    test-results/smoke-won-search-inputs-ho-cf388-ducts-and-for-partial-words-desktop/test-failed-1.png
    ────────────────────────────────────────────────────────────────────────────────────────────────

    Error Context: test-results/smoke-won-search-inputs-ho-cf388-ducts-and-for-partial-words-desktop/error-context.md

  4) [desktop] › tests/smoke/won-search-inputs.spec.ts:70:3 › search page — every search form asks for products and for partial words 

    Error: no search form on the page at all

    [2mexpect([22m[31mreceived[39m[2m).[22mtoBeGreaterThan[2m([22m[32mexpected[39m[2m)[22m

    Expected: > [32m0[39m
    Received:   [31m0[39m

      73 |
      74 |     const forms = await page.evaluate(FORM_PARAMS);
    > 75 |     expect(forms.length, 'no search form on the page at all').toBeGreaterThan(0);
         |                                                               ^
      76 |
      77 |     for (const f of forms) {
      78 |       // sections/search-results.liquid fills the grid from
        at /Users/ondrej/Development/WonCommerce/Apps/b2b_b2c/tests/smoke/won-search-inputs.spec.ts:75:63

    attachment #1: screenshot (image/png) ──────────────────────────────────────────────────────────
    test-results/smoke-won-search-inputs-se-9a5e1-ducts-and-for-partial-words-desktop/test-failed-1.png
    ────────────────────────────────────────────────────────────────────────────────────────────────

    Error Context: test-results/smoke-won-search-inputs-se-9a5e1-ducts-and-for-partial-words-desktop/error-context.md

  5) [desktop] › tests/smoke/won-settings-fixes.spec.ts:56:1 › won-slide: min height applies to a plain (non-overlayed) slide body 

    [31mTest timeout of 60000ms exceeded.[39m

    Error: page.waitForSelector: Test timeout of 60000ms exceeded.
    Call log:
    [2m  - waiting for locator('.won-slide__body')[22m


      56 | test('won-slide: min height applies to a plain (non-overlayed) slide body', async ({ page }) => {
      57 |   await page.goto('/');
    > 58 |   await page.waitForSelector('.won-slide__body', { state: 'attached' });
         |              ^
      59 |   const result = await page.evaluate(() => {
      60 |     const bodies = Array.from(document.querySelectorAll<HTMLElement>('.won-slide__body'));
      61 |     // The bug lived on plain cards: --won-slide-min was only consumed by the
        at /Users/ondrej/Development/WonCommerce/Apps/b2b_b2c/tests/smoke/won-settings-fixes.spec.ts:58:14

    attachment #1: screenshot (image/png) ──────────────────────────────────────────────────────────
    test-results/smoke-won-settings-fixes-w-c6c5f-in-non-overlayed-slide-body-desktop/test-failed-1.png
    ────────────────────────────────────────────────────────────────────────────────────────────────

    Error Context: test-results/smoke-won-settings-fixes-w-c6c5f-in-non-overlayed-slide-body-desktop/error-context.md

  6) [desktop] › tests/smoke/won-settings-fixes.spec.ts:77:1 › won-tabbed-rail: desktop heading size is consumed at >= 750px 

    [31mTest timeout of 60000ms exceeded.[39m

    Error: page.waitForSelector: Test timeout of 60000ms exceeded.
    Call log:
    [2m  - waiting for locator('.won-tabrail__heading')[22m


      78 |   test.skip(testInfo.project.name !== 'desktop', 'desktop-only @media rule');
      79 |   await page.goto('/');
    > 80 |   await page.waitForSelector('.won-tabrail__heading', { state: 'attached' });
         |              ^
      81 |   const fontSize = await page.evaluate(() => {
      82 |     const el = document.querySelector<HTMLElement>('.won-tabrail__heading');
      83 |     if (!el) return null;
        at /Users/ondrej/Development/WonCommerce/Apps/b2b_b2c/tests/smoke/won-settings-fixes.spec.ts:80:14

    attachment #1: screenshot (image/png) ──────────────────────────────────────────────────────────
    test-results/smoke-won-settings-fixes-w-eb51f-g-size-is-consumed-at-750px-desktop/test-failed-1.png
    ────────────────────────────────────────────────────────────────────────────────────────────────

    Error Context: test-results/smoke-won-settings-fixes-w-eb51f-g-size-is-consumed-at-750px-desktop/error-context.md

  7) [desktop] › tests/smoke/won-slide-art-direction.spec.ts:36:3 › won-slide art direction › slide media fills its box (no gap under an art-directed image) 

    [31mTest timeout of 60000ms exceeded while running "beforeEach" hook.[39m

      23 |
      24 | test.describe('won-slide art direction', () => {
    > 25 |   test.beforeEach(async ({ page }) => {
         |        ^
      26 |     await page.goto('/', { waitUntil: 'load' });
      27 |     await page.locator(HERO).first().waitFor({ state: 'visible' });
      28 |     // decode() rather than a fixed wait: currentSrc is only authoritative once
        at /Users/ondrej/Development/WonCommerce/Apps/b2b_b2c/tests/smoke/won-slide-art-direction.spec.ts:25:8

    Error: locator.waitFor: Test timeout of 60000ms exceeded.
    Call log:
    [2m  - waiting for locator('[data-testid="won-hero-section"]').first() to be visible[22m


      25 |   test.beforeEach(async ({ page }) => {
      26 |     await page.goto('/', { waitUntil: 'load' });
    > 27 |     await page.locator(HERO).first().waitFor({ state: 'visible' });
         |                                      ^
      28 |     // decode() rather than a fixed wait: currentSrc is only authoritative once
      29 |     // the browser has actually settled on a candidate.
      30 |     await page.evaluate(async (sel) => {
        at /Users/ondrej/Development/WonCommerce/Apps/b2b_b2c/tests/smoke/won-slide-art-direction.spec.ts:27:38

    attachment #1: screenshot (image/png) ──────────────────────────────────────────────────────────
    test-results/smoke-won-slide-art-direct-28347-nder-an-art-directed-image--desktop/test-failed-1.png
    ────────────────────────────────────────────────────────────────────────────────────────────────

    Error Context: test-results/smoke-won-slide-art-direct-28347-nder-an-art-directed-image--desktop/error-context.md

  8) [desktop] › tests/smoke/won-slide-art-direction.spec.ts:57:3 › won-slide art direction › below 750px the packaged mobile asset is the one served 

    [31mTest timeout of 60000ms exceeded while running "beforeEach" hook.[39m

      23 |
      24 | test.describe('won-slide art direction', () => {
    > 25 |   test.beforeEach(async ({ page }) => {
         |        ^
      26 |     await page.goto('/', { waitUntil: 'load' });
      27 |     await page.locator(HERO).first().waitFor({ state: 'visible' });
      28 |     // decode() rather than a fixed wait: currentSrc is only authoritative once
        at /Users/ondrej/Development/WonCommerce/Apps/b2b_b2c/tests/smoke/won-slide-art-direction.spec.ts:25:8

    Error: locator.waitFor: Test timeout of 60000ms exceeded.
    Call log:
    [2m  - waiting for locator('[data-testid="won-hero-section"]').first() to be visible[22m


      25 |   test.beforeEach(async ({ page }) => {
      26 |     await page.goto('/', { waitUntil: 'load' });
    > 27 |     await page.locator(HERO).first().waitFor({ state: 'visible' });
         |                                      ^
      28 |     // decode() rather than a fixed wait: currentSrc is only authoritative once
      29 |     // the browser has actually settled on a candidate.
      30 |     await page.evaluate(async (sel) => {
        at /Users/ondrej/Development/WonCommerce/Apps/b2b_b2c/tests/smoke/won-slide-art-direction.spec.ts:27:38

    attachment #1: screenshot (image/png) ──────────────────────────────────────────────────────────
    test-results/smoke-won-slide-art-direct-056dc-ile-asset-is-the-one-served-desktop/test-failed-1.png
    ────────────────────────────────────────────────────────────────────────────────────────────────

    Error Context: test-results/smoke-won-slide-art-direct-056dc-ile-asset-is-the-one-served-desktop/error-context.md

  9) [desktop] › tests/smoke/won-unified-behavior.spec.ts:16:1 › Visibility toggles hide the section at the correct breakpoint 

    [31mTest timeout of 60000ms exceeded.[39m

    Error: page.waitForSelector: Test timeout of 60000ms exceeded.
    Call log:
    [2m  - waiting for locator('.won-section')[22m


      16 | test('Visibility toggles hide the section at the correct breakpoint', async ({ page }) => {
      17 |   await page.goto('/');
    > 18 |   await page.waitForSelector('.won-section', { state: 'attached' });
         |              ^
      19 |   const isMobile = (page.viewportSize()?.width ?? 0) <= 749;
      20 |
      21 |   const result = await page.evaluate(() => {
        at /Users/ondrej/Development/WonCommerce/Apps/b2b_b2c/tests/smoke/won-unified-behavior.spec.ts:18:14

    attachment #1: screenshot (image/png) ──────────────────────────────────────────────────────────
    test-results/smoke-won-unified-behavior-de900-n-at-the-correct-breakpoint-desktop/test-failed-1.png
    ────────────────────────────────────────────────────────────────────────────────────────────────

    Error Context: test-results/smoke-won-unified-behavior-de900-n-at-the-correct-breakpoint-desktop/error-context.md

  10) [desktop] › tests/smoke/won-unit-price-honesty.spec.ts:79:1 › the printed unit price tracks the quantity on the variant axis 

    Error: no product printed a unit price on a quantity axis — the test proved nothing

    [2mexpect([22m[31mreceived[39m[2m).[22mtoBeGreaterThan[2m([22m[32mexpected[39m[2m)[22m

    Expected: > [32m1[39m
    Received:   [31m0[39m

      125 |   }
      126 |
    > 127 |   expect(checked.length, 'no product printed a unit price on a quantity axis — the test proved nothing').toBeGreaterThan(1);
          |                                                                                                          ^
      128 |   expect(offenders, `unit price does not follow the variant's real quantity:\n${offenders.join('\n')}`).toEqual([]);
      129 | });
      130 |
        at /Users/ondrej/Development/WonCommerce/Apps/b2b_b2c/tests/smoke/won-unit-price-honesty.spec.ts:127:106

  11) [desktop] › tests/smoke/won-unit-price-honesty.spec.ts:276:1 › every unit label on the storefront comes from the declared ladder 

    Error: no unit label rendered anywhere — the storefront proved nothing

    [2mexpect([22m[31mreceived[39m[2m).[22mtoBeGreaterThan[2m([22m[32mexpected[39m[2m)[22m

    Expected: > [32m0[39m
    Received:   [31m0[39m

      300 |   }
      301 |
    > 302 |   expect(seen.size, 'no unit label rendered anywhere — the storefront proved nothing').toBeGreaterThan(0);
          |                                                                                        ^
      303 |   const stray = [...seen].filter((l) => !allowed.has(l));
      304 |   expect(
      305 |     stray,
        at /Users/ondrej/Development/WonCommerce/Apps/b2b_b2c/tests/smoke/won-unit-price-honesty.spec.ts:302:88

  12) [desktop] › tests/smoke/won-wave1-parity.spec.ts:45:1 › carousel arrows carry their style modifier class 

    Error: [2mexpect([22m[31mlocator[39m[2m).[22mtoBeAttached[2m([22m[2m)[22m failed

    Locator: locator('.won-rail__arrow').first()
    Expected: attached
    Timeout: 15000ms
    Error: element(s) not found

    Call log:
    [2m  - Expect "toBeAttached" with timeout 15000ms[22m
    [2m  - waiting for locator('.won-rail__arrow').first()[22m


      48 |   await page.goto('/');
      49 |   const arrow = page.locator('.won-rail__arrow').first();
    > 50 |   await expect(arrow).toBeAttached();
         |                       ^
      51 |
      52 |   const className = await arrow.getAttribute('class');
      53 |   expect(className).toMatch(/won-rail__arrow--(pill|soft|square|minimal)/);
        at /Users/ondrej/Development/WonCommerce/Apps/b2b_b2c/tests/smoke/won-wave1-parity.spec.ts:50:23

    attachment #1: screenshot (image/png) ──────────────────────────────────────────────────────────
    test-results/smoke-won-wave1-parity-car-a5fd2--their-style-modifier-class-desktop/test-failed-1.png
    ────────────────────────────────────────────────────────────────────────────────────────────────

    Error Context: test-results/smoke-won-wave1-parity-car-a5fd2--their-style-modifier-class-desktop/error-context.md

  13) [desktop] › tests/smoke/won-wave1-parity.spec.ts:107:1 › default arrow style is visually identical to the pre-arrow_style look 

    Error: [2mexpect([22m[31mlocator[39m[2m).[22mtoBeAttached[2m([22m[2m)[22m failed

    Locator: locator('.won-rail__arrow--pill').first()
    Expected: attached
    Timeout: 15000ms
    Error: element(s) not found

    Call log:
    [2m  - Expect "toBeAttached" with timeout 15000ms[22m
    [2m  - waiting for locator('.won-rail__arrow--pill').first()[22m


      110 |   await page.goto('/');
      111 |   const arrow = page.locator('.won-rail__arrow--pill').first();
    > 112 |   await expect(arrow).toBeAttached();
          |                       ^
      113 |
      114 |   const radius = await arrow.evaluate((el) => getComputedStyle(el).borderTopLeftRadius);
      115 |   expect(radius).toBe('999px');
        at /Users/ondrej/Development/WonCommerce/Apps/b2b_b2c/tests/smoke/won-wave1-parity.spec.ts:112:23

    attachment #1: screenshot (image/png) ──────────────────────────────────────────────────────────
    test-results/smoke-won-wave1-parity-def-ba28b-to-the-pre-arrow-style-look-desktop/test-failed-1.png
    ────────────────────────────────────────────────────────────────────────────────────────────────

    Error Context: test-results/smoke-won-wave1-parity-def-ba28b-to-the-pre-arrow-style-look-desktop/error-context.md

  14) [mobile] › tests/smoke/customization-layer.spec.ts:11:1 › won sections are wired to the shared style-vars pipeline 

    [31mTest timeout of 60000ms exceeded.[39m

    Error: page.waitForSelector: Test timeout of 60000ms exceeded.
    Call log:
    [2m  - waiting for locator('.won-section')[22m


      11 | test('won sections are wired to the shared style-vars pipeline', async ({ page }) => {
      12 |   await page.goto('/');
    > 13 |   await page.waitForSelector('.won-section', { state: 'attached' });
         |              ^
      14 |   // At least one section root must carry won-style-vars output (padding tokens),
      15 |   // proving the render pipeline (won-spacing -> won-style-vars superset) is wired.
      16 |   const hasPaddingVar = await page.evaluate(() =>
        at /Users/ondrej/Development/WonCommerce/Apps/b2b_b2c/tests/smoke/customization-layer.spec.ts:13:14

    attachment #1: screenshot (image/png) ──────────────────────────────────────────────────────────
    test-results/smoke-customization-layer--31e53--shared-style-vars-pipeline-mobile/test-failed-1.png
    ────────────────────────────────────────────────────────────────────────────────────────────────

    Error Context: test-results/smoke-customization-layer--31e53--shared-style-vars-pipeline-mobile/error-context.md

  15) [mobile] › tests/smoke/customization-layer.spec.ts:24:1 › won-tokens.css consumes the universal border/shadow/radius vars 

    [31mTest timeout of 60000ms exceeded.[39m

    Error: page.waitForSelector: Test timeout of 60000ms exceeded.
    Call log:
    [2m  - waiting for locator('.won-section')[22m


      24 | test('won-tokens.css consumes the universal border/shadow/radius vars', async ({ page }) => {
      25 |   await page.goto('/');
    > 26 |   await page.waitForSelector('.won-section', { state: 'attached' });
         |              ^
      27 |
      28 |   const computed = await page.evaluate(() => {
      29 |     const el = document.querySelector<HTMLElement>('.won-section');
        at /Users/ondrej/Development/WonCommerce/Apps/b2b_b2c/tests/smoke/customization-layer.spec.ts:26:14

    attachment #1: screenshot (image/png) ──────────────────────────────────────────────────────────
    test-results/smoke-customization-layer--646eb-l-border-shadow-radius-vars-mobile/test-failed-1.png
    ────────────────────────────────────────────────────────────────────────────────────────────────

    Error Context: test-results/smoke-customization-layer--646eb-l-border-shadow-radius-vars-mobile/error-context.md

  16) [mobile] › tests/smoke/customization-layer.spec.ts:52:1 › won-tokens.css consumes the Tier 2 typography + motion vars 

    [31mTest timeout of 60000ms exceeded.[39m

    Error: page.waitForSelector: Test timeout of 60000ms exceeded.
    Call log:
    [2m  - waiting for locator('.won-section')[22m


      52 | test('won-tokens.css consumes the Tier 2 typography + motion vars', async ({ page }) => {
      53 |   await page.goto('/');
    > 54 |   await page.waitForSelector('.won-section', { state: 'attached' });
         |              ^
      55 |
      56 |   const computed = await page.evaluate(() => {
      57 |     const el = document.querySelector<HTMLElement>('.won-section');
        at /Users/ondrej/Development/WonCommerce/Apps/b2b_b2c/tests/smoke/customization-layer.spec.ts:54:14

    attachment #1: screenshot (image/png) ──────────────────────────────────────────────────────────
    test-results/smoke-customization-layer--34670-er-2-typography-motion-vars-mobile/test-failed-1.png
    ────────────────────────────────────────────────────────────────────────────────────────────────

    Error Context: test-results/smoke-customization-layer--34670-er-2-typography-motion-vars-mobile/error-context.md

  17) [mobile] › tests/smoke/customization-layer.spec.ts:78:1 › per-section bg/text color override wins over the color scheme 

    [31mTest timeout of 60000ms exceeded.[39m

    Error: page.waitForSelector: Test timeout of 60000ms exceeded.
    Call log:
    [2m  - waiting for locator('.won-section')[22m


      78 | test('per-section bg/text color override wins over the color scheme', async ({ page }) => {
      79 |   await page.goto('/');
    > 80 |   await page.waitForSelector('.won-section', { state: 'attached' });
         |              ^
      81 |
      82 |   const computed = await page.evaluate(() => {
      83 |     const el = document.querySelector<HTMLElement>('.won-section');
        at /Users/ondrej/Development/WonCommerce/Apps/b2b_b2c/tests/smoke/customization-layer.spec.ts:80:14

    attachment #1: screenshot (image/png) ──────────────────────────────────────────────────────────
    test-results/smoke-customization-layer--27d4b--wins-over-the-color-scheme-mobile/test-failed-1.png
    ────────────────────────────────────────────────────────────────────────────────────────────────

    Error Context: test-results/smoke-customization-layer--27d4b--wins-over-the-color-scheme-mobile/error-context.md

  17 failed
    [desktop] › tests/smoke/won-rail-indicator-scale.spec.ts:99:1 › stepping the quantity replays the sheen 
    [desktop] › tests/smoke/won-search-inputs.spec.ts:25:1 › the search page paints exactly one search field 
    [desktop] › tests/smoke/won-search-inputs.spec.ts:70:3 › home — every search form asks for products and for partial words 
    [desktop] › tests/smoke/won-search-inputs.spec.ts:70:3 › search page — every search form asks for products and for partial words 
    [desktop] › tests/smoke/won-settings-fixes.spec.ts:56:1 › won-slide: min height applies to a plain (non-overlayed) slide body 
    [desktop] › tests/smoke/won-settings-fixes.spec.ts:77:1 › won-tabbed-rail: desktop heading size is consumed at >= 750px 
    [desktop] › tests/smoke/won-slide-art-direction.spec.ts:36:3 › won-slide art direction › slide media fills its box (no gap under an art-directed image) 
    [desktop] › tests/smoke/won-slide-art-direction.spec.ts:57:3 › won-slide art direction › below 750px the packaged mobile asset is the one served 
    [desktop] › tests/smoke/won-unified-behavior.spec.ts:16:1 › Visibility toggles hide the section at the correct breakpoint 
    [desktop] › tests/smoke/won-unit-price-honesty.spec.ts:79:1 › the printed unit price tracks the quantity on the variant axis 
    [desktop] › tests/smoke/won-unit-price-honesty.spec.ts:276:1 › every unit label on the storefront comes from the declared ladder 
    [desktop] › tests/smoke/won-wave1-parity.spec.ts:45:1 › carousel arrows carry their style modifier class 
    [desktop] › tests/smoke/won-wave1-parity.spec.ts:107:1 › default arrow style is visually identical to the pre-arrow_style look 
    [mobile] › tests/smoke/customization-layer.spec.ts:11:1 › won sections are wired to the shared style-vars pipeline 
    [mobile] › tests/smoke/customization-layer.spec.ts:24:1 › won-tokens.css consumes the universal border/shadow/radius vars 
    [mobile] › tests/smoke/customization-layer.spec.ts:52:1 › won-tokens.css consumes the Tier 2 typography + motion vars 
    [mobile] › tests/smoke/customization-layer.spec.ts:78:1 › per-section bg/text color override wins over the color scheme 
  39 skipped
  318 passed (20.6m)
