(node:90668) [DEP0205] DeprecationWarning: `module.register()` is deprecated. Use `module.registerHooks()` instead.
(Use `node --trace-deprecation ...` to show where the warning was created)

Running 316 tests using 1 worker

(node:90669) [DEP0205] DeprecationWarning: `module.register()` is deprecated. Use `module.registerHooks()` instead.
(Use `node --trace-deprecation ...` to show where the warning was created)
  ✓    1 [desktop] › tests/smoke/customization-layer.spec.ts:11:1 › won sections are wired to the shared style-vars pipeline (1.8s)
  ✓    2 [desktop] › tests/smoke/customization-layer.spec.ts:24:1 › won-tokens.css consumes the universal border/shadow/radius vars (1.4s)
  ✓    3 [desktop] › tests/smoke/customization-layer.spec.ts:52:1 › won-tokens.css consumes the Tier 2 typography + motion vars (1.3s)
  ✓    4 [desktop] › tests/smoke/customization-layer.spec.ts:78:1 › per-section bg/text color override wins over the color scheme (2.7s)
  ✓    5 [desktop] › tests/smoke/customization-layer.spec.ts:98:1 › won-tokens.css consumes the Tier 3 advanced overrides (1.4s)
  ✓    6 [desktop] › tests/smoke/customization-layer.spec.ts:119:1 › editor coaching never leaks to the live storefront (1.9s)
  ✓    7 [desktop] › tests/smoke/customization-layer.spec.ts:131:1 › responsive visibility var hides the section at the active breakpoint (1.3s)
  ✓    8 [desktop] › tests/smoke/storefront.spec.ts:98:3 › home — health + responsive (1.1s)
  ✓    9 [desktop] › tests/smoke/storefront.spec.ts:98:3 › product — health + responsive (882ms)
  ✓   10 [desktop] › tests/smoke/storefront.spec.ts:98:3 › collection — health + responsive (870ms)
  ✓   11 [desktop] › tests/smoke/storefront.spec.ts:98:3 › cart — health + responsive (779ms)
  ✓   12 [desktop] › tests/smoke/storefront.spec.ts:98:3 › search — health + responsive (929ms)
  -   13 [desktop] › tests/smoke/storefront.spec.ts:115:1 › sections — heading alignment matches body (no centered title over left content)
  ✓   14 [desktop] › tests/smoke/storefront.spec.ts:131:1 › FAQ split — image column sits beside the accordion (image left, questions right) (1.0s)
  ✓   15 [desktop] › tests/smoke/storefront.spec.ts:154:1 › won-panels FAQ — heading and questions always render (919ms)
  ✓   16 [desktop] › tests/smoke/storefront.spec.ts:164:1 › hero peek — centred card with side peeks on desktop (1.8s)
  ✓   17 [desktop] › tests/smoke/storefront.spec.ts:176:1 › band center-gutter — media flanks the centred copy on desktop (985ms)
  ✓   18 [desktop] › tests/smoke/storefront.spec.ts:195:1 › tile badge — renders in the chosen corner (top-right) (984ms)
  ✓   19 [desktop] › tests/smoke/storefront.spec.ts:207:1 › slide annotation — headline gets a hand-drawn accent doodle (1.9s)
  ✓   20 [desktop] › tests/smoke/storefront.spec.ts:219:1 › comparison — quality dots render (dots:N/M cell syntax) (935ms)
  ✓   21 [desktop] › tests/smoke/storefront.spec.ts:230:1 › tile icon — emoji renders before the label (934ms)
  ✓   22 [desktop] › tests/smoke/storefront.spec.ts:237:1 › slide gradient — a photo-free slide paints its CSS gradient background (1.9s)
  ✓   23 [desktop] › tests/smoke/storefront.spec.ts:245:1 › stats — optional icon renders on each stat (965ms)
  ✓   24 [desktop] › tests/smoke/storefront.spec.ts:254:1 › shoppable image — hotspot pins reveal a product card on focus (1.2s)
  ✓   25 [desktop] › tests/smoke/storefront.spec.ts:272:1 › shoppable image — a configured hotspot honours its separate mobile position (926ms)
  ✓   26 [desktop] › tests/smoke/storefront.spec.ts:299:1 › tabbed rail — segmented tabs toggle their product panels (1.0s)
  -   27 [desktop] › tests/smoke/storefront.spec.ts:318:1 › carousel dots — page pager renders, is clickable, and tracks position
  ✓   28 [desktop] › tests/smoke/storefront.spec.ts:337:1 › marquee — seamless loop is a duplicated, aria-hidden track (1.0s)
  -   29 [desktop] › tests/smoke/storefront.spec.ts:352:1 › home — block grids with mobile carousel become a real swipeable rail
  -   30 [desktop] › tests/smoke/storefront.spec.ts:372:1 › home — carousels honour their mobile mode
  ✓   31 [desktop] › tests/smoke/storefront.spec.ts:414:1 › marquee — track spans >= 2x the viewport so the loop never shows a blank gap (967ms)
  ✓   32 [desktop] › tests/smoke/storefront.spec.ts:436:1 › hero peek — a neighbour peeks in on BOTH sides at the initial rest position (3.4s)
  ✘   33 [desktop] › tests/smoke/storefront.spec.ts:467:1 › hero carousel — loops endlessly, arrows never dead-end (4.7s)
(node:90755) [DEP0205] DeprecationWarning: `module.register()` is deprecated. Use `module.registerHooks()` instead.
(Use `node --trace-deprecation ...` to show where the warning was created)
  -   34 [desktop] › tests/smoke/storefront.spec.ts:496:1 › won-carousel — mobile peek shows a neighbour on BOTH sides mid-scroll
  ✓   35 [desktop] › tests/smoke/storefront.spec.ts:539:1 › won-carousel marquee — the belt is duplicated and spans >= 2x the viewport (950ms)
  ✓   36 [desktop] › tests/smoke/storefront.spec.ts:569:1 › announcement bar — every message renders and the free-shipping progress is live (1.1s)
  ✓   37 [desktop] › tests/smoke/storefront.spec.ts:583:1 › announcement bar — rotate shows exactly one message at a time (motion on) (980ms)
  ✓   38 [desktop] › tests/smoke/storefront.spec.ts:601:1 › sticky ATC — corner style floats as a small rounded card at the bottom-inline-end (890ms)
  ✓   39 [desktop] › tests/smoke/storefront.spec.ts:630:1 › sticky ATC — center style floats as a centered pill, not full width (711ms)
  ✓   40 [desktop] › tests/smoke/storefront.spec.ts:653:1 › announcement bar — the close button dismisses it for the session (1.9s)
  ✓   41 [desktop] › tests/smoke/won-block-wrapper-selectors.spec.ts:46:1 › no CSS selector treats a theme block as a direct child (13ms)
  ✓   42 [desktop] › tests/smoke/won-card-cta-size.spec.ts:22:1 › every card quick-add variant renders at the same height (2.8s)
  ✓   43 [desktop] › tests/smoke/won-card-quick-add.spec.ts:20:1 › card declares its quick-add placement and reveal (1.2s)
  ✓   44 [desktop] › tests/smoke/won-card-quick-add.spec.ts:29:1 › quick-add control is reachable and correctly sized for touch (3.0s)
  ✓   45 [desktop] › tests/smoke/won-card-quick-add.spec.ts:45:1 › stepper quantity follows the cart (10.7s)
  ✓   46 [desktop] › tests/smoke/won-card-scale.spec.ts:58:1 › rail cards never outgrow the card ceiling (3.2s)
  ✓   47 [desktop] › tests/smoke/won-card-scale.spec.ts:68:1 › card title stays legible relative to the card it sits on (3.1s)
  ✓   48 [desktop] › tests/smoke/won-card-scale.spec.ts:81:1 › no dead zone: the 750px rail is not a single full-width column (3.2s)
  ✓   49 [desktop] › tests/smoke/won-carousel-arrows.spec.ts:8:1 › carousel arrows are visible only when the rail overflows (1.1s)
  ✓   50 [desktop] › tests/smoke/won-carousel-controls.spec.ts:19:1 › carousel pager controls render (and never show a dead/empty bar) (1.6s)
  ✓   51 [desktop] › tests/smoke/won-category-labels.spec.ts:15:3 › composed cs.schema.json has no duplicate picker category labels (2ms)
  ✓   52 [desktop] › tests/smoke/won-category-labels.spec.ts:15:3 › composed en.default.schema.json has no duplicate picker category labels (2ms)
  ✓   53 [desktop] › tests/smoke/won-countup-reachable.spec.ts:59:1 › every global theme setting is read by a section a merchant can insert (9ms)
  ✓   54 [desktop] › tests/smoke/won-countup.spec.ts:18:1 › won-stats opts into count-up: data attr, script tag, settings (1ms)
  ✓   55 [desktop] › tests/smoke/won-countup.spec.ts:32:1 › global animation fragment + compose step exist (1ms)
  ✓   56 [desktop] › tests/smoke/won-countup.spec.ts:60:1 › parser keeps prefix/suffix and format; refuses ambiguous values (3ms)
  ✓   57 [desktop] › tests/smoke/won-countup.spec.ts:98:1 › formatValue restores exact final text at the end of the run (0ms)
  ✓   58 [desktop] › tests/smoke/won-cta-effects.spec.ts:33:1 › every won CTA opts into the shared effect layer (3.3s)
  ✓   59 [desktop] › tests/smoke/won-cta-effects.spec.ts:60:1 › the whole theme resolves ONE effect per family (3.3s)
  ✓   60 [desktop] › tests/smoke/won-cta-effects.spec.ts:88:1 › card quick-add visibly reacts to hover (6.1s)
  ✓   61 [desktop] › tests/smoke/won-cta-effects.spec.ts:119:1 › sheen is a real animation when the theme asks for it (5.7s)
  ✓   62 [desktop] › tests/smoke/won-cta-effects.spec.ts:144:1 › effects stand down under prefers-reduced-motion (5.6s)
  ✓   63 [desktop] › tests/smoke/won-cta-invariants.spec.ts:35:1 › no won CTA hardcodes target="_blank" — new-tab is always gated (11ms)
  ✓   64 [desktop] › tests/smoke/won-cta-invariants.spec.ts:49:1 › rewired sections render CTAs via won-button, not inline won-btn markup (5ms)
  ✓   65 [desktop] › tests/smoke/won-cta-invariants.spec.ts:59:1 › every won-carousel preset needing blocks ships them (no empty section on insert) (2ms)
  ✓   66 [desktop] › tests/smoke/won-faq-schema.spec.ts:14:1 › won-faq-schema snippet: FAQPage, honesty guard, safe escaping, doc (3ms)
  ✓   67 [desktop] › tests/smoke/won-faq-schema.spec.ts:29:1 › both FAQ row blocks self-emit the schema, gated by the section toggle (3ms)
  ✓   68 [desktop] › tests/smoke/won-faq-schema.spec.ts:46:1 › smart defaults: accordion ON, panels OFF (1ms)
  ✓   69 [desktop] › tests/smoke/won-feedback-8.spec.ts:50:1 › rail progress bar and arrows share one control row (3.3s)
  ✓   70 [desktop] › tests/smoke/won-feedback-8.spec.ts:93:1 › quick add updates the header cart count (8.2s)
  ✓   71 [desktop] › tests/smoke/won-feedback-8.spec.ts:122:1 › card quick-add renders a stepper once the line exists (11.7s)
  ✓   72 [desktop] › tests/smoke/won-feedback-8.spec.ts:172:1 › won-feature rows align their body text across the row (12.6s)
  ✓   73 [desktop] › tests/smoke/won-feedback-8.spec.ts:221:1 › PDP main media shows the whole packshot with breathing room (1.8s)
  ✓   74 [desktop] › tests/smoke/won-feedback-8.spec.ts:252:1 › PDP puts the product description under the price, and ships no highlights block (2ms)
  ✓   75 [desktop] › tests/smoke/won-hidden-natives.spec.ts:14:3 › product-list is hidden from the section picker but still renders (1ms)
  ✓   76 [desktop] › tests/smoke/won-hidden-natives.spec.ts:14:3 › featured-blog-posts is hidden from the section picker but still renders (1ms)
  ✓   77 [desktop] › tests/smoke/won-hidden-natives.spec.ts:35:3 › quick-order-list stays visible in the picker (1ms)
  ✓   78 [desktop] › tests/smoke/won-hidden-natives.spec.ts:35:3 › featured-product stays visible in the picker (0ms)
  ✓   79 [desktop] › tests/smoke/won-hidden-natives.spec.ts:35:3 › featured-product-information stays visible in the picker (0ms)
  ✓   80 [desktop] › tests/smoke/won-hidden-natives.spec.ts:35:3 › custom-liquid stays visible in the picker (1ms)
  ✓   81 [desktop] › tests/smoke/won-hidden-natives.spec.ts:35:3 › divider stays visible in the picker (0ms)
  ✓   82 [desktop] › tests/smoke/won-no-raw-liquid.spec.ts:24:5 › no raw Liquid in the rendered page › / renders no Liquid delimiters (1.3s)
  ✓   83 [desktop] › tests/smoke/won-no-raw-liquid.spec.ts:24:5 › no raw Liquid in the rendered page › /collections/automated-collection renders no Liquid delimiters (1.1s)
  ✓   84 [desktop] › tests/smoke/won-no-raw-liquid.spec.ts:24:5 › no raw Liquid in the rendered page › /pages/contact renders no Liquid delimiters (1.0s)
  ✓   85 [desktop] › tests/smoke/won-pdp-composition.spec.ts:20:1 › data blocks inside a band fill their content column (1.8s)
  ✓   86 [desktop] › tests/smoke/won-pdp-composition.spec.ts:46:1 › the product title is the largest heading on the PDP (1.7s)
  ✓   87 [desktop] › tests/smoke/won-pdp-composition.spec.ts:68:1 › no schema placeholder copy leaks onto the storefront (1.6s)
  ✓   88 [desktop] › tests/smoke/won-pdp-composition.spec.ts:78:1 › a data block with no rows renders no orphan heading (1.7s)
  ✓   89 [desktop] › tests/smoke/won-pdp-composition.spec.ts:96:1 › product media is never smaller than the buy box column (5.8s)
  ✓   90 [desktop] › tests/smoke/won-pdp-composition.spec.ts:132:1 › the sticky bar repeats the buy box CTA, it does not restyle it (2.9s)
  ✓   91 [desktop] › tests/smoke/won-product-schema.spec.ts:15:1 › won-product-schema snippet: Product + additionalProperty, canonical @id, guard, escaping (2ms)
  ✓   92 [desktop] › tests/smoke/won-product-schema.spec.ts:34:1 › spec + nutrition tables self-emit with the right separator, gated by toggle (1ms)
  ✓   93 [desktop] › tests/smoke/won-product-schema.spec.ts:44:1 › emit_schema toggle present and ON by default on both blocks (0ms)
  ✓   94 [desktop] › tests/smoke/won-product-trust.spec.ts:12:1 › won-product-trust block reuses the shared snippets (no duplicated logic) (2ms)
  ✓   95 [desktop] › tests/smoke/won-product-trust.spec.ts:26:1 › name locale key resolves in both languages (2ms)
  ✓   96 [desktop] › tests/smoke/won-publish-global-settings.spec.ts:45:1 › publish seeds new won globals into an existing settings_data, without overwriting merchant values (228ms)
  ✓   97 [desktop] › tests/smoke/won-rail-affordance.spec.ts:87:5 › rails on / @390px expose controls exactly when they overflow (3.3s)
  ✓   98 [desktop] › tests/smoke/won-rail-affordance.spec.ts:87:5 › rails on / @700px expose controls exactly when they overflow (3.5s)
  ✓   99 [desktop] › tests/smoke/won-rail-affordance.spec.ts:87:5 › rails on / @1440px expose controls exactly when they overflow (3.3s)
  -  100 [desktop] › tests/smoke/won-rail-affordance.spec.ts:87:5 › rails on /collections/automated-collection @390px expose controls exactly when they overflow
  -  101 [desktop] › tests/smoke/won-rail-affordance.spec.ts:87:5 › rails on /collections/automated-collection @700px expose controls exactly when they overflow
  -  102 [desktop] › tests/smoke/won-rail-affordance.spec.ts:87:5 › rails on /collections/automated-collection @1440px expose controls exactly when they overflow
  ✓  103 [desktop] › tests/smoke/won-rail-affordance.spec.ts:111:1 › every arrow pair actually scrolls its rail (6.8s)
  ✓  104 [desktop] › tests/smoke/won-rail-arrow-contrast.spec.ts:43:1 › rail arrows on the page meet AA contrast in every tone (2.6s)
  ✓  105 [desktop] › tests/smoke/won-rail-arrow-contrast.spec.ts:133:1 › a rail arrow with no plate carries a text shadow over media (2.6s)
  ✓  106 [desktop] › tests/smoke/won-rail-arrow-contrast.spec.ts:191:1 › rail chrome never covers an interactive element (3.1s)
  ✓  107 [desktop] › tests/smoke/won-rail-arrow-contrast.spec.ts:247:1 › rail chrome sits below the rail it belongs to, never on top of it (3.2s)
  ✓  108 [desktop] › tests/smoke/won-rail-arrow-contrast.spec.ts:281:1 › no rail ships a second, overlay-style chrome variant (5ms)
  ✓  109 [desktop] › tests/smoke/won-rail-consistency.spec.ts:101:1 › arrow shape and size are identical on every rail (3.2s)
  -  110 [desktop] › tests/smoke/won-rail-consistency.spec.ts:111:1 › arrow colour is uniform unless the theme leaves it on auto
  ✘  111 [desktop] › tests/smoke/won-rail-consistency.spec.ts:126:1 › every scrolling rail uses the indicator the theme asked for (120ms)
(node:91245) [DEP0205] DeprecationWarning: `module.register()` is deprecated. Use `module.registerHooks()` instead.
(Use `node --trace-deprecation ...` to show where the warning was created)
  ✓  112 [desktop] › tests/smoke/won-rail-indicator-modes.spec.ts:32:1 › the composed theme has rails to audit (3ms)
  ✓  113 [desktop] › tests/smoke/won-rail-indicator-modes.spec.ts:36:1 › every rail can render every indicator the theme-wide setting offers (1ms)
  ✓  114 [desktop] › tests/smoke/won-rail-indicator-modes.spec.ts:67:1 › no rail hand-rolls the indicator resolution any more (1ms)
  ✓  115 [desktop] › tests/smoke/won-rail-indicator-modes.spec.ts:83:1 › the shared controls snippet handles all four indicator values (2ms)
  ✘  116 [desktop] › tests/smoke/won-rail-indicator-scale.spec.ts:22:1 › the scroll indicator spans the free width of its control row (114ms)
(node:91269) [DEP0205] DeprecationWarning: `module.register()` is deprecated. Use `module.registerHooks()` instead.
(Use `node --trace-deprecation ...` to show where the warning was created)
  ✘  117 [desktop] › tests/smoke/won-rail-indicator-scale.spec.ts:64:1 › the indicator thumb is proportional to how much is on screen (118ms)
(node:91291) [DEP0205] DeprecationWarning: `module.register()` is deprecated. Use `module.registerHooks()` instead.
(Use `node --trace-deprecation ...` to show where the warning was created)
  ✘  118 [desktop] › tests/smoke/won-rail-indicator-scale.spec.ts:99:1 › stepping the quantity replays the sheen (110ms)
(node:91305) [DEP0205] DeprecationWarning: `module.register()` is deprecated. Use `module.registerHooks()` instead.
(Use `node --trace-deprecation ...` to show where the warning was created)
  ✓  119 [desktop] › tests/smoke/won-rail-loop.spec.ts:47:1 › the first arrow click on a looping rail actually moves it (3.9s)
  ✓  120 [desktop] › tests/smoke/won-rail-loop.spec.ts:65:1 › a looping rail has no dead end in either direction (19.4s)
  ✓  121 [desktop] › tests/smoke/won-schema-integrity.spec.ts:64:1 › every t: key a won schema uses exists in BOTH locales (11ms)
  ✓  122 [desktop] › tests/smoke/won-schema-integrity.spec.ts:89:1 › every visible_if names a setting that exists in the same schema (6ms)
  ✓  123 [desktop] › tests/smoke/won-schema-integrity.spec.ts:108:1 › every range default is a real step in its own range (10ms)
  ✓  124 [desktop] › tests/smoke/won-schema-integrity.spec.ts:183:1 › the predicate actually bites (red-proof) (2ms)
  ✓  125 [desktop] › tests/smoke/won-schema-integrity.spec.ts:208:1 › every preset renders something with zero configuration (5ms)
  ✓  126 [desktop] › tests/smoke/won-schema-phases.spec.ts:16:1 › F3 AggregateRating: won-rating emits schema only on the PDP, gated (1ms)
  ✓  127 [desktop] › tests/smoke/won-schema-phases.spec.ts:28:1 › F4 MerchantReturnPolicy: snippet + global settings + PDP wiring (2ms)
  ✓  128 [desktop] › tests/smoke/won-schema-phases.spec.ts:50:1 › F5 HowTo: won-howto-schema from won-dosage, gated (1ms)
  ✓  129 [desktop] › tests/smoke/won-schema-phases.spec.ts:62:1 › F6 comparison: yes/no cells carry a text equivalent for extraction (0ms)
  ✓  130 [desktop] › tests/smoke/won-schema-phases.spec.ts:70:1 › F7 site schema: WebSite + SearchAction, homepage only, wired in <head> (1ms)
  ✓  131 [desktop] › tests/smoke/won-schema-phases.spec.ts:80:1 › F8 trust bridge: won-trust reads won.* metafields → badge + additionalProperty, gated (1ms)
  ✓  132 [desktop] › tests/smoke/won-settings-coverage.spec.ts:104:1 › every won-* section setting (and child-block setting) is wired to the theme source (9ms)
  -  133 [desktop] › tests/smoke/won-settings-fixes.spec.ts:17:1 › won-band: content align actually moves the button row, not just text
  ✓  134 [desktop] › tests/smoke/won-settings-fixes.spec.ts:56:1 › won-slide: min height applies to a plain (non-overlayed) slide body (1.3s)
  ✓  135 [desktop] › tests/smoke/won-settings-fixes.spec.ts:77:1 › won-tabbed-rail: desktop heading size is consumed at >= 750px (1.3s)
  ✓  136 [desktop] › tests/smoke/won-slide-art-direction.spec.ts:36:3 › won-slide art direction › slide media fills its box (no gap under an art-directed image) (1.1s)
  ✓  137 [desktop] › tests/smoke/won-slide-art-direction.spec.ts:57:3 › won-slide art direction › below 750px the packaged mobile asset is the one served (1.1s)
  ✓  138 [desktop] › tests/smoke/won-unified-behavior.spec.ts:16:1 › Visibility toggles hide the section at the correct breakpoint (1.1s)
  ✓  139 [desktop] › tests/smoke/won-unified-behavior.spec.ts:49:1 › Mode select drives a render class on the carousel (1.1s)
  ✓  140 [desktop] › tests/smoke/won-unified-behavior.spec.ts:58:1 › Infinite-scroll setting clones bookends only where its scope applies (1.2s)
  ✓  141 [desktop] › tests/smoke/won-unified-schema.spec.ts:58:1 › composed theme has sections to audit (0ms)
  ✓  142 [desktop] › tests/smoke/won-unified-schema.spec.ts:62:1 › every won section orders its group headers canonically (0ms)
  ✓  143 [desktop] › tests/smoke/won-unified-schema.spec.ts:76:1 › Visibility, when present, is the first group (after an optional About paragraph) (0ms)
  ✓  144 [desktop] › tests/smoke/won-unified-schema.spec.ts:93:1 › a Mode group leads with an always-visible behavior select (0ms)
  ✓  145 [desktop] › tests/smoke/won-unified-schema.spec.ts:107:1 › hide_mobile / hide_desktop live only under the Visibility group (0ms)
  ✓  146 [desktop] › tests/smoke/won-unified-schema.spec.ts:134:1 › every range setting spans 3–101 steps with an on-grid default (2ms)
  ✓  147 [desktop] › tests/smoke/won-unified-schema.spec.ts:155:1 › no render tag passes a filtered argument (1ms)
  ✓  148 [desktop] › tests/smoke/won-unit-price-honesty.spec.ts:79:1 › the printed unit price tracks the quantity on the variant axis (13.3s)
  ✓  149 [desktop] › tests/smoke/won-unit-price-honesty.spec.ts:148:1 › only one file computes a unit price (6ms)
  ✓  150 [desktop] › tests/smoke/won-unit-price-honesty.spec.ts:161:1 › no consumer ships a fabricated reference amount as a default (7ms)
  ✓  151 [desktop] › tests/smoke/won-unit-price-honesty.spec.ts:227:1 › the unit-price ladder is one global, merchant-editable setting (2ms)
  ✓  152 [desktop] › tests/smoke/won-unit-price-honesty.spec.ts:247:1 › no file hardcodes a reference metafield or unit (6ms)
  ✓  153 [desktop] › tests/smoke/won-unit-price-honesty.spec.ts:276:1 › every unit label on the storefront comes from the declared ladder (10.8s)
  -  154 [desktop] › tests/smoke/won-wave1-parity.spec.ts:14:1 › grid carousel with mobile_carousel scrolls horizontally on mobile
  -  155 [desktop] › tests/smoke/won-wave1-parity.spec.ts:32:1 › grid carousel without mobile_carousel stays a stacked grid on mobile
  ✓  156 [desktop] › tests/smoke/won-wave1-parity.spec.ts:45:1 › carousel arrows carry their style modifier class (1.2s)
  ✓  157 [desktop] › tests/smoke/won-wave1-parity.spec.ts:56:1 › article cards render author and reading time when enabled (1.3s)
  ✓  158 [desktop] › tests/smoke/won-wave1-parity.spec.ts:107:1 › default arrow style is visually identical to the pre-arrow_style look (1.4s)
(node:91430) [DEP0205] DeprecationWarning: `module.register()` is deprecated. Use `module.registerHooks()` instead.
(Use `node --trace-deprecation ...` to show where the warning was created)
  ✓  159 [mobile] › tests/smoke/customization-layer.spec.ts:11:1 › won sections are wired to the shared style-vars pipeline (1.1s)
  ✓  160 [mobile] › tests/smoke/customization-layer.spec.ts:24:1 › won-tokens.css consumes the universal border/shadow/radius vars (1.0s)
  ✓  161 [mobile] › tests/smoke/customization-layer.spec.ts:52:1 › won-tokens.css consumes the Tier 2 typography + motion vars (1.0s)
  ✓  162 [mobile] › tests/smoke/customization-layer.spec.ts:78:1 › per-section bg/text color override wins over the color scheme (1.0s)
  ✓  163 [mobile] › tests/smoke/customization-layer.spec.ts:98:1 › won-tokens.css consumes the Tier 3 advanced overrides (1.2s)
  ✓  164 [mobile] › tests/smoke/customization-layer.spec.ts:119:1 › editor coaching never leaks to the live storefront (2.0s)
  ✓  165 [mobile] › tests/smoke/customization-layer.spec.ts:131:1 › responsive visibility var hides the section at the active breakpoint (1.3s)
  ✓  166 [mobile] › tests/smoke/storefront.spec.ts:98:3 › home — health + responsive (1.1s)
  ✓  167 [mobile] › tests/smoke/storefront.spec.ts:98:3 › product — health + responsive (984ms)
  ✘  168 [mobile] › tests/smoke/storefront.spec.ts:98:3 › collection — health + responsive (664ms)
(node:91469) [DEP0205] DeprecationWarning: `module.register()` is deprecated. Use `module.registerHooks()` instead.
(Use `node --trace-deprecation ...` to show where the warning was created)
  ✘  169 [mobile] › tests/smoke/storefront.spec.ts:98:3 › cart — health + responsive (169ms)
(node:91502) [DEP0205] DeprecationWarning: `module.register()` is deprecated. Use `module.registerHooks()` instead.
(Use `node --trace-deprecation ...` to show where the warning was created)
  ✘  170 [mobile] › tests/smoke/storefront.spec.ts:98:3 › search — health + responsive (139ms)
(node:91531) [DEP0205] DeprecationWarning: `module.register()` is deprecated. Use `module.registerHooks()` instead.
(Use `node --trace-deprecation ...` to show where the warning was created)
  ✘  171 [mobile] › tests/smoke/storefront.spec.ts:115:1 › sections — heading alignment matches body (no centered title over left content) (187ms)
(node:91559) [DEP0205] DeprecationWarning: `module.register()` is deprecated. Use `module.registerHooks()` instead.
(Use `node --trace-deprecation ...` to show where the warning was created)
  -  172 [mobile] › tests/smoke/storefront.spec.ts:131:1 › FAQ split — image column sits beside the accordion (image left, questions right)
  ✓  173 [mobile] › tests/smoke/storefront.spec.ts:154:1 › won-panels FAQ — heading and questions always render (1.2s)
  -  174 [mobile] › tests/smoke/storefront.spec.ts:164:1 › hero peek — centred card with side peeks on desktop
  -  175 [mobile] › tests/smoke/storefront.spec.ts:176:1 › band center-gutter — media flanks the centred copy on desktop
  ✓  176 [mobile] › tests/smoke/storefront.spec.ts:195:1 › tile badge — renders in the chosen corner (top-right) (1.2s)
  ✓  177 [mobile] › tests/smoke/storefront.spec.ts:207:1 › slide annotation — headline gets a hand-drawn accent doodle (1.4s)
  ✓  178 [mobile] › tests/smoke/storefront.spec.ts:219:1 › comparison — quality dots render (dots:N/M cell syntax) (1.1s)
  ✓  179 [mobile] › tests/smoke/storefront.spec.ts:230:1 › tile icon — emoji renders before the label (1.0s)
  ✓  180 [mobile] › tests/smoke/storefront.spec.ts:237:1 › slide gradient — a photo-free slide paints its CSS gradient background (1.1s)
  ✓  181 [mobile] › tests/smoke/storefront.spec.ts:245:1 › stats — optional icon renders on each stat (1.0s)
  ✓  182 [mobile] › tests/smoke/storefront.spec.ts:254:1 › shoppable image — hotspot pins reveal a product card on focus (1.1s)
  ✓  183 [mobile] › tests/smoke/storefront.spec.ts:272:1 › shoppable image — a configured hotspot honours its separate mobile position (1.1s)
  ✓  184 [mobile] › tests/smoke/storefront.spec.ts:299:1 › tabbed rail — segmented tabs toggle their product panels (1.1s)
  -  185 [mobile] › tests/smoke/storefront.spec.ts:318:1 › carousel dots — page pager renders, is clickable, and tracks position
  ✓  186 [mobile] › tests/smoke/storefront.spec.ts:337:1 › marquee — seamless loop is a duplicated, aria-hidden track (1.0s)
  ✓  187 [mobile] › tests/smoke/storefront.spec.ts:352:1 › home — block grids with mobile carousel become a real swipeable rail (1.0s)
  ✓  188 [mobile] › tests/smoke/storefront.spec.ts:372:1 › home — carousels honour their mobile mode (1.6s)
  -  189 [mobile] › tests/smoke/storefront.spec.ts:414:1 › marquee — track spans >= 2x the viewport so the loop never shows a blank gap
  -  190 [mobile] › tests/smoke/storefront.spec.ts:436:1 › hero peek — a neighbour peeks in on BOTH sides at the initial rest position
  -  191 [mobile] › tests/smoke/storefront.spec.ts:467:1 › hero carousel — loops endlessly, arrows never dead-end
  ✓  192 [mobile] › tests/smoke/storefront.spec.ts:496:1 › won-carousel — mobile peek shows a neighbour on BOTH sides mid-scroll (1.6s)
  -  193 [mobile] › tests/smoke/storefront.spec.ts:539:1 › won-carousel marquee — the belt is duplicated and spans >= 2x the viewport
  ✓  194 [mobile] › tests/smoke/storefront.spec.ts:569:1 › announcement bar — every message renders and the free-shipping progress is live (993ms)
  ✓  195 [mobile] › tests/smoke/storefront.spec.ts:583:1 › announcement bar — rotate shows exactly one message at a time (motion on) (953ms)
  ✓  196 [mobile] › tests/smoke/storefront.spec.ts:601:1 › sticky ATC — corner style floats as a small rounded card at the bottom-inline-end (938ms)
  ✓  197 [mobile] › tests/smoke/storefront.spec.ts:630:1 › sticky ATC — center style floats as a centered pill, not full width (920ms)
  ✓  198 [mobile] › tests/smoke/storefront.spec.ts:653:1 › announcement bar — the close button dismisses it for the session (1.9s)
  ✓  199 [mobile] › tests/smoke/won-block-wrapper-selectors.spec.ts:46:1 › no CSS selector treats a theme block as a direct child (34ms)
  ✓  200 [mobile] › tests/smoke/won-card-cta-size.spec.ts:22:1 › every card quick-add variant renders at the same height (2.6s)
  ✓  201 [mobile] › tests/smoke/won-card-quick-add.spec.ts:20:1 › card declares its quick-add placement and reveal (1.2s)
  ✓  202 [mobile] › tests/smoke/won-card-quick-add.spec.ts:29:1 › quick-add control is reachable and correctly sized for touch (2.9s)
  ✓  203 [mobile] › tests/smoke/won-card-quick-add.spec.ts:45:1 › stepper quantity follows the cart (10.8s)
  ✓  204 [mobile] › tests/smoke/won-card-scale.spec.ts:58:1 › rail cards never outgrow the card ceiling (3.2s)
  ✓  205 [mobile] › tests/smoke/won-card-scale.spec.ts:68:1 › card title stays legible relative to the card it sits on (3.3s)
  ✓  206 [mobile] › tests/smoke/won-card-scale.spec.ts:81:1 › no dead zone: the 750px rail is not a single full-width column (3.3s)
  ✓  207 [mobile] › tests/smoke/won-carousel-arrows.spec.ts:8:1 › carousel arrows are visible only when the rail overflows (1.0s)
  ✓  208 [mobile] › tests/smoke/won-carousel-controls.spec.ts:19:1 › carousel pager controls render (and never show a dead/empty bar) (1.5s)
  ✓  209 [mobile] › tests/smoke/won-category-labels.spec.ts:15:3 › composed cs.schema.json has no duplicate picker category labels (2ms)
  ✓  210 [mobile] › tests/smoke/won-category-labels.spec.ts:15:3 › composed en.default.schema.json has no duplicate picker category labels (1ms)
  ✓  211 [mobile] › tests/smoke/won-countup-reachable.spec.ts:59:1 › every global theme setting is read by a section a merchant can insert (21ms)
  ✓  212 [mobile] › tests/smoke/won-countup.spec.ts:18:1 › won-stats opts into count-up: data attr, script tag, settings (1ms)
  ✓  213 [mobile] › tests/smoke/won-countup.spec.ts:32:1 › global animation fragment + compose step exist (1ms)
  ✓  214 [mobile] › tests/smoke/won-countup.spec.ts:60:1 › parser keeps prefix/suffix and format; refuses ambiguous values (2ms)
  ✓  215 [mobile] › tests/smoke/won-countup.spec.ts:98:1 › formatValue restores exact final text at the end of the run (0ms)
  ✓  216 [mobile] › tests/smoke/won-cta-effects.spec.ts:33:1 › every won CTA opts into the shared effect layer (3.3s)
  ✓  217 [mobile] › tests/smoke/won-cta-effects.spec.ts:60:1 › the whole theme resolves ONE effect per family (3.3s)
  ✓  218 [mobile] › tests/smoke/won-cta-effects.spec.ts:88:1 › card quick-add visibly reacts to hover (5.8s)
  ✓  219 [mobile] › tests/smoke/won-cta-effects.spec.ts:119:1 › sheen is a real animation when the theme asks for it (5.8s)
  ✓  220 [mobile] › tests/smoke/won-cta-effects.spec.ts:144:1 › effects stand down under prefers-reduced-motion (5.6s)
  ✓  221 [mobile] › tests/smoke/won-cta-invariants.spec.ts:35:1 › no won CTA hardcodes target="_blank" — new-tab is always gated (9ms)
  ✓  222 [mobile] › tests/smoke/won-cta-invariants.spec.ts:49:1 › rewired sections render CTAs via won-button, not inline won-btn markup (2ms)
  ✓  223 [mobile] › tests/smoke/won-cta-invariants.spec.ts:59:1 › every won-carousel preset needing blocks ships them (no empty section on insert) (1ms)
  ✓  224 [mobile] › tests/smoke/won-faq-schema.spec.ts:14:1 › won-faq-schema snippet: FAQPage, honesty guard, safe escaping, doc (1ms)
  ✓  225 [mobile] › tests/smoke/won-faq-schema.spec.ts:29:1 › both FAQ row blocks self-emit the schema, gated by the section toggle (1ms)
  ✓  226 [mobile] › tests/smoke/won-faq-schema.spec.ts:46:1 › smart defaults: accordion ON, panels OFF (0ms)
  ✓  227 [mobile] › tests/smoke/won-feedback-8.spec.ts:50:1 › rail progress bar and arrows share one control row (3.3s)
  ✓  228 [mobile] › tests/smoke/won-feedback-8.spec.ts:93:1 › quick add updates the header cart count (8.7s)
  ✓  229 [mobile] › tests/smoke/won-feedback-8.spec.ts:122:1 › card quick-add renders a stepper once the line exists (11.6s)
  ✘  230 [mobile] › tests/smoke/won-feedback-8.spec.ts:172:1 › won-feature rows align their body text across the row (6.6s)
(node:91838) [DEP0205] DeprecationWarning: `module.register()` is deprecated. Use `module.registerHooks()` instead.
(Use `node --trace-deprecation ...` to show where the warning was created)
  ✘  231 [mobile] › tests/smoke/won-feedback-8.spec.ts:221:1 › PDP main media shows the whole packshot with breathing room (93ms)
(node:91865) [DEP0205] DeprecationWarning: `module.register()` is deprecated. Use `module.registerHooks()` instead.
(Use `node --trace-deprecation ...` to show where the warning was created)
  ✓  232 [mobile] › tests/smoke/won-feedback-8.spec.ts:252:1 › PDP puts the product description under the price, and ships no highlights block (2ms)
  ✓  233 [mobile] › tests/smoke/won-hidden-natives.spec.ts:14:3 › product-list is hidden from the section picker but still renders (1ms)
  ✓  234 [mobile] › tests/smoke/won-hidden-natives.spec.ts:14:3 › featured-blog-posts is hidden from the section picker but still renders (0ms)
  ✓  235 [mobile] › tests/smoke/won-hidden-natives.spec.ts:35:3 › quick-order-list stays visible in the picker (0ms)
  ✓  236 [mobile] › tests/smoke/won-hidden-natives.spec.ts:35:3 › featured-product stays visible in the picker (0ms)
  ✓  237 [mobile] › tests/smoke/won-hidden-natives.spec.ts:35:3 › featured-product-information stays visible in the picker (0ms)
  ✓  238 [mobile] › tests/smoke/won-hidden-natives.spec.ts:35:3 › custom-liquid stays visible in the picker (0ms)
  ✓  239 [mobile] › tests/smoke/won-hidden-natives.spec.ts:35:3 › divider stays visible in the picker (0ms)
  ✘  240 [mobile] › tests/smoke/won-no-raw-liquid.spec.ts:24:5 › no raw Liquid in the rendered page › / renders no Liquid delimiters (85ms)
(node:91887) [DEP0205] DeprecationWarning: `module.register()` is deprecated. Use `module.registerHooks()` instead.
(Use `node --trace-deprecation ...` to show where the warning was created)
  ✘  241 [mobile] › tests/smoke/won-no-raw-liquid.spec.ts:24:5 › no raw Liquid in the rendered page › /collections/automated-collection renders no Liquid delimiters (92ms)
(node:91898) [DEP0205] DeprecationWarning: `module.register()` is deprecated. Use `module.registerHooks()` instead.
(Use `node --trace-deprecation ...` to show where the warning was created)
  ✘  242 [mobile] › tests/smoke/won-no-raw-liquid.spec.ts:24:5 › no raw Liquid in the rendered page › /pages/contact renders no Liquid delimiters (95ms)
(node:91913) [DEP0205] DeprecationWarning: `module.register()` is deprecated. Use `module.registerHooks()` instead.
(Use `node --trace-deprecation ...` to show where the warning was created)
  ✘  243 [mobile] › tests/smoke/won-pdp-composition.spec.ts:20:1 › data blocks inside a band fill their content column (81ms)
(node:91921) [DEP0205] DeprecationWarning: `module.register()` is deprecated. Use `module.registerHooks()` instead.
(Use `node --trace-deprecation ...` to show where the warning was created)
  ✓  244 [mobile] › tests/smoke/won-pdp-composition.spec.ts:46:1 › the product title is the largest heading on the PDP (2.3s)
  ✓  245 [mobile] › tests/smoke/won-pdp-composition.spec.ts:68:1 › no schema placeholder copy leaks onto the storefront (2.3s)
  ✓  246 [mobile] › tests/smoke/won-pdp-composition.spec.ts:78:1 › a data block with no rows renders no orphan heading (1.8s)
  ✓  247 [mobile] › tests/smoke/won-pdp-composition.spec.ts:96:1 › product media is never smaller than the buy box column (5.4s)
  ✓  248 [mobile] › tests/smoke/won-pdp-composition.spec.ts:132:1 › the sticky bar repeats the buy box CTA, it does not restyle it (2.8s)
  ✓  249 [mobile] › tests/smoke/won-product-schema.spec.ts:15:1 › won-product-schema snippet: Product + additionalProperty, canonical @id, guard, escaping (4ms)
  ✓  250 [mobile] › tests/smoke/won-product-schema.spec.ts:34:1 › spec + nutrition tables self-emit with the right separator, gated by toggle (2ms)
  ✓  251 [mobile] › tests/smoke/won-product-schema.spec.ts:44:1 › emit_schema toggle present and ON by default on both blocks (1ms)
  ✓  252 [mobile] › tests/smoke/won-product-trust.spec.ts:12:1 › won-product-trust block reuses the shared snippets (no duplicated logic) (2ms)
  ✓  253 [mobile] › tests/smoke/won-product-trust.spec.ts:26:1 › name locale key resolves in both languages (3ms)
  ✓  254 [mobile] › tests/smoke/won-publish-global-settings.spec.ts:45:1 › publish seeds new won globals into an existing settings_data, without overwriting merchant values (273ms)
  ✓  255 [mobile] › tests/smoke/won-rail-affordance.spec.ts:87:5 › rails on / @390px expose controls exactly when they overflow (3.5s)
  ✓  256 [mobile] › tests/smoke/won-rail-affordance.spec.ts:87:5 › rails on / @700px expose controls exactly when they overflow (3.5s)
  ✓  257 [mobile] › tests/smoke/won-rail-affordance.spec.ts:87:5 › rails on / @1440px expose controls exactly when they overflow (3.5s)
  -  258 [mobile] › tests/smoke/won-rail-affordance.spec.ts:87:5 › rails on /collections/automated-collection @390px expose controls exactly when they overflow
  -  259 [mobile] › tests/smoke/won-rail-affordance.spec.ts:87:5 › rails on /collections/automated-collection @700px expose controls exactly when they overflow
  -  260 [mobile] › tests/smoke/won-rail-affordance.spec.ts:87:5 › rails on /collections/automated-collection @1440px expose controls exactly when they overflow
  ✓  261 [mobile] › tests/smoke/won-rail-affordance.spec.ts:111:1 › every arrow pair actually scrolls its rail (9.7s)
  ✓  262 [mobile] › tests/smoke/won-rail-arrow-contrast.spec.ts:43:1 › rail arrows on the page meet AA contrast in every tone (2.5s)
  ✓  263 [mobile] › tests/smoke/won-rail-arrow-contrast.spec.ts:133:1 › a rail arrow with no plate carries a text shadow over media (2.6s)
  ✓  264 [mobile] › tests/smoke/won-rail-arrow-contrast.spec.ts:191:1 › rail chrome never covers an interactive element (3.0s)
  ✓  265 [mobile] › tests/smoke/won-rail-arrow-contrast.spec.ts:247:1 › rail chrome sits below the rail it belongs to, never on top of it (3.3s)
  ✓  266 [mobile] › tests/smoke/won-rail-arrow-contrast.spec.ts:281:1 › no rail ships a second, overlay-style chrome variant (39ms)
  ✓  267 [mobile] › tests/smoke/won-rail-consistency.spec.ts:101:1 › arrow shape and size are identical on every rail (3.3s)
  -  268 [mobile] › tests/smoke/won-rail-consistency.spec.ts:111:1 › arrow colour is uniform unless the theme leaves it on auto
  ✘  269 [mobile] › tests/smoke/won-rail-consistency.spec.ts:126:1 › every scrolling rail uses the indicator the theme asked for (3.5s)
(node:92175) [DEP0205] DeprecationWarning: `module.register()` is deprecated. Use `module.registerHooks()` instead.
(Use `node --trace-deprecation ...` to show where the warning was created)
  ✓  270 [mobile] › tests/smoke/won-rail-indicator-modes.spec.ts:32:1 › the composed theme has rails to audit (6ms)
  ✓  271 [mobile] › tests/smoke/won-rail-indicator-modes.spec.ts:36:1 › every rail can render every indicator the theme-wide setting offers (2ms)
  ✓  272 [mobile] › tests/smoke/won-rail-indicator-modes.spec.ts:67:1 › no rail hand-rolls the indicator resolution any more (1ms)
  ✓  273 [mobile] › tests/smoke/won-rail-indicator-modes.spec.ts:83:1 › the shared controls snippet handles all four indicator values (3ms)
  ✓  274 [mobile] › tests/smoke/won-rail-indicator-scale.spec.ts:22:1 › the scroll indicator spans the free width of its control row (3.5s)
  ✓  275 [mobile] › tests/smoke/won-rail-indicator-scale.spec.ts:64:1 › the indicator thumb is proportional to how much is on screen (3.4s)
  ✓  276 [mobile] › tests/smoke/won-rail-indicator-scale.spec.ts:99:1 › stepping the quantity replays the sheen (11.3s)
  ✓  277 [mobile] › tests/smoke/won-rail-loop.spec.ts:47:1 › the first arrow click on a looping rail actually moves it (3.7s)
  ✓  278 [mobile] › tests/smoke/won-rail-loop.spec.ts:65:1 › a looping rail has no dead end in either direction (19.2s)
  ✓  279 [mobile] › tests/smoke/won-schema-integrity.spec.ts:64:1 › every t: key a won schema uses exists in BOTH locales (25ms)
  ✓  280 [mobile] › tests/smoke/won-schema-integrity.spec.ts:89:1 › every visible_if names a setting that exists in the same schema (5ms)
  ✓  281 [mobile] › tests/smoke/won-schema-integrity.spec.ts:108:1 › every range default is a real step in its own range (5ms)
  ✓  282 [mobile] › tests/smoke/won-schema-integrity.spec.ts:183:1 › the predicate actually bites (red-proof) (1ms)
  ✓  283 [mobile] › tests/smoke/won-schema-integrity.spec.ts:208:1 › every preset renders something with zero configuration (6ms)
  ✓  284 [mobile] › tests/smoke/won-schema-phases.spec.ts:16:1 › F3 AggregateRating: won-rating emits schema only on the PDP, gated (1ms)
  ✓  285 [mobile] › tests/smoke/won-schema-phases.spec.ts:28:1 › F4 MerchantReturnPolicy: snippet + global settings + PDP wiring (2ms)
  ✓  286 [mobile] › tests/smoke/won-schema-phases.spec.ts:50:1 › F5 HowTo: won-howto-schema from won-dosage, gated (1ms)
  ✓  287 [mobile] › tests/smoke/won-schema-phases.spec.ts:62:1 › F6 comparison: yes/no cells carry a text equivalent for extraction (0ms)
  ✓  288 [mobile] › tests/smoke/won-schema-phases.spec.ts:70:1 › F7 site schema: WebSite + SearchAction, homepage only, wired in <head> (1ms)
  ✓  289 [mobile] › tests/smoke/won-schema-phases.spec.ts:80:1 › F8 trust bridge: won-trust reads won.* metafields → badge + additionalProperty, gated (2ms)
  ✓  290 [mobile] › tests/smoke/won-settings-coverage.spec.ts:104:1 › every won-* section setting (and child-block setting) is wired to the theme source (8ms)
  ✘  291 [mobile] › tests/smoke/won-settings-fixes.spec.ts:17:1 › won-band: content align actually moves the button row, not just text (1.0m)
(node:92430) [DEP0205] DeprecationWarning: `module.register()` is deprecated. Use `module.registerHooks()` instead.
(Use `node --trace-deprecation ...` to show where the warning was created)
  ✓  292 [mobile] › tests/smoke/won-settings-fixes.spec.ts:56:1 › won-slide: min height applies to a plain (non-overlayed) slide body (1.0s)
  -  293 [mobile] › tests/smoke/won-settings-fixes.spec.ts:77:1 › won-tabbed-rail: desktop heading size is consumed at >= 750px
  ✓  294 [mobile] › tests/smoke/won-slide-art-direction.spec.ts:36:3 › won-slide art direction › slide media fills its box (no gap under an art-directed image) (1.2s)
  ✓  295 [mobile] › tests/smoke/won-slide-art-direction.spec.ts:57:3 › won-slide art direction › below 750px the packaged mobile asset is the one served (1.0s)
  ✓  296 [mobile] › tests/smoke/won-unified-behavior.spec.ts:16:1 › Visibility toggles hide the section at the correct breakpoint (1.1s)
  ✓  297 [mobile] › tests/smoke/won-unified-behavior.spec.ts:49:1 › Mode select drives a render class on the carousel (1.2s)
  ✓  298 [mobile] › tests/smoke/won-unified-behavior.spec.ts:58:1 › Infinite-scroll setting clones bookends only where its scope applies (1.0s)
  ✓  299 [mobile] › tests/smoke/won-unified-schema.spec.ts:58:1 › composed theme has sections to audit (0ms)
  ✓  300 [mobile] › tests/smoke/won-unified-schema.spec.ts:62:1 › every won section orders its group headers canonically (1ms)
  ✓  301 [mobile] › tests/smoke/won-unified-schema.spec.ts:76:1 › Visibility, when present, is the first group (after an optional About paragraph) (0ms)
  ✓  302 [mobile] › tests/smoke/won-unified-schema.spec.ts:93:1 › a Mode group leads with an always-visible behavior select (0ms)
  ✓  303 [mobile] › tests/smoke/won-unified-schema.spec.ts:107:1 › hide_mobile / hide_desktop live only under the Visibility group (0ms)
  ✓  304 [mobile] › tests/smoke/won-unified-schema.spec.ts:134:1 › every range setting spans 3–101 steps with an on-grid default (2ms)
  ✓  305 [mobile] › tests/smoke/won-unified-schema.spec.ts:155:1 › no render tag passes a filtered argument (1ms)
  ✓  306 [mobile] › tests/smoke/won-unit-price-honesty.spec.ts:79:1 › the printed unit price tracks the quantity on the variant axis (13.8s)
  ✓  307 [mobile] › tests/smoke/won-unit-price-honesty.spec.ts:148:1 › only one file computes a unit price (13ms)
  ✓  308 [mobile] › tests/smoke/won-unit-price-honesty.spec.ts:161:1 › no consumer ships a fabricated reference amount as a default (10ms)
  ✓  309 [mobile] › tests/smoke/won-unit-price-honesty.spec.ts:227:1 › the unit-price ladder is one global, merchant-editable setting (4ms)
  ✓  310 [mobile] › tests/smoke/won-unit-price-honesty.spec.ts:247:1 › no file hardcodes a reference metafield or unit (10ms)
  ✓  311 [mobile] › tests/smoke/won-unit-price-honesty.spec.ts:276:1 › every unit label on the storefront comes from the declared ladder (9.9s)
  ✓  312 [mobile] › tests/smoke/won-wave1-parity.spec.ts:14:1 › grid carousel with mobile_carousel scrolls horizontally on mobile (1.0s)
  ✓  313 [mobile] › tests/smoke/won-wave1-parity.spec.ts:32:1 › grid carousel without mobile_carousel stays a stacked grid on mobile (1.0s)
  -  314 [mobile] › tests/smoke/won-wave1-parity.spec.ts:45:1 › carousel arrows carry their style modifier class
  -  315 [mobile] › tests/smoke/won-wave1-parity.spec.ts:56:1 › article cards render author and reading time when enabled
  -  316 [mobile] › tests/smoke/won-wave1-parity.spec.ts:107:1 › default arrow style is visually identical to the pre-arrow_style look


  1) [desktop] › tests/smoke/storefront.spec.ts:467:1 › hero carousel — loops endlessly, arrows never dead-end 

    Error: after a full lap a neighbour still peeks right

    [2mexpect([22m[31mreceived[39m[2m).[22mtoBeGreaterThan[2m([22m[32mexpected[39m[2m)[22m

    Expected: > [32m0[39m
    Received:   [31m0[39m

      486 |   const wrapped = await peekSidesOf(track);
      487 |   expect(wrapped.left, 'after a full lap a neighbour still peeks left').toBeGreaterThan(0);
    > 488 |   expect(wrapped.right, 'after a full lap a neighbour still peeks right').toBeGreaterThan(0);
          |                                                                           ^
      489 |   // Backwards works too: Prev is live from the very first rest position.
      490 |   await expect(car.locator('[data-won-prev]'), 'Prev must be live so you can scroll left past the first slide').toBeEnabled();
      491 | });
        at /Users/ondrej/Development/WonCommerce/Apps/b2b_b2c/tests/smoke/storefront.spec.ts:488:75

    attachment #1: screenshot (image/png) ──────────────────────────────────────────────────────────
    test-results/smoke-storefront-hero-caro-83921-essly-arrows-never-dead-end-desktop/test-failed-1.png
    ────────────────────────────────────────────────────────────────────────────────────────────────

    Error Context: test-results/smoke-storefront-hero-caro-83921-essly-arrows-never-dead-end-desktop/error-context.md

  2) [desktop] › tests/smoke/won-rail-consistency.spec.ts:126:1 › every scrolling rail uses the indicator the theme asked for 

    Error: page.goto: net::ERR_CONNECTION_REFUSED at http://127.0.0.1:9292/
    Call log:
    [2m  - navigating to "http://127.0.0.1:9292/", waiting until "load"[22m


      32 |
      33 | async function collect(page: Page) {
    > 34 |   await page.goto('/', { waitUntil: 'load' });
         |              ^
      35 |   await page.evaluate(async () => {
      36 |     window.scrollTo(0, document.body.scrollHeight);
      37 |     await new Promise((r) => setTimeout(r, 1800));
        at collect (/Users/ondrej/Development/WonCommerce/Apps/b2b_b2c/tests/smoke/won-rail-consistency.spec.ts:34:14)
        at /Users/ondrej/Development/WonCommerce/Apps/b2b_b2c/tests/smoke/won-rail-consistency.spec.ts:127:49

    attachment #1: screenshot (image/png) ──────────────────────────────────────────────────────────
    test-results/smoke-won-rail-consistency-a10c9-dicator-the-theme-asked-for-desktop/test-failed-1.png
    ────────────────────────────────────────────────────────────────────────────────────────────────

  3) [desktop] › tests/smoke/won-rail-indicator-scale.spec.ts:22:1 › the scroll indicator spans the free width of its control row 

    Error: page.goto: net::ERR_CONNECTION_REFUSED at http://127.0.0.1:9292/
    Call log:
    [2m  - navigating to "http://127.0.0.1:9292/", waiting until "load"[22m


      21 |
      22 | test('the scroll indicator spans the free width of its control row', async ({ page }) => {
    > 23 |   await page.goto('/', { waitUntil: 'load' });
         |              ^
      24 |   await settle(page);
      25 |
      26 |   const rails = await page.evaluate(() => {
        at /Users/ondrej/Development/WonCommerce/Apps/b2b_b2c/tests/smoke/won-rail-indicator-scale.spec.ts:23:14

    attachment #1: screenshot (image/png) ──────────────────────────────────────────────────────────
    test-results/smoke-won-rail-indicator-s-b1ebc-ee-width-of-its-control-row-desktop/test-failed-1.png
    ────────────────────────────────────────────────────────────────────────────────────────────────

  4) [desktop] › tests/smoke/won-rail-indicator-scale.spec.ts:64:1 › the indicator thumb is proportional to how much is on screen 

    Error: page.goto: net::ERR_CONNECTION_REFUSED at http://127.0.0.1:9292/
    Call log:
    [2m  - navigating to "http://127.0.0.1:9292/", waiting until "load"[22m


      63 |
      64 | test('the indicator thumb is proportional to how much is on screen', async ({ page }) => {
    > 65 |   await page.goto('/', { waitUntil: 'load' });
         |              ^
      66 |   await settle(page);
      67 |
      68 |   const rails = await page.evaluate(() => {
        at /Users/ondrej/Development/WonCommerce/Apps/b2b_b2c/tests/smoke/won-rail-indicator-scale.spec.ts:65:14

    attachment #1: screenshot (image/png) ──────────────────────────────────────────────────────────
    test-results/smoke-won-rail-indicator-s-dd9bc-al-to-how-much-is-on-screen-desktop/test-failed-1.png
    ────────────────────────────────────────────────────────────────────────────────────────────────

  5) [desktop] › tests/smoke/won-rail-indicator-scale.spec.ts:99:1 › stepping the quantity replays the sheen 

    Error: page.goto: net::ERR_CONNECTION_REFUSED at http://127.0.0.1:9292/
    Call log:
    [2m  - navigating to "http://127.0.0.1:9292/", waiting until "load"[22m


       98 |
       99 | test('stepping the quantity replays the sheen', async ({ page }) => {
    > 100 |   await page.goto('/', { waitUntil: 'load' });
          |              ^
      101 |   await page.evaluate(() => fetch('/cart/clear.js', { method: 'POST' }));
      102 |   await page.reload({ waitUntil: 'load' });
      103 |   await settle(page);
        at /Users/ondrej/Development/WonCommerce/Apps/b2b_b2c/tests/smoke/won-rail-indicator-scale.spec.ts:100:14

    attachment #1: screenshot (image/png) ──────────────────────────────────────────────────────────
    test-results/smoke-won-rail-indicator-s-0336c--quantity-replays-the-sheen-desktop/test-failed-1.png
    ────────────────────────────────────────────────────────────────────────────────────────────────

  6) [mobile] › tests/smoke/storefront.spec.ts:98:3 › collection — health + responsive ─────────────

    Error: page.goto: net::ERR_ABORTED at http://127.0.0.1:9292/collections/automated-collection
    Call log:
    [2m  - navigating to "http://127.0.0.1:9292/collections/automated-collection", waiting until "domcontentloaded"[22m


      53 |
      54 |   await page.emulateMedia({ reducedMotion: 'reduce' });
    > 55 |   const resp = await page.goto(path, { waitUntil: 'domcontentloaded' });
         |                           ^
      56 |   sig.status = resp?.status();
      57 |   await page.locator(ready).first().waitFor({ state: 'visible' }).catch(() => {});
      58 |   await page.evaluate(() => (document as any).fonts?.ready).catch(() => {});
        at open (/Users/ondrej/Development/WonCommerce/Apps/b2b_b2c/tests/smoke/storefront.spec.ts:55:27)
        at /Users/ondrej/Development/WonCommerce/Apps/b2b_b2c/tests/smoke/storefront.spec.ts:100:17

    attachment #1: screenshot (image/png) ──────────────────────────────────────────────────────────
    test-results/smoke-storefront-collection-—-health-responsive-mobile/test-failed-1.png
    ────────────────────────────────────────────────────────────────────────────────────────────────

  7) [mobile] › tests/smoke/storefront.spec.ts:98:3 › cart — health + responsive ───────────────────

    Error: page.goto: net::ERR_CONNECTION_REFUSED at http://127.0.0.1:9292/cart
    Call log:
    [2m  - navigating to "http://127.0.0.1:9292/cart", waiting until "domcontentloaded"[22m


      53 |
      54 |   await page.emulateMedia({ reducedMotion: 'reduce' });
    > 55 |   const resp = await page.goto(path, { waitUntil: 'domcontentloaded' });
         |                           ^
      56 |   sig.status = resp?.status();
      57 |   await page.locator(ready).first().waitFor({ state: 'visible' }).catch(() => {});
      58 |   await page.evaluate(() => (document as any).fonts?.ready).catch(() => {});
        at open (/Users/ondrej/Development/WonCommerce/Apps/b2b_b2c/tests/smoke/storefront.spec.ts:55:27)
        at /Users/ondrej/Development/WonCommerce/Apps/b2b_b2c/tests/smoke/storefront.spec.ts:100:17

    attachment #1: screenshot (image/png) ──────────────────────────────────────────────────────────
    test-results/smoke-storefront-cart-—-health-responsive-mobile/test-failed-1.png
    ────────────────────────────────────────────────────────────────────────────────────────────────

  8) [mobile] › tests/smoke/storefront.spec.ts:98:3 › search — health + responsive ─────────────────

    Error: page.goto: net::ERR_CONNECTION_REFUSED at http://127.0.0.1:9292/search?q=protein
    Call log:
    [2m  - navigating to "http://127.0.0.1:9292/search?q=protein", waiting until "domcontentloaded"[22m


      53 |
      54 |   await page.emulateMedia({ reducedMotion: 'reduce' });
    > 55 |   const resp = await page.goto(path, { waitUntil: 'domcontentloaded' });
         |                           ^
      56 |   sig.status = resp?.status();
      57 |   await page.locator(ready).first().waitFor({ state: 'visible' }).catch(() => {});
      58 |   await page.evaluate(() => (document as any).fonts?.ready).catch(() => {});
        at open (/Users/ondrej/Development/WonCommerce/Apps/b2b_b2c/tests/smoke/storefront.spec.ts:55:27)
        at /Users/ondrej/Development/WonCommerce/Apps/b2b_b2c/tests/smoke/storefront.spec.ts:100:17

    attachment #1: screenshot (image/png) ──────────────────────────────────────────────────────────
    test-results/smoke-storefront-search-—-health-responsive-mobile/test-failed-1.png
    ────────────────────────────────────────────────────────────────────────────────────────────────

  9) [mobile] › tests/smoke/storefront.spec.ts:115:1 › sections — heading alignment matches body (no centered title over left content) 

    Error: page.goto: net::ERR_CONNECTION_REFUSED at http://127.0.0.1:9292/
    Call log:
    [2m  - navigating to "http://127.0.0.1:9292/", waiting until "domcontentloaded"[22m


      53 |
      54 |   await page.emulateMedia({ reducedMotion: 'reduce' });
    > 55 |   const resp = await page.goto(path, { waitUntil: 'domcontentloaded' });
         |                           ^
      56 |   sig.status = resp?.status();
      57 |   await page.locator(ready).first().waitFor({ state: 'visible' }).catch(() => {});
      58 |   await page.evaluate(() => (document as any).fonts?.ready).catch(() => {});
        at open (/Users/ondrej/Development/WonCommerce/Apps/b2b_b2c/tests/smoke/storefront.spec.ts:55:27)
        at /Users/ondrej/Development/WonCommerce/Apps/b2b_b2c/tests/smoke/storefront.spec.ts:119:3

    attachment #1: screenshot (image/png) ──────────────────────────────────────────────────────────
    test-results/smoke-storefront-sections--a49d8-ed-title-over-left-content--mobile/test-failed-1.png
    ────────────────────────────────────────────────────────────────────────────────────────────────

  10) [mobile] › tests/smoke/won-feedback-8.spec.ts:172:1 › won-feature rows align their body text across the row 

    Error: page.goto: net::ERR_CONNECTION_REFUSED at http://127.0.0.1:9292/
    Call log:
    [2m  - navigating to "http://127.0.0.1:9292/", waiting until "load"[22m


      178 |
      179 | async function checkFeatureRows(page: Page, width: number) {
    > 180 |   await page.goto('/', { waitUntil: 'load' });
          |              ^
      181 |   await settle(page);
      182 |
      183 |   const groups = await page.evaluate(() => {
        at checkFeatureRows (/Users/ondrej/Development/WonCommerce/Apps/b2b_b2c/tests/smoke/won-feedback-8.spec.ts:180:14)
        at /Users/ondrej/Development/WonCommerce/Apps/b2b_b2c/tests/smoke/won-feedback-8.spec.ts:175:11

    attachment #1: screenshot (image/png) ──────────────────────────────────────────────────────────
    test-results/smoke-won-feedback-8-won-f-f1bfc-ir-body-text-across-the-row-mobile/test-failed-1.png
    ────────────────────────────────────────────────────────────────────────────────────────────────

  11) [mobile] › tests/smoke/won-feedback-8.spec.ts:221:1 › PDP main media shows the whole packshot with breathing room 

    Error: page.goto: net::ERR_CONNECTION_REFUSED at http://127.0.0.1:9292/
    Call log:
    [2m  - navigating to "http://127.0.0.1:9292/", waiting until "load"[22m


      35 |
      36 | async function firstWonProductUrl(page: Page): Promise<string> {
    > 37 |   await page.goto('/', { waitUntil: 'load' });
         |              ^
      38 |   const href = await page
      39 |     .locator('.won-pcard a.won-pcard__media-link')
      40 |     .first()
        at firstWonProductUrl (/Users/ondrej/Development/WonCommerce/Apps/b2b_b2c/tests/smoke/won-feedback-8.spec.ts:37:14)
        at /Users/ondrej/Development/WonCommerce/Apps/b2b_b2c/tests/smoke/won-feedback-8.spec.ts:222:21

    attachment #1: screenshot (image/png) ──────────────────────────────────────────────────────────
    test-results/smoke-won-feedback-8-PDP-m-1fd4b-ackshot-with-breathing-room-mobile/test-failed-1.png
    ────────────────────────────────────────────────────────────────────────────────────────────────

  12) [mobile] › tests/smoke/won-no-raw-liquid.spec.ts:24:5 › no raw Liquid in the rendered page › / renders no Liquid delimiters 

    Error: page.goto: net::ERR_CONNECTION_REFUSED at http://127.0.0.1:9292/
    Call log:
    [2m  - navigating to "http://127.0.0.1:9292/", waiting until "load"[22m


      23 |   for (const path of PAGES) {
      24 |     test(`${path} renders no Liquid delimiters`, async ({ page }) => {
    > 25 |       const res = await page.goto(path, { waitUntil: 'load' });
         |                              ^
      26 |       test.skip(!res || res.status() >= 400, `${path} is not part of this demo`);
      27 |
      28 |       // Read the DELIVERED markup, not innerText: a delimiter can sit inside an
        at /Users/ondrej/Development/WonCommerce/Apps/b2b_b2c/tests/smoke/won-no-raw-liquid.spec.ts:25:30

    attachment #1: screenshot (image/png) ──────────────────────────────────────────────────────────
    test-results/smoke-won-no-raw-liquid-no-e50fe-enders-no-Liquid-delimiters-mobile/test-failed-1.png
    ────────────────────────────────────────────────────────────────────────────────────────────────

  13) [mobile] › tests/smoke/won-no-raw-liquid.spec.ts:24:5 › no raw Liquid in the rendered page › /collections/automated-collection renders no Liquid delimiters 

    Error: page.goto: net::ERR_CONNECTION_REFUSED at http://127.0.0.1:9292/collections/automated-collection
    Call log:
    [2m  - navigating to "http://127.0.0.1:9292/collections/automated-collection", waiting until "load"[22m


      23 |   for (const path of PAGES) {
      24 |     test(`${path} renders no Liquid delimiters`, async ({ page }) => {
    > 25 |       const res = await page.goto(path, { waitUntil: 'load' });
         |                              ^
      26 |       test.skip(!res || res.status() >= 400, `${path} is not part of this demo`);
      27 |
      28 |       // Read the DELIVERED markup, not innerText: a delimiter can sit inside an
        at /Users/ondrej/Development/WonCommerce/Apps/b2b_b2c/tests/smoke/won-no-raw-liquid.spec.ts:25:30

    attachment #1: screenshot (image/png) ──────────────────────────────────────────────────────────
    test-results/smoke-won-no-raw-liquid-no-7fada-enders-no-Liquid-delimiters-mobile/test-failed-1.png
    ────────────────────────────────────────────────────────────────────────────────────────────────

  14) [mobile] › tests/smoke/won-no-raw-liquid.spec.ts:24:5 › no raw Liquid in the rendered page › /pages/contact renders no Liquid delimiters 

    Error: page.goto: net::ERR_CONNECTION_REFUSED at http://127.0.0.1:9292/pages/contact
    Call log:
    [2m  - navigating to "http://127.0.0.1:9292/pages/contact", waiting until "load"[22m


      23 |   for (const path of PAGES) {
      24 |     test(`${path} renders no Liquid delimiters`, async ({ page }) => {
    > 25 |       const res = await page.goto(path, { waitUntil: 'load' });
         |                              ^
      26 |       test.skip(!res || res.status() >= 400, `${path} is not part of this demo`);
      27 |
      28 |       // Read the DELIVERED markup, not innerText: a delimiter can sit inside an
        at /Users/ondrej/Development/WonCommerce/Apps/b2b_b2c/tests/smoke/won-no-raw-liquid.spec.ts:25:30

    attachment #1: screenshot (image/png) ──────────────────────────────────────────────────────────
    test-results/smoke-won-no-raw-liquid-no-054c2-enders-no-Liquid-delimiters-mobile/test-failed-1.png
    ────────────────────────────────────────────────────────────────────────────────────────────────

  15) [mobile] › tests/smoke/won-pdp-composition.spec.ts:20:1 › data blocks inside a band fill their content column 

    Error: page.goto: net::ERR_CONNECTION_REFUSED at http://127.0.0.1:9292/products/the-videographer-snowboard
    Call log:
    [2m  - navigating to "http://127.0.0.1:9292/products/the-videographer-snowboard", waiting until "domcontentloaded"[22m


      13 |
      14 | async function goto(page: import('@playwright/test').Page) {
    > 15 |   await page.goto(PDP, { waitUntil: 'domcontentloaded' });
         |              ^
      16 |   await page.waitForLoadState('load').catch(() => {});
      17 |   await page.waitForTimeout(600);
      18 | }
        at goto (/Users/ondrej/Development/WonCommerce/Apps/b2b_b2c/tests/smoke/won-pdp-composition.spec.ts:15:14)
        at /Users/ondrej/Development/WonCommerce/Apps/b2b_b2c/tests/smoke/won-pdp-composition.spec.ts:21:9

    attachment #1: screenshot (image/png) ──────────────────────────────────────────────────────────
    test-results/smoke-won-pdp-composition--cccfc-d-fill-their-content-column-mobile/test-failed-1.png
    ────────────────────────────────────────────────────────────────────────────────────────────────

  16) [mobile] › tests/smoke/won-rail-consistency.spec.ts:126:1 › every scrolling rail uses the indicator the theme asked for 

    Error: global indicator is "progress" but rails use: won-carousel-section=progress, won-grid-section=progress, won-carousel-section=progress, won-carousel-section=progress, won-hero-carousel-section=none, won-carousel-section=progress, won-tabbed-rail-section=progress

    [2mexpect([22m[31mreceived[39m[2m).[22mtoEqual[2m([22m[32mexpected[39m[2m) // deep equality[22m

    [32m- Expected  - 0[39m
    [31m+ Received  + 1[39m

    [2m  Array [[22m
    [2m    "progress",[22m
    [31m+   "none",[39m
    [2m  ][22m

      136 |     kinds,
      137 |     `global indicator is "${globalIndicator}" but rails use: ${indicators.map((i) => `${i.id}=${i.kind}`).join(', ')}`
    > 138 |   ).toEqual([globalIndicator]);
          |     ^
      139 | });
      140 |
        at /Users/ondrej/Development/WonCommerce/Apps/b2b_b2c/tests/smoke/won-rail-consistency.spec.ts:138:5

    attachment #1: screenshot (image/png) ──────────────────────────────────────────────────────────
    test-results/smoke-won-rail-consistency-a10c9-dicator-the-theme-asked-for-mobile/test-failed-1.png
    ────────────────────────────────────────────────────────────────────────────────────────────────

    Error Context: test-results/smoke-won-rail-consistency-a10c9-dicator-the-theme-asked-for-mobile/error-context.md

  17) [mobile] › tests/smoke/won-settings-fixes.spec.ts:17:1 › won-band: content align actually moves the button row, not just text 

    [31mTest timeout of 60000ms exceeded.[39m

    Error: page.goto: Test timeout of 60000ms exceeded.
    Call log:
    [2m  - navigating to "http://127.0.0.1:9292/", waiting until "load"[22m


      24 |   // So assert the OUTCOME the merchant sees, not the property that happens to carry it.
      25 |   test.skip(testInfo.project.name !== 'mobile', 'base __content rule is clean of layout overrides on mobile');
    > 26 |   await page.goto('/');
         |              ^
      27 |   await page.waitForSelector('.won-band__content', { state: 'attached' });
      28 |
      29 |   const res = await page.evaluate(() => {
        at /Users/ondrej/Development/WonCommerce/Apps/b2b_b2c/tests/smoke/won-settings-fixes.spec.ts:26:14

    attachment #1: screenshot (image/png) ──────────────────────────────────────────────────────────
    test-results/smoke-won-settings-fixes-w-17cd8-he-button-row-not-just-text-mobile/test-failed-1.png
    ────────────────────────────────────────────────────────────────────────────────────────────────

    Error Context: test-results/smoke-won-settings-fixes-w-17cd8-he-button-row-not-just-text-mobile/error-context.md

  17 failed
    [desktop] › tests/smoke/storefront.spec.ts:467:1 › hero carousel — loops endlessly, arrows never dead-end 
    [desktop] › tests/smoke/won-rail-consistency.spec.ts:126:1 › every scrolling rail uses the indicator the theme asked for 
    [desktop] › tests/smoke/won-rail-indicator-scale.spec.ts:22:1 › the scroll indicator spans the free width of its control row 
    [desktop] › tests/smoke/won-rail-indicator-scale.spec.ts:64:1 › the indicator thumb is proportional to how much is on screen 
    [desktop] › tests/smoke/won-rail-indicator-scale.spec.ts:99:1 › stepping the quantity replays the sheen 
    [mobile] › tests/smoke/storefront.spec.ts:98:3 › collection — health + responsive ──────────────
    [mobile] › tests/smoke/storefront.spec.ts:98:3 › cart — health + responsive ────────────────────
    [mobile] › tests/smoke/storefront.spec.ts:98:3 › search — health + responsive ──────────────────
    [mobile] › tests/smoke/storefront.spec.ts:115:1 › sections — heading alignment matches body (no centered title over left content) 
    [mobile] › tests/smoke/won-feedback-8.spec.ts:172:1 › won-feature rows align their body text across the row 
    [mobile] › tests/smoke/won-feedback-8.spec.ts:221:1 › PDP main media shows the whole packshot with breathing room 
    [mobile] › tests/smoke/won-no-raw-liquid.spec.ts:24:5 › no raw Liquid in the rendered page › / renders no Liquid delimiters 
    [mobile] › tests/smoke/won-no-raw-liquid.spec.ts:24:5 › no raw Liquid in the rendered page › /collections/automated-collection renders no Liquid delimiters 
    [mobile] › tests/smoke/won-no-raw-liquid.spec.ts:24:5 › no raw Liquid in the rendered page › /pages/contact renders no Liquid delimiters 
    [mobile] › tests/smoke/won-pdp-composition.spec.ts:20:1 › data blocks inside a band fill their content column 
    [mobile] › tests/smoke/won-rail-consistency.spec.ts:126:1 › every scrolling rail uses the indicator the theme asked for 
    [mobile] › tests/smoke/won-settings-fixes.spec.ts:17:1 › won-band: content align actually moves the button row, not just text 
  28 skipped
  271 passed (10.3m)
