(node:87561) [DEP0205] DeprecationWarning: `module.register()` is deprecated. Use `module.registerHooks()` instead.
(Use `node --trace-deprecation ...` to show where the warning was created)

Running 310 tests using 1 worker

(node:87562) [DEP0205] DeprecationWarning: `module.register()` is deprecated. Use `module.registerHooks()` instead.
(Use `node --trace-deprecation ...` to show where the warning was created)
  ✓    1 [desktop] › tests/smoke/customization-layer.spec.ts:11:1 › won sections are wired to the shared style-vars pipeline (1.2s)
  ✓    2 [desktop] › tests/smoke/customization-layer.spec.ts:24:1 › won-tokens.css consumes the universal border/shadow/radius vars (1.1s)
  ✓    3 [desktop] › tests/smoke/customization-layer.spec.ts:52:1 › won-tokens.css consumes the Tier 2 typography + motion vars (1.2s)
  ✓    4 [desktop] › tests/smoke/customization-layer.spec.ts:78:1 › per-section bg/text color override wins over the color scheme (1.1s)
  ✓    5 [desktop] › tests/smoke/customization-layer.spec.ts:98:1 › won-tokens.css consumes the Tier 3 advanced overrides (1.1s)
  ✓    6 [desktop] › tests/smoke/customization-layer.spec.ts:119:1 › editor coaching never leaks to the live storefront (1.8s)
  ✓    7 [desktop] › tests/smoke/customization-layer.spec.ts:131:1 › responsive visibility var hides the section at the active breakpoint (1.1s)
  ✓    8 [desktop] › tests/smoke/storefront.spec.ts:98:3 › home — health + responsive (1.2s)
  ✓    9 [desktop] › tests/smoke/storefront.spec.ts:98:3 › product — health + responsive (828ms)
  ✓   10 [desktop] › tests/smoke/storefront.spec.ts:98:3 › collection — health + responsive (862ms)
  ✓   11 [desktop] › tests/smoke/storefront.spec.ts:98:3 › cart — health + responsive (911ms)
  ✓   12 [desktop] › tests/smoke/storefront.spec.ts:98:3 › search — health + responsive (994ms)
  -   13 [desktop] › tests/smoke/storefront.spec.ts:115:1 › sections — heading alignment matches body (no centered title over left content)
  ✓   14 [desktop] › tests/smoke/storefront.spec.ts:131:1 › FAQ split — image column sits beside the accordion (image left, questions right) (1.0s)
  ✓   15 [desktop] › tests/smoke/storefront.spec.ts:154:1 › won-panels FAQ — heading and questions always render (899ms)
  ✓   16 [desktop] › tests/smoke/storefront.spec.ts:164:1 › hero peek — centred card with side peeks on desktop (1.4s)
  ✓   17 [desktop] › tests/smoke/storefront.spec.ts:176:1 › band center-gutter — media flanks the centred copy on desktop (964ms)
  ✓   18 [desktop] › tests/smoke/storefront.spec.ts:195:1 › tile badge — renders in the chosen corner (top-right) (957ms)
  ✓   19 [desktop] › tests/smoke/storefront.spec.ts:207:1 › slide annotation — headline gets a hand-drawn accent doodle (2.0s)
  ✓   20 [desktop] › tests/smoke/storefront.spec.ts:219:1 › comparison — quality dots render (dots:N/M cell syntax) (912ms)
  ✓   21 [desktop] › tests/smoke/storefront.spec.ts:230:1 › tile icon — emoji renders before the label (872ms)
  ✓   22 [desktop] › tests/smoke/storefront.spec.ts:237:1 › slide gradient — a photo-free slide paints its CSS gradient background (1.3s)
  ✓   23 [desktop] › tests/smoke/storefront.spec.ts:245:1 › stats — optional icon renders on each stat (953ms)
  ✓   24 [desktop] › tests/smoke/storefront.spec.ts:254:1 › shoppable image — hotspot pins reveal a product card on focus (874ms)
  ✓   25 [desktop] › tests/smoke/storefront.spec.ts:272:1 › shoppable image — a configured hotspot honours its separate mobile position (1.1s)
  ✓   26 [desktop] › tests/smoke/storefront.spec.ts:299:1 › tabbed rail — segmented tabs toggle their product panels (1.0s)
  -   27 [desktop] › tests/smoke/storefront.spec.ts:318:1 › carousel dots — page pager renders, is clickable, and tracks position
  ✓   28 [desktop] › tests/smoke/storefront.spec.ts:337:1 › marquee — seamless loop is a duplicated, aria-hidden track (1.0s)
  -   29 [desktop] › tests/smoke/storefront.spec.ts:352:1 › home — block grids with mobile carousel become a real swipeable rail
  -   30 [desktop] › tests/smoke/storefront.spec.ts:372:1 › home — carousels honour their mobile mode
  ✓   31 [desktop] › tests/smoke/storefront.spec.ts:414:1 › marquee — track spans >= 2x the viewport so the loop never shows a blank gap (1.0s)
  ✘   32 [desktop] › tests/smoke/storefront.spec.ts:436:1 › hero peek — a neighbour peeks in on BOTH sides at the initial rest position (1.0m)
(node:87726) [DEP0205] DeprecationWarning: `module.register()` is deprecated. Use `module.registerHooks()` instead.
(Use `node --trace-deprecation ...` to show where the warning was created)
  ✘   33 [desktop] › tests/smoke/storefront.spec.ts:467:1 › hero carousel — loops endlessly, arrows never dead-end (16.5s)
(node:87739) [DEP0205] DeprecationWarning: `module.register()` is deprecated. Use `module.registerHooks()` instead.
(Use `node --trace-deprecation ...` to show where the warning was created)
  -   34 [desktop] › tests/smoke/storefront.spec.ts:496:1 › won-carousel — mobile peek shows a neighbour on BOTH sides mid-scroll
  ✓   35 [desktop] › tests/smoke/storefront.spec.ts:539:1 › won-carousel marquee — the belt is duplicated and spans >= 2x the viewport (970ms)
  ✓   36 [desktop] › tests/smoke/storefront.spec.ts:569:1 › announcement bar — every message renders and the free-shipping progress is live (935ms)
  ✓   37 [desktop] › tests/smoke/storefront.spec.ts:583:1 › announcement bar — rotate shows exactly one message at a time (motion on) (984ms)
  ✓   38 [desktop] › tests/smoke/storefront.spec.ts:601:1 › sticky ATC — corner style floats as a small rounded card at the bottom-inline-end (857ms)
  ✓   39 [desktop] › tests/smoke/storefront.spec.ts:630:1 › sticky ATC — center style floats as a centered pill, not full width (896ms)
  ✓   40 [desktop] › tests/smoke/storefront.spec.ts:653:1 › announcement bar — the close button dismisses it for the session (2.0s)
  ✓   41 [desktop] › tests/smoke/won-block-wrapper-selectors.spec.ts:46:1 › no CSS selector treats a theme block as a direct child (7ms)
  ✓   42 [desktop] › tests/smoke/won-card-quick-add.spec.ts:20:1 › card declares its quick-add placement and reveal (1.4s)
  ✓   43 [desktop] › tests/smoke/won-card-quick-add.spec.ts:29:1 › quick-add control is reachable and correctly sized for touch (3.0s)
  ✓   44 [desktop] › tests/smoke/won-card-quick-add.spec.ts:45:1 › stepper quantity follows the cart (10.9s)
  ✓   45 [desktop] › tests/smoke/won-card-scale.spec.ts:58:1 › rail cards never outgrow the card ceiling (3.3s)
  ✓   46 [desktop] › tests/smoke/won-card-scale.spec.ts:68:1 › card title stays legible relative to the card it sits on (3.2s)
  ✓   47 [desktop] › tests/smoke/won-card-scale.spec.ts:81:1 › no dead zone: the 750px rail is not a single full-width column (3.3s)
  ✓   48 [desktop] › tests/smoke/won-carousel-arrows.spec.ts:8:1 › carousel arrows are visible only when the rail overflows (1.1s)
  ✓   49 [desktop] › tests/smoke/won-carousel-controls.spec.ts:19:1 › carousel pager controls render (and never show a dead/empty bar) (1.6s)
  ✓   50 [desktop] › tests/smoke/won-category-labels.spec.ts:15:3 › composed cs.schema.json has no duplicate picker category labels (1ms)
  ✓   51 [desktop] › tests/smoke/won-category-labels.spec.ts:15:3 › composed en.default.schema.json has no duplicate picker category labels (1ms)
  ✓   52 [desktop] › tests/smoke/won-countup-reachable.spec.ts:59:1 › every global theme setting is read by a section a merchant can insert (6ms)
  ✓   53 [desktop] › tests/smoke/won-countup.spec.ts:18:1 › won-stats opts into count-up: data attr, script tag, settings (1ms)
  ✓   54 [desktop] › tests/smoke/won-countup.spec.ts:32:1 › global animation fragment + compose step exist (1ms)
  ✓   55 [desktop] › tests/smoke/won-countup.spec.ts:60:1 › parser keeps prefix/suffix and format; refuses ambiguous values (2ms)
  ✓   56 [desktop] › tests/smoke/won-countup.spec.ts:98:1 › formatValue restores exact final text at the end of the run (0ms)
  ✓   57 [desktop] › tests/smoke/won-cta-effects.spec.ts:33:1 › every won CTA opts into the shared effect layer (3.4s)
  ✓   58 [desktop] › tests/smoke/won-cta-effects.spec.ts:60:1 › the whole theme resolves ONE effect per family (3.5s)
  ✓   59 [desktop] › tests/smoke/won-cta-effects.spec.ts:88:1 › card quick-add visibly reacts to hover (6.0s)
  ✓   60 [desktop] › tests/smoke/won-cta-effects.spec.ts:119:1 › sheen is a real animation when the theme asks for it (5.6s)
  ✓   61 [desktop] › tests/smoke/won-cta-effects.spec.ts:144:1 › effects stand down under prefers-reduced-motion (5.5s)
  ✓   62 [desktop] › tests/smoke/won-cta-invariants.spec.ts:35:1 › no won CTA hardcodes target="_blank" — new-tab is always gated (2ms)
  ✓   63 [desktop] › tests/smoke/won-cta-invariants.spec.ts:49:1 › rewired sections render CTAs via won-button, not inline won-btn markup (2ms)
  ✓   64 [desktop] › tests/smoke/won-cta-invariants.spec.ts:59:1 › every won-carousel preset needing blocks ships them (no empty section on insert) (1ms)
  ✓   65 [desktop] › tests/smoke/won-faq-schema.spec.ts:14:1 › won-faq-schema snippet: FAQPage, honesty guard, safe escaping, doc (1ms)
  ✓   66 [desktop] › tests/smoke/won-faq-schema.spec.ts:29:1 › both FAQ row blocks self-emit the schema, gated by the section toggle (1ms)
  ✓   67 [desktop] › tests/smoke/won-faq-schema.spec.ts:46:1 › smart defaults: accordion ON, panels OFF (0ms)
  ✓   68 [desktop] › tests/smoke/won-feedback-8.spec.ts:50:1 › rail progress bar and arrows share one control row (3.3s)
  ✓   69 [desktop] › tests/smoke/won-feedback-8.spec.ts:93:1 › quick add updates the header cart count (7.7s)
  ✓   70 [desktop] › tests/smoke/won-feedback-8.spec.ts:122:1 › card quick-add renders a stepper once the line exists (11.7s)
  ✓   71 [desktop] › tests/smoke/won-feedback-8.spec.ts:172:1 › won-feature rows align their body text across the row (12.2s)
  ✓   72 [desktop] › tests/smoke/won-feedback-8.spec.ts:221:1 › PDP main media shows the whole packshot with breathing room (1.7s)
  ✓   73 [desktop] › tests/smoke/won-feedback-8.spec.ts:252:1 › PDP puts the product description under the price, and ships no highlights block (1ms)
  ✓   74 [desktop] › tests/smoke/won-hidden-natives.spec.ts:14:3 › product-list is hidden from the section picker but still renders (0ms)
  ✓   75 [desktop] › tests/smoke/won-hidden-natives.spec.ts:14:3 › featured-blog-posts is hidden from the section picker but still renders (0ms)
  ✓   76 [desktop] › tests/smoke/won-hidden-natives.spec.ts:35:3 › quick-order-list stays visible in the picker (0ms)
  ✓   77 [desktop] › tests/smoke/won-hidden-natives.spec.ts:35:3 › featured-product stays visible in the picker (0ms)
  ✓   78 [desktop] › tests/smoke/won-hidden-natives.spec.ts:35:3 › featured-product-information stays visible in the picker (0ms)
  ✓   79 [desktop] › tests/smoke/won-hidden-natives.spec.ts:35:3 › custom-liquid stays visible in the picker (0ms)
  ✓   80 [desktop] › tests/smoke/won-hidden-natives.spec.ts:35:3 › divider stays visible in the picker (0ms)
  ✓   81 [desktop] › tests/smoke/won-no-raw-liquid.spec.ts:24:5 › no raw Liquid in the rendered page › / renders no Liquid delimiters (1.2s)
  ✓   82 [desktop] › tests/smoke/won-no-raw-liquid.spec.ts:24:5 › no raw Liquid in the rendered page › /collections/automated-collection renders no Liquid delimiters (970ms)
  ✓   83 [desktop] › tests/smoke/won-no-raw-liquid.spec.ts:24:5 › no raw Liquid in the rendered page › /pages/contact renders no Liquid delimiters (922ms)
  ✓   84 [desktop] › tests/smoke/won-pdp-composition.spec.ts:20:1 › data blocks inside a band fill their content column (1.5s)
  ✓   85 [desktop] › tests/smoke/won-pdp-composition.spec.ts:46:1 › the product title is the largest heading on the PDP (1.5s)
  ✓   86 [desktop] › tests/smoke/won-pdp-composition.spec.ts:68:1 › no schema placeholder copy leaks onto the storefront (1.6s)
  ✓   87 [desktop] › tests/smoke/won-pdp-composition.spec.ts:78:1 › a data block with no rows renders no orphan heading (1.6s)
  ✓   88 [desktop] › tests/smoke/won-pdp-composition.spec.ts:96:1 › product media is never smaller than the buy box column (5.3s)
  ✓   89 [desktop] › tests/smoke/won-pdp-composition.spec.ts:132:1 › the sticky bar repeats the buy box CTA, it does not restyle it (2.8s)
  ✓   90 [desktop] › tests/smoke/won-product-schema.spec.ts:15:1 › won-product-schema snippet: Product + additionalProperty, canonical @id, guard, escaping (2ms)
  ✓   91 [desktop] › tests/smoke/won-product-schema.spec.ts:34:1 › spec + nutrition tables self-emit with the right separator, gated by toggle (0ms)
  ✓   92 [desktop] › tests/smoke/won-product-schema.spec.ts:44:1 › emit_schema toggle present and ON by default on both blocks (0ms)
  ✓   93 [desktop] › tests/smoke/won-product-trust.spec.ts:12:1 › won-product-trust block reuses the shared snippets (no duplicated logic) (1ms)
  ✓   94 [desktop] › tests/smoke/won-product-trust.spec.ts:26:1 › name locale key resolves in both languages (1ms)
  ✓   95 [desktop] › tests/smoke/won-publish-global-settings.spec.ts:45:1 › publish seeds new won globals into an existing settings_data, without overwriting merchant values (138ms)
  ✘   96 [desktop] › tests/smoke/won-rail-affordance.spec.ts:87:5 › rails on / @390px expose controls exactly when they overflow (3.3s)
(node:87897) [DEP0205] DeprecationWarning: `module.register()` is deprecated. Use `module.registerHooks()` instead.
(Use `node --trace-deprecation ...` to show where the warning was created)
  ✘   97 [desktop] › tests/smoke/won-rail-affordance.spec.ts:87:5 › rails on / @700px expose controls exactly when they overflow (3.4s)
(node:87914) [DEP0205] DeprecationWarning: `module.register()` is deprecated. Use `module.registerHooks()` instead.
(Use `node --trace-deprecation ...` to show where the warning was created)
  ✘   98 [desktop] › tests/smoke/won-rail-affordance.spec.ts:87:5 › rails on / @1440px expose controls exactly when they overflow (3.4s)
(node:87921) [DEP0205] DeprecationWarning: `module.register()` is deprecated. Use `module.registerHooks()` instead.
(Use `node --trace-deprecation ...` to show where the warning was created)
  -   99 [desktop] › tests/smoke/won-rail-affordance.spec.ts:87:5 › rails on /collections/automated-collection @390px expose controls exactly when they overflow
  -  100 [desktop] › tests/smoke/won-rail-affordance.spec.ts:87:5 › rails on /collections/automated-collection @700px expose controls exactly when they overflow
  -  101 [desktop] › tests/smoke/won-rail-affordance.spec.ts:87:5 › rails on /collections/automated-collection @1440px expose controls exactly when they overflow
  ✓  102 [desktop] › tests/smoke/won-rail-affordance.spec.ts:111:1 › every arrow pair actually scrolls its rail (6.4s)
  ✓  103 [desktop] › tests/smoke/won-rail-arrow-contrast.spec.ts:43:1 › rail arrows on the page meet AA contrast in every tone (2.6s)
  ✓  104 [desktop] › tests/smoke/won-rail-arrow-contrast.spec.ts:133:1 › a rail arrow with no plate carries a text shadow over media (2.6s)
  ✓  105 [desktop] › tests/smoke/won-rail-arrow-contrast.spec.ts:191:1 › rail chrome never covers an interactive element (3.1s)
  ✓  106 [desktop] › tests/smoke/won-rail-arrow-contrast.spec.ts:247:1 › rail chrome sits below the rail it belongs to, never on top of it (3.3s)
  ✓  107 [desktop] › tests/smoke/won-rail-arrow-contrast.spec.ts:281:1 › no rail ships a second, overlay-style chrome variant (6ms)
  ✓  108 [desktop] › tests/smoke/won-rail-consistency.spec.ts:101:1 › arrow shape and size are identical on every rail (3.3s)
  -  109 [desktop] › tests/smoke/won-rail-consistency.spec.ts:111:1 › arrow colour is uniform unless the theme leaves it on auto
  ✘  110 [desktop] › tests/smoke/won-rail-consistency.spec.ts:126:1 › every scrolling rail uses the indicator the theme asked for (3.5s)
(node:87943) [DEP0205] DeprecationWarning: `module.register()` is deprecated. Use `module.registerHooks()` instead.
(Use `node --trace-deprecation ...` to show where the warning was created)
  ✓  111 [desktop] › tests/smoke/won-rail-indicator-modes.spec.ts:32:1 › the composed theme has rails to audit (2ms)
  ✓  112 [desktop] › tests/smoke/won-rail-indicator-modes.spec.ts:36:1 › every rail can render every indicator the theme-wide setting offers (1ms)
  ✓  113 [desktop] › tests/smoke/won-rail-indicator-modes.spec.ts:67:1 › no rail hand-rolls the indicator resolution any more (1ms)
  ✓  114 [desktop] › tests/smoke/won-rail-indicator-modes.spec.ts:83:1 › the shared controls snippet handles all four indicator values (1ms)
  ✓  115 [desktop] › tests/smoke/won-rail-indicator-scale.spec.ts:22:1 › the scroll indicator spans the free width of its control row (3.3s)
  ✓  116 [desktop] › tests/smoke/won-rail-indicator-scale.spec.ts:64:1 › the indicator thumb is proportional to how much is on screen (3.4s)
  ✓  117 [desktop] › tests/smoke/won-rail-indicator-scale.spec.ts:99:1 › stepping the quantity replays the sheen (11.2s)
  ✓  118 [desktop] › tests/smoke/won-schema-integrity.spec.ts:64:1 › every t: key a won schema uses exists in BOTH locales (11ms)
  ✓  119 [desktop] › tests/smoke/won-schema-integrity.spec.ts:89:1 › every visible_if names a setting that exists in the same schema (6ms)
  ✓  120 [desktop] › tests/smoke/won-schema-integrity.spec.ts:108:1 › every range default is a real step in its own range (5ms)
  ✓  121 [desktop] › tests/smoke/won-schema-integrity.spec.ts:183:1 › the predicate actually bites (red-proof) (1ms)
  ✓  122 [desktop] › tests/smoke/won-schema-integrity.spec.ts:208:1 › every preset renders something with zero configuration (4ms)
  ✓  123 [desktop] › tests/smoke/won-schema-phases.spec.ts:16:1 › F3 AggregateRating: won-rating emits schema only on the PDP, gated (1ms)
  ✓  124 [desktop] › tests/smoke/won-schema-phases.spec.ts:28:1 › F4 MerchantReturnPolicy: snippet + global settings + PDP wiring (2ms)
  ✓  125 [desktop] › tests/smoke/won-schema-phases.spec.ts:50:1 › F5 HowTo: won-howto-schema from won-dosage, gated (1ms)
  ✓  126 [desktop] › tests/smoke/won-schema-phases.spec.ts:62:1 › F6 comparison: yes/no cells carry a text equivalent for extraction (0ms)
  ✓  127 [desktop] › tests/smoke/won-schema-phases.spec.ts:70:1 › F7 site schema: WebSite + SearchAction, homepage only, wired in <head> (0ms)
  ✓  128 [desktop] › tests/smoke/won-schema-phases.spec.ts:80:1 › F8 trust bridge: won-trust reads won.* metafields → badge + additionalProperty, gated (1ms)
  ✓  129 [desktop] › tests/smoke/won-settings-coverage.spec.ts:104:1 › every won-* section setting (and child-block setting) is wired to the theme source (8ms)
  -  130 [desktop] › tests/smoke/won-settings-fixes.spec.ts:17:1 › won-band: content align actually moves the button row, not just text
  ✓  131 [desktop] › tests/smoke/won-settings-fixes.spec.ts:56:1 › won-slide: min height applies to a plain (non-overlayed) slide body (1.1s)
  ✓  132 [desktop] › tests/smoke/won-settings-fixes.spec.ts:77:1 › won-tabbed-rail: desktop heading size is consumed at >= 750px (1.1s)
  ✓  133 [desktop] › tests/smoke/won-slide-art-direction.spec.ts:36:3 › won-slide art direction › slide media fills its box (no gap under an art-directed image) (1.1s)
  ✓  134 [desktop] › tests/smoke/won-slide-art-direction.spec.ts:57:3 › won-slide art direction › below 750px the packaged mobile asset is the one served (1.1s)
  ✓  135 [desktop] › tests/smoke/won-unified-behavior.spec.ts:16:1 › Visibility toggles hide the section at the correct breakpoint (1.1s)
  ✓  136 [desktop] › tests/smoke/won-unified-behavior.spec.ts:49:1 › Mode select drives a render class on the carousel (1.1s)
  ✓  137 [desktop] › tests/smoke/won-unified-behavior.spec.ts:58:1 › Infinite-scroll setting clones bookends only where its scope applies (1.1s)
  ✓  138 [desktop] › tests/smoke/won-unified-schema.spec.ts:58:1 › composed theme has sections to audit (0ms)
  ✓  139 [desktop] › tests/smoke/won-unified-schema.spec.ts:62:1 › every won section orders its group headers canonically (0ms)
  ✓  140 [desktop] › tests/smoke/won-unified-schema.spec.ts:76:1 › Visibility, when present, is the first group (after an optional About paragraph) (0ms)
  ✓  141 [desktop] › tests/smoke/won-unified-schema.spec.ts:93:1 › a Mode group leads with an always-visible behavior select (0ms)
  ✓  142 [desktop] › tests/smoke/won-unified-schema.spec.ts:107:1 › hide_mobile / hide_desktop live only under the Visibility group (0ms)
  ✓  143 [desktop] › tests/smoke/won-unified-schema.spec.ts:134:1 › every range setting spans 3–101 steps with an on-grid default (2ms)
  ✓  144 [desktop] › tests/smoke/won-unified-schema.spec.ts:155:1 › no render tag passes a filtered argument (1ms)
  ✓  145 [desktop] › tests/smoke/won-unit-price-honesty.spec.ts:79:1 › the printed unit price tracks the quantity on the variant axis (14.4s)
  ✓  146 [desktop] › tests/smoke/won-unit-price-honesty.spec.ts:148:1 › only one file computes a unit price (12ms)
  ✓  147 [desktop] › tests/smoke/won-unit-price-honesty.spec.ts:161:1 › no consumer ships a fabricated reference amount as a default (10ms)
  ✓  148 [desktop] › tests/smoke/won-unit-price-honesty.spec.ts:227:1 › the unit-price ladder is one global, merchant-editable setting (2ms)
  ✓  149 [desktop] › tests/smoke/won-unit-price-honesty.spec.ts:247:1 › no file hardcodes a reference metafield or unit (7ms)
  ✓  150 [desktop] › tests/smoke/won-unit-price-honesty.spec.ts:276:1 › every unit label on the storefront comes from the declared ladder (10.1s)
  -  151 [desktop] › tests/smoke/won-wave1-parity.spec.ts:14:1 › grid carousel with mobile_carousel scrolls horizontally on mobile
  -  152 [desktop] › tests/smoke/won-wave1-parity.spec.ts:32:1 › grid carousel without mobile_carousel stays a stacked grid on mobile
  ✓  153 [desktop] › tests/smoke/won-wave1-parity.spec.ts:45:1 › carousel arrows carry their style modifier class (1.1s)
  ✓  154 [desktop] › tests/smoke/won-wave1-parity.spec.ts:56:1 › article cards render author and reading time when enabled (1.1s)
  ✓  155 [desktop] › tests/smoke/won-wave1-parity.spec.ts:107:1 › default arrow style is visually identical to the pre-arrow_style look (1.0s)
(node:88069) [DEP0205] DeprecationWarning: `module.register()` is deprecated. Use `module.registerHooks()` instead.
(Use `node --trace-deprecation ...` to show where the warning was created)
  ✓  156 [mobile] › tests/smoke/customization-layer.spec.ts:11:1 › won sections are wired to the shared style-vars pipeline (1.2s)
  ✓  157 [mobile] › tests/smoke/customization-layer.spec.ts:24:1 › won-tokens.css consumes the universal border/shadow/radius vars (1.0s)
  ✓  158 [mobile] › tests/smoke/customization-layer.spec.ts:52:1 › won-tokens.css consumes the Tier 2 typography + motion vars (1.1s)
  ✓  159 [mobile] › tests/smoke/customization-layer.spec.ts:78:1 › per-section bg/text color override wins over the color scheme (947ms)
  ✓  160 [mobile] › tests/smoke/customization-layer.spec.ts:98:1 › won-tokens.css consumes the Tier 3 advanced overrides (988ms)
  ✓  161 [mobile] › tests/smoke/customization-layer.spec.ts:119:1 › editor coaching never leaks to the live storefront (1.7s)
  ✓  162 [mobile] › tests/smoke/customization-layer.spec.ts:131:1 › responsive visibility var hides the section at the active breakpoint (1.0s)
  ✓  163 [mobile] › tests/smoke/storefront.spec.ts:98:3 › home — health + responsive (845ms)
  ✓  164 [mobile] › tests/smoke/storefront.spec.ts:98:3 › product — health + responsive (880ms)
  ✓  165 [mobile] › tests/smoke/storefront.spec.ts:98:3 › collection — health + responsive (781ms)
  ✓  166 [mobile] › tests/smoke/storefront.spec.ts:98:3 › cart — health + responsive (760ms)
  ✓  167 [mobile] › tests/smoke/storefront.spec.ts:98:3 › search — health + responsive (914ms)
  ✓  168 [mobile] › tests/smoke/storefront.spec.ts:115:1 › sections — heading alignment matches body (no centered title over left content) (1.1s)
  -  169 [mobile] › tests/smoke/storefront.spec.ts:131:1 › FAQ split — image column sits beside the accordion (image left, questions right)
  ✓  170 [mobile] › tests/smoke/storefront.spec.ts:154:1 › won-panels FAQ — heading and questions always render (884ms)
  -  171 [mobile] › tests/smoke/storefront.spec.ts:164:1 › hero peek — centred card with side peeks on desktop
  -  172 [mobile] › tests/smoke/storefront.spec.ts:176:1 › band center-gutter — media flanks the centred copy on desktop
  ✓  173 [mobile] › tests/smoke/storefront.spec.ts:195:1 › tile badge — renders in the chosen corner (top-right) (850ms)
  ✓  174 [mobile] › tests/smoke/storefront.spec.ts:207:1 › slide annotation — headline gets a hand-drawn accent doodle (954ms)
  ✓  175 [mobile] › tests/smoke/storefront.spec.ts:219:1 › comparison — quality dots render (dots:N/M cell syntax) (1.0s)
  ✓  176 [mobile] › tests/smoke/storefront.spec.ts:230:1 › tile icon — emoji renders before the label (903ms)
  ✓  177 [mobile] › tests/smoke/storefront.spec.ts:237:1 › slide gradient — a photo-free slide paints its CSS gradient background (1.1s)
  ✓  178 [mobile] › tests/smoke/storefront.spec.ts:245:1 › stats — optional icon renders on each stat (783ms)
  ✓  179 [mobile] › tests/smoke/storefront.spec.ts:254:1 › shoppable image — hotspot pins reveal a product card on focus (912ms)
  ✓  180 [mobile] › tests/smoke/storefront.spec.ts:272:1 › shoppable image — a configured hotspot honours its separate mobile position (896ms)
  ✓  181 [mobile] › tests/smoke/storefront.spec.ts:299:1 › tabbed rail — segmented tabs toggle their product panels (1.0s)
  -  182 [mobile] › tests/smoke/storefront.spec.ts:318:1 › carousel dots — page pager renders, is clickable, and tracks position
  ✓  183 [mobile] › tests/smoke/storefront.spec.ts:337:1 › marquee — seamless loop is a duplicated, aria-hidden track (847ms)
  ✓  184 [mobile] › tests/smoke/storefront.spec.ts:352:1 › home — block grids with mobile carousel become a real swipeable rail (916ms)
  ✓  185 [mobile] › tests/smoke/storefront.spec.ts:372:1 › home — carousels honour their mobile mode (1.2s)
  -  186 [mobile] › tests/smoke/storefront.spec.ts:414:1 › marquee — track spans >= 2x the viewport so the loop never shows a blank gap
  -  187 [mobile] › tests/smoke/storefront.spec.ts:436:1 › hero peek — a neighbour peeks in on BOTH sides at the initial rest position
  -  188 [mobile] › tests/smoke/storefront.spec.ts:467:1 › hero carousel — loops endlessly, arrows never dead-end
  ✓  189 [mobile] › tests/smoke/storefront.spec.ts:496:1 › won-carousel — mobile peek shows a neighbour on BOTH sides mid-scroll (1.2s)
  -  190 [mobile] › tests/smoke/storefront.spec.ts:539:1 › won-carousel marquee — the belt is duplicated and spans >= 2x the viewport
  ✓  191 [mobile] › tests/smoke/storefront.spec.ts:569:1 › announcement bar — every message renders and the free-shipping progress is live (865ms)
  ✓  192 [mobile] › tests/smoke/storefront.spec.ts:583:1 › announcement bar — rotate shows exactly one message at a time (motion on) (828ms)
  ✓  193 [mobile] › tests/smoke/storefront.spec.ts:601:1 › sticky ATC — corner style floats as a small rounded card at the bottom-inline-end (800ms)
  ✓  194 [mobile] › tests/smoke/storefront.spec.ts:630:1 › sticky ATC — center style floats as a centered pill, not full width (815ms)
  ✓  195 [mobile] › tests/smoke/storefront.spec.ts:653:1 › announcement bar — the close button dismisses it for the session (1.5s)
  ✓  196 [mobile] › tests/smoke/won-block-wrapper-selectors.spec.ts:46:1 › no CSS selector treats a theme block as a direct child (7ms)
  ✓  197 [mobile] › tests/smoke/won-card-quick-add.spec.ts:20:1 › card declares its quick-add placement and reveal (1.1s)
  ✓  198 [mobile] › tests/smoke/won-card-quick-add.spec.ts:29:1 › quick-add control is reachable and correctly sized for touch (3.0s)
  ✓  199 [mobile] › tests/smoke/won-card-quick-add.spec.ts:45:1 › stepper quantity follows the cart (10.6s)
  ✓  200 [mobile] › tests/smoke/won-card-scale.spec.ts:58:1 › rail cards never outgrow the card ceiling (3.1s)
  ✓  201 [mobile] › tests/smoke/won-card-scale.spec.ts:68:1 › card title stays legible relative to the card it sits on (3.2s)
  ✓  202 [mobile] › tests/smoke/won-card-scale.spec.ts:81:1 › no dead zone: the 750px rail is not a single full-width column (3.2s)
  ✓  203 [mobile] › tests/smoke/won-carousel-arrows.spec.ts:8:1 › carousel arrows are visible only when the rail overflows (1.0s)
  ✓  204 [mobile] › tests/smoke/won-carousel-controls.spec.ts:19:1 › carousel pager controls render (and never show a dead/empty bar) (1.6s)
  ✓  205 [mobile] › tests/smoke/won-category-labels.spec.ts:15:3 › composed cs.schema.json has no duplicate picker category labels (1ms)
  ✓  206 [mobile] › tests/smoke/won-category-labels.spec.ts:15:3 › composed en.default.schema.json has no duplicate picker category labels (1ms)
  ✓  207 [mobile] › tests/smoke/won-countup-reachable.spec.ts:59:1 › every global theme setting is read by a section a merchant can insert (7ms)
  ✓  208 [mobile] › tests/smoke/won-countup.spec.ts:18:1 › won-stats opts into count-up: data attr, script tag, settings (1ms)
  ✓  209 [mobile] › tests/smoke/won-countup.spec.ts:32:1 › global animation fragment + compose step exist (1ms)
  ✓  210 [mobile] › tests/smoke/won-countup.spec.ts:60:1 › parser keeps prefix/suffix and format; refuses ambiguous values (2ms)
  ✓  211 [mobile] › tests/smoke/won-countup.spec.ts:98:1 › formatValue restores exact final text at the end of the run (0ms)
  ✓  212 [mobile] › tests/smoke/won-cta-effects.spec.ts:33:1 › every won CTA opts into the shared effect layer (3.3s)
  ✓  213 [mobile] › tests/smoke/won-cta-effects.spec.ts:60:1 › the whole theme resolves ONE effect per family (3.3s)
  ✓  214 [mobile] › tests/smoke/won-cta-effects.spec.ts:88:1 › card quick-add visibly reacts to hover (6.0s)
  ✓  215 [mobile] › tests/smoke/won-cta-effects.spec.ts:119:1 › sheen is a real animation when the theme asks for it (5.6s)
  ✓  216 [mobile] › tests/smoke/won-cta-effects.spec.ts:144:1 › effects stand down under prefers-reduced-motion (5.5s)
  ✓  217 [mobile] › tests/smoke/won-cta-invariants.spec.ts:35:1 › no won CTA hardcodes target="_blank" — new-tab is always gated (3ms)
  ✓  218 [mobile] › tests/smoke/won-cta-invariants.spec.ts:49:1 › rewired sections render CTAs via won-button, not inline won-btn markup (2ms)
  ✓  219 [mobile] › tests/smoke/won-cta-invariants.spec.ts:59:1 › every won-carousel preset needing blocks ships them (no empty section on insert) (1ms)
  ✓  220 [mobile] › tests/smoke/won-faq-schema.spec.ts:14:1 › won-faq-schema snippet: FAQPage, honesty guard, safe escaping, doc (1ms)
  ✓  221 [mobile] › tests/smoke/won-faq-schema.spec.ts:29:1 › both FAQ row blocks self-emit the schema, gated by the section toggle (1ms)
  ✓  222 [mobile] › tests/smoke/won-faq-schema.spec.ts:46:1 › smart defaults: accordion ON, panels OFF (0ms)
  ✓  223 [mobile] › tests/smoke/won-feedback-8.spec.ts:50:1 › rail progress bar and arrows share one control row (3.3s)
  ✓  224 [mobile] › tests/smoke/won-feedback-8.spec.ts:93:1 › quick add updates the header cart count (7.7s)
  ✓  225 [mobile] › tests/smoke/won-feedback-8.spec.ts:122:1 › card quick-add renders a stepper once the line exists (11.7s)
  ✓  226 [mobile] › tests/smoke/won-feedback-8.spec.ts:172:1 › won-feature rows align their body text across the row (12.4s)
  ✓  227 [mobile] › tests/smoke/won-feedback-8.spec.ts:221:1 › PDP main media shows the whole packshot with breathing room (1.7s)
  ✓  228 [mobile] › tests/smoke/won-feedback-8.spec.ts:252:1 › PDP puts the product description under the price, and ships no highlights block (1ms)
  ✓  229 [mobile] › tests/smoke/won-hidden-natives.spec.ts:14:3 › product-list is hidden from the section picker but still renders (0ms)
  ✓  230 [mobile] › tests/smoke/won-hidden-natives.spec.ts:14:3 › featured-blog-posts is hidden from the section picker but still renders (0ms)
  ✓  231 [mobile] › tests/smoke/won-hidden-natives.spec.ts:35:3 › quick-order-list stays visible in the picker (0ms)
  ✓  232 [mobile] › tests/smoke/won-hidden-natives.spec.ts:35:3 › featured-product stays visible in the picker (0ms)
  ✓  233 [mobile] › tests/smoke/won-hidden-natives.spec.ts:35:3 › featured-product-information stays visible in the picker (0ms)
  ✓  234 [mobile] › tests/smoke/won-hidden-natives.spec.ts:35:3 › custom-liquid stays visible in the picker (0ms)
  ✓  235 [mobile] › tests/smoke/won-hidden-natives.spec.ts:35:3 › divider stays visible in the picker (0ms)
  ✓  236 [mobile] › tests/smoke/won-no-raw-liquid.spec.ts:24:5 › no raw Liquid in the rendered page › / renders no Liquid delimiters (1.0s)
  ✓  237 [mobile] › tests/smoke/won-no-raw-liquid.spec.ts:24:5 › no raw Liquid in the rendered page › /collections/automated-collection renders no Liquid delimiters (941ms)
  ✓  238 [mobile] › tests/smoke/won-no-raw-liquid.spec.ts:24:5 › no raw Liquid in the rendered page › /pages/contact renders no Liquid delimiters (995ms)
  ✓  239 [mobile] › tests/smoke/won-pdp-composition.spec.ts:20:1 › data blocks inside a band fill their content column (1.6s)
  ✓  240 [mobile] › tests/smoke/won-pdp-composition.spec.ts:46:1 › the product title is the largest heading on the PDP (1.6s)
  ✓  241 [mobile] › tests/smoke/won-pdp-composition.spec.ts:68:1 › no schema placeholder copy leaks onto the storefront (1.6s)
  ✓  242 [mobile] › tests/smoke/won-pdp-composition.spec.ts:78:1 › a data block with no rows renders no orphan heading (1.6s)
  ✓  243 [mobile] › tests/smoke/won-pdp-composition.spec.ts:96:1 › product media is never smaller than the buy box column (5.3s)
  ✓  244 [mobile] › tests/smoke/won-pdp-composition.spec.ts:132:1 › the sticky bar repeats the buy box CTA, it does not restyle it (2.8s)
  ✓  245 [mobile] › tests/smoke/won-product-schema.spec.ts:15:1 › won-product-schema snippet: Product + additionalProperty, canonical @id, guard, escaping (2ms)
  ✓  246 [mobile] › tests/smoke/won-product-schema.spec.ts:34:1 › spec + nutrition tables self-emit with the right separator, gated by toggle (0ms)
  ✓  247 [mobile] › tests/smoke/won-product-schema.spec.ts:44:1 › emit_schema toggle present and ON by default on both blocks (0ms)
  ✓  248 [mobile] › tests/smoke/won-product-trust.spec.ts:12:1 › won-product-trust block reuses the shared snippets (no duplicated logic) (1ms)
  ✓  249 [mobile] › tests/smoke/won-product-trust.spec.ts:26:1 › name locale key resolves in both languages (1ms)
  ✓  250 [mobile] › tests/smoke/won-publish-global-settings.spec.ts:45:1 › publish seeds new won globals into an existing settings_data, without overwriting merchant values (139ms)
  ✘  251 [mobile] › tests/smoke/won-rail-affordance.spec.ts:87:5 › rails on / @390px expose controls exactly when they overflow (3.4s)
(node:88319) [DEP0205] DeprecationWarning: `module.register()` is deprecated. Use `module.registerHooks()` instead.
(Use `node --trace-deprecation ...` to show where the warning was created)
  ✘  252 [mobile] › tests/smoke/won-rail-affordance.spec.ts:87:5 › rails on / @700px expose controls exactly when they overflow (3.3s)
(node:88331) [DEP0205] DeprecationWarning: `module.register()` is deprecated. Use `module.registerHooks()` instead.
(Use `node --trace-deprecation ...` to show where the warning was created)
  ✘  253 [mobile] › tests/smoke/won-rail-affordance.spec.ts:87:5 › rails on / @1440px expose controls exactly when they overflow (3.4s)
(node:88342) [DEP0205] DeprecationWarning: `module.register()` is deprecated. Use `module.registerHooks()` instead.
(Use `node --trace-deprecation ...` to show where the warning was created)
  -  254 [mobile] › tests/smoke/won-rail-affordance.spec.ts:87:5 › rails on /collections/automated-collection @390px expose controls exactly when they overflow
  -  255 [mobile] › tests/smoke/won-rail-affordance.spec.ts:87:5 › rails on /collections/automated-collection @700px expose controls exactly when they overflow
  -  256 [mobile] › tests/smoke/won-rail-affordance.spec.ts:87:5 › rails on /collections/automated-collection @1440px expose controls exactly when they overflow
  ✓  257 [mobile] › tests/smoke/won-rail-affordance.spec.ts:111:1 › every arrow pair actually scrolls its rail (9.0s)
  ✓  258 [mobile] › tests/smoke/won-rail-arrow-contrast.spec.ts:43:1 › rail arrows on the page meet AA contrast in every tone (2.5s)
  ✓  259 [mobile] › tests/smoke/won-rail-arrow-contrast.spec.ts:133:1 › a rail arrow with no plate carries a text shadow over media (2.5s)
  ✓  260 [mobile] › tests/smoke/won-rail-arrow-contrast.spec.ts:191:1 › rail chrome never covers an interactive element (3.0s)
  ✓  261 [mobile] › tests/smoke/won-rail-arrow-contrast.spec.ts:247:1 › rail chrome sits below the rail it belongs to, never on top of it (3.6s)
  ✓  262 [mobile] › tests/smoke/won-rail-arrow-contrast.spec.ts:281:1 › no rail ships a second, overlay-style chrome variant (7ms)
  ✓  263 [mobile] › tests/smoke/won-rail-consistency.spec.ts:101:1 › arrow shape and size are identical on every rail (3.4s)
  -  264 [mobile] › tests/smoke/won-rail-consistency.spec.ts:111:1 › arrow colour is uniform unless the theme leaves it on auto
  ✘  265 [mobile] › tests/smoke/won-rail-consistency.spec.ts:126:1 › every scrolling rail uses the indicator the theme asked for (3.4s)
(node:88396) [DEP0205] DeprecationWarning: `module.register()` is deprecated. Use `module.registerHooks()` instead.
(Use `node --trace-deprecation ...` to show where the warning was created)
  ✓  266 [mobile] › tests/smoke/won-rail-indicator-modes.spec.ts:32:1 › the composed theme has rails to audit (2ms)
  ✓  267 [mobile] › tests/smoke/won-rail-indicator-modes.spec.ts:36:1 › every rail can render every indicator the theme-wide setting offers (1ms)
  ✓  268 [mobile] › tests/smoke/won-rail-indicator-modes.spec.ts:67:1 › no rail hand-rolls the indicator resolution any more (1ms)
  ✓  269 [mobile] › tests/smoke/won-rail-indicator-modes.spec.ts:83:1 › the shared controls snippet handles all four indicator values (1ms)
  ✓  270 [mobile] › tests/smoke/won-rail-indicator-scale.spec.ts:22:1 › the scroll indicator spans the free width of its control row (3.3s)
  ✓  271 [mobile] › tests/smoke/won-rail-indicator-scale.spec.ts:64:1 › the indicator thumb is proportional to how much is on screen (3.3s)
  ✓  272 [mobile] › tests/smoke/won-rail-indicator-scale.spec.ts:99:1 › stepping the quantity replays the sheen (13.5s)
  ✓  273 [mobile] › tests/smoke/won-schema-integrity.spec.ts:64:1 › every t: key a won schema uses exists in BOTH locales (10ms)
  ✓  274 [mobile] › tests/smoke/won-schema-integrity.spec.ts:89:1 › every visible_if names a setting that exists in the same schema (6ms)
  ✓  275 [mobile] › tests/smoke/won-schema-integrity.spec.ts:108:1 › every range default is a real step in its own range (5ms)
  ✓  276 [mobile] › tests/smoke/won-schema-integrity.spec.ts:183:1 › the predicate actually bites (red-proof) (1ms)
  ✓  277 [mobile] › tests/smoke/won-schema-integrity.spec.ts:208:1 › every preset renders something with zero configuration (4ms)
  ✓  278 [mobile] › tests/smoke/won-schema-phases.spec.ts:16:1 › F3 AggregateRating: won-rating emits schema only on the PDP, gated (1ms)
  ✓  279 [mobile] › tests/smoke/won-schema-phases.spec.ts:28:1 › F4 MerchantReturnPolicy: snippet + global settings + PDP wiring (1ms)
  ✓  280 [mobile] › tests/smoke/won-schema-phases.spec.ts:50:1 › F5 HowTo: won-howto-schema from won-dosage, gated (1ms)
  ✓  281 [mobile] › tests/smoke/won-schema-phases.spec.ts:62:1 › F6 comparison: yes/no cells carry a text equivalent for extraction (0ms)
  ✓  282 [mobile] › tests/smoke/won-schema-phases.spec.ts:70:1 › F7 site schema: WebSite + SearchAction, homepage only, wired in <head> (0ms)
  ✓  283 [mobile] › tests/smoke/won-schema-phases.spec.ts:80:1 › F8 trust bridge: won-trust reads won.* metafields → badge + additionalProperty, gated (1ms)
  ✓  284 [mobile] › tests/smoke/won-settings-coverage.spec.ts:104:1 › every won-* section setting (and child-block setting) is wired to the theme source (8ms)
  ✓  285 [mobile] › tests/smoke/won-settings-fixes.spec.ts:17:1 › won-band: content align actually moves the button row, not just text (1.1s)
  ✓  286 [mobile] › tests/smoke/won-settings-fixes.spec.ts:56:1 › won-slide: min height applies to a plain (non-overlayed) slide body (1.3s)
  -  287 [mobile] › tests/smoke/won-settings-fixes.spec.ts:77:1 › won-tabbed-rail: desktop heading size is consumed at >= 750px
  ✓  288 [mobile] › tests/smoke/won-slide-art-direction.spec.ts:36:3 › won-slide art direction › slide media fills its box (no gap under an art-directed image) (1.3s)
  ✓  289 [mobile] › tests/smoke/won-slide-art-direction.spec.ts:57:3 › won-slide art direction › below 750px the packaged mobile asset is the one served (1.0s)
  ✓  290 [mobile] › tests/smoke/won-unified-behavior.spec.ts:16:1 › Visibility toggles hide the section at the correct breakpoint (1.1s)
  ✓  291 [mobile] › tests/smoke/won-unified-behavior.spec.ts:49:1 › Mode select drives a render class on the carousel (1.0s)
  ✓  292 [mobile] › tests/smoke/won-unified-behavior.spec.ts:58:1 › Infinite-scroll setting clones bookends only where its scope applies (1.6s)
  ✓  293 [mobile] › tests/smoke/won-unified-schema.spec.ts:58:1 › composed theme has sections to audit (0ms)
  ✓  294 [mobile] › tests/smoke/won-unified-schema.spec.ts:62:1 › every won section orders its group headers canonically (0ms)
  ✓  295 [mobile] › tests/smoke/won-unified-schema.spec.ts:76:1 › Visibility, when present, is the first group (after an optional About paragraph) (0ms)
  ✓  296 [mobile] › tests/smoke/won-unified-schema.spec.ts:93:1 › a Mode group leads with an always-visible behavior select (0ms)
  ✓  297 [mobile] › tests/smoke/won-unified-schema.spec.ts:107:1 › hide_mobile / hide_desktop live only under the Visibility group (0ms)
  ✓  298 [mobile] › tests/smoke/won-unified-schema.spec.ts:134:1 › every range setting spans 3–101 steps with an on-grid default (2ms)
  ✓  299 [mobile] › tests/smoke/won-unified-schema.spec.ts:155:1 › no render tag passes a filtered argument (1ms)
  ✓  300 [mobile] › tests/smoke/won-unit-price-honesty.spec.ts:79:1 › the printed unit price tracks the quantity on the variant axis (14.5s)
  ✓  301 [mobile] › tests/smoke/won-unit-price-honesty.spec.ts:148:1 › only one file computes a unit price (10ms)
  ✓  302 [mobile] › tests/smoke/won-unit-price-honesty.spec.ts:161:1 › no consumer ships a fabricated reference amount as a default (9ms)
  ✓  303 [mobile] › tests/smoke/won-unit-price-honesty.spec.ts:227:1 › the unit-price ladder is one global, merchant-editable setting (2ms)
  ✓  304 [mobile] › tests/smoke/won-unit-price-honesty.spec.ts:247:1 › no file hardcodes a reference metafield or unit (7ms)
  ✓  305 [mobile] › tests/smoke/won-unit-price-honesty.spec.ts:276:1 › every unit label on the storefront comes from the declared ladder (11.0s)
  ✓  306 [mobile] › tests/smoke/won-wave1-parity.spec.ts:14:1 › grid carousel with mobile_carousel scrolls horizontally on mobile (1.1s)
  ✓  307 [mobile] › tests/smoke/won-wave1-parity.spec.ts:32:1 › grid carousel without mobile_carousel stays a stacked grid on mobile (1.1s)
  -  308 [mobile] › tests/smoke/won-wave1-parity.spec.ts:45:1 › carousel arrows carry their style modifier class
  -  309 [mobile] › tests/smoke/won-wave1-parity.spec.ts:56:1 › article cards render author and reading time when enabled
  -  310 [mobile] › tests/smoke/won-wave1-parity.spec.ts:107:1 › default arrow style is visually identical to the pre-arrow_style look


  1) [desktop] › tests/smoke/storefront.spec.ts:436:1 › hero peek — a neighbour peeks in on BOTH sides at the initial rest position 

    [31mTest timeout of 60000ms exceeded.[39m

    Error: locator.click: Test timeout of 60000ms exceeded.
    Call log:
    [2m  - waiting for locator('[data-testid="won-hero-carousel-section"]').first().locator('won-carousel').first().locator('[data-won-next]')[22m


      454 |   const reals = await track.evaluate((t: HTMLElement) => Array.from(t.children).filter((c) => !(c as HTMLElement).dataset.wonClone).length);
      455 |   for (let i = 0; i < reals - 1; i++) {
    > 456 |     await car.locator('[data-won-next]').click();
          |                                          ^
      457 |     await settleScroll(track);
      458 |   }
      459 |   const end = await peekSidesOf(track);
        at /Users/ondrej/Development/WonCommerce/Apps/b2b_b2c/tests/smoke/storefront.spec.ts:456:42

    attachment #1: screenshot (image/png) ──────────────────────────────────────────────────────────
    test-results/smoke-storefront-hero-peek-fc614-t-the-initial-rest-position-desktop/test-failed-1.png
    ────────────────────────────────────────────────────────────────────────────────────────────────

    Error Context: test-results/smoke-storefront-hero-peek-fc614-t-the-initial-rest-position-desktop/error-context.md

  2) [desktop] › tests/smoke/storefront.spec.ts:467:1 › hero carousel — loops endlessly, arrows never dead-end 

    Error: Next must stay live all the way round

    [2mexpect([22m[31mlocator[39m[2m).[22mtoBeEnabled[2m([22m[2m)[22m failed

    Locator: locator('[data-testid="won-hero-carousel-section"]').first().locator('won-carousel').first().locator('[data-won-next]')
    Expected: enabled
    Timeout: 15000ms
    Error: element(s) not found

    Call log:
    [2m  - Next must stay live all the way round with timeout 15000ms[22m
    [2m  - waiting for locator('[data-testid="won-hero-carousel-section"]').first().locator('won-carousel').first().locator('[data-won-next]')[22m


      479 |   // A full lap plus one: a non-looping rail's Next would already be disabled.
      480 |   for (let i = 0; i < reals + 1; i++) {
    > 481 |     await expect(car.locator('[data-won-next]'), 'Next must stay live all the way round').toBeEnabled();
          |                                                                                           ^
      482 |     await car.locator('[data-won-next]').click();
      483 |     await settleScroll(track);
      484 |   }
        at /Users/ondrej/Development/WonCommerce/Apps/b2b_b2c/tests/smoke/storefront.spec.ts:481:91

    attachment #1: screenshot (image/png) ──────────────────────────────────────────────────────────
    test-results/smoke-storefront-hero-caro-83921-essly-arrows-never-dead-end-desktop/test-failed-1.png
    ────────────────────────────────────────────────────────────────────────────────────────────────

    Error Context: test-results/smoke-storefront-hero-caro-83921-essly-arrows-never-dead-end-desktop/error-context.md

  3) [desktop] › tests/smoke/won-rail-affordance.spec.ts:87:5 › rails on / @390px expose controls exactly when they overflow 

    Error: these rails scroll sideways but offer the shopper no way to move them (no arrows, dots or progress bar)

    [2mexpect([22m[31mreceived[39m[2m).[22mtoEqual[2m([22m[32mexpected[39m[2m) // deep equality[22m

    [32m- Expected  - 1[39m
    [31m+ Received  + 3[39m

    [32m- Array [][39m
    [31m+ Array [[39m
    [31m+   "won-hero-carousel-section#4",[39m
    [31m+ ][39m

       96 |         mute.map((r) => r.id),
       97 |         `these rails scroll sideways but offer the shopper no way to move them (no arrows, dots or progress bar)`
    >  98 |       ).toEqual([]);
          |         ^
       99 |
      100 |       const dead = rails.filter(
      101 |         (r) => !r.overflows && (r.hasArrows || r.hasDots || r.hasProgress)
        at /Users/ondrej/Development/WonCommerce/Apps/b2b_b2c/tests/smoke/won-rail-affordance.spec.ts:98:9

    attachment #1: screenshot (image/png) ──────────────────────────────────────────────────────────
    test-results/smoke-won-rail-affordance--6e4f4--exactly-when-they-overflow-desktop/test-failed-1.png
    ────────────────────────────────────────────────────────────────────────────────────────────────

    Error Context: test-results/smoke-won-rail-affordance--6e4f4--exactly-when-they-overflow-desktop/error-context.md

  4) [desktop] › tests/smoke/won-rail-affordance.spec.ts:87:5 › rails on / @700px expose controls exactly when they overflow 

    Error: these rails scroll sideways but offer the shopper no way to move them (no arrows, dots or progress bar)

    [2mexpect([22m[31mreceived[39m[2m).[22mtoEqual[2m([22m[32mexpected[39m[2m) // deep equality[22m

    [32m- Expected  - 1[39m
    [31m+ Received  + 3[39m

    [32m- Array [][39m
    [31m+ Array [[39m
    [31m+   "won-hero-carousel-section#4",[39m
    [31m+ ][39m

       96 |         mute.map((r) => r.id),
       97 |         `these rails scroll sideways but offer the shopper no way to move them (no arrows, dots or progress bar)`
    >  98 |       ).toEqual([]);
          |         ^
       99 |
      100 |       const dead = rails.filter(
      101 |         (r) => !r.overflows && (r.hasArrows || r.hasDots || r.hasProgress)
        at /Users/ondrej/Development/WonCommerce/Apps/b2b_b2c/tests/smoke/won-rail-affordance.spec.ts:98:9

    attachment #1: screenshot (image/png) ──────────────────────────────────────────────────────────
    test-results/smoke-won-rail-affordance--072d4--exactly-when-they-overflow-desktop/test-failed-1.png
    ────────────────────────────────────────────────────────────────────────────────────────────────

    Error Context: test-results/smoke-won-rail-affordance--072d4--exactly-when-they-overflow-desktop/error-context.md

  5) [desktop] › tests/smoke/won-rail-affordance.spec.ts:87:5 › rails on / @1440px expose controls exactly when they overflow 

    Error: these rails scroll sideways but offer the shopper no way to move them (no arrows, dots or progress bar)

    [2mexpect([22m[31mreceived[39m[2m).[22mtoEqual[2m([22m[32mexpected[39m[2m) // deep equality[22m

    [32m- Expected  - 1[39m
    [31m+ Received  + 3[39m

    [32m- Array [][39m
    [31m+ Array [[39m
    [31m+   "won-hero-carousel-section#1",[39m
    [31m+ ][39m

       96 |         mute.map((r) => r.id),
       97 |         `these rails scroll sideways but offer the shopper no way to move them (no arrows, dots or progress bar)`
    >  98 |       ).toEqual([]);
          |         ^
       99 |
      100 |       const dead = rails.filter(
      101 |         (r) => !r.overflows && (r.hasArrows || r.hasDots || r.hasProgress)
        at /Users/ondrej/Development/WonCommerce/Apps/b2b_b2c/tests/smoke/won-rail-affordance.spec.ts:98:9

    attachment #1: screenshot (image/png) ──────────────────────────────────────────────────────────
    test-results/smoke-won-rail-affordance--0bad2--exactly-when-they-overflow-desktop/test-failed-1.png
    ────────────────────────────────────────────────────────────────────────────────────────────────

    Error Context: test-results/smoke-won-rail-affordance--0bad2--exactly-when-they-overflow-desktop/error-context.md

  6) [desktop] › tests/smoke/won-rail-consistency.spec.ts:126:1 › every scrolling rail uses the indicator the theme asked for 

    Error: global indicator is "progress" but rails use: won-carousel-section=progress, won-hero-carousel-section=none, won-tabbed-rail-section=progress

    [2mexpect([22m[31mreceived[39m[2m).[22mtoEqual[2m([22m[32mexpected[39m[2m) // deep equality[22m

    [32m- Expected  - 0[39m
    [31m+ Received  + 1[39m

    [2m  Array [[22m
    [2m    "progress",[22m
    [31m+   "none",[39m
    [2m  ][22m

      136 |     kinds,
      137 |     `global indicator is "${globalIndicator}" but rails use: ${indicators.map((i) => `${i.id}=${i.kind}`).join(', ')}`
    > 138 |   ).toEqual([globalIndicator]);
          |     ^
      139 | });
      140 |
        at /Users/ondrej/Development/WonCommerce/Apps/b2b_b2c/tests/smoke/won-rail-consistency.spec.ts:138:5

    attachment #1: screenshot (image/png) ──────────────────────────────────────────────────────────
    test-results/smoke-won-rail-consistency-a10c9-dicator-the-theme-asked-for-desktop/test-failed-1.png
    ────────────────────────────────────────────────────────────────────────────────────────────────

    Error Context: test-results/smoke-won-rail-consistency-a10c9-dicator-the-theme-asked-for-desktop/error-context.md

  7) [mobile] › tests/smoke/won-rail-affordance.spec.ts:87:5 › rails on / @390px expose controls exactly when they overflow 

    Error: these rails scroll sideways but offer the shopper no way to move them (no arrows, dots or progress bar)

    [2mexpect([22m[31mreceived[39m[2m).[22mtoEqual[2m([22m[32mexpected[39m[2m) // deep equality[22m

    [32m- Expected  - 1[39m
    [31m+ Received  + 3[39m

    [32m- Array [][39m
    [31m+ Array [[39m
    [31m+   "won-hero-carousel-section#4",[39m
    [31m+ ][39m

       96 |         mute.map((r) => r.id),
       97 |         `these rails scroll sideways but offer the shopper no way to move them (no arrows, dots or progress bar)`
    >  98 |       ).toEqual([]);
          |         ^
       99 |
      100 |       const dead = rails.filter(
      101 |         (r) => !r.overflows && (r.hasArrows || r.hasDots || r.hasProgress)
        at /Users/ondrej/Development/WonCommerce/Apps/b2b_b2c/tests/smoke/won-rail-affordance.spec.ts:98:9

    attachment #1: screenshot (image/png) ──────────────────────────────────────────────────────────
    test-results/smoke-won-rail-affordance--6e4f4--exactly-when-they-overflow-mobile/test-failed-1.png
    ────────────────────────────────────────────────────────────────────────────────────────────────

    Error Context: test-results/smoke-won-rail-affordance--6e4f4--exactly-when-they-overflow-mobile/error-context.md

  8) [mobile] › tests/smoke/won-rail-affordance.spec.ts:87:5 › rails on / @700px expose controls exactly when they overflow 

    Error: these rails scroll sideways but offer the shopper no way to move them (no arrows, dots or progress bar)

    [2mexpect([22m[31mreceived[39m[2m).[22mtoEqual[2m([22m[32mexpected[39m[2m) // deep equality[22m

    [32m- Expected  - 1[39m
    [31m+ Received  + 3[39m

    [32m- Array [][39m
    [31m+ Array [[39m
    [31m+   "won-hero-carousel-section#4",[39m
    [31m+ ][39m

       96 |         mute.map((r) => r.id),
       97 |         `these rails scroll sideways but offer the shopper no way to move them (no arrows, dots or progress bar)`
    >  98 |       ).toEqual([]);
          |         ^
       99 |
      100 |       const dead = rails.filter(
      101 |         (r) => !r.overflows && (r.hasArrows || r.hasDots || r.hasProgress)
        at /Users/ondrej/Development/WonCommerce/Apps/b2b_b2c/tests/smoke/won-rail-affordance.spec.ts:98:9

    attachment #1: screenshot (image/png) ──────────────────────────────────────────────────────────
    test-results/smoke-won-rail-affordance--072d4--exactly-when-they-overflow-mobile/test-failed-1.png
    ────────────────────────────────────────────────────────────────────────────────────────────────

    Error Context: test-results/smoke-won-rail-affordance--072d4--exactly-when-they-overflow-mobile/error-context.md

  9) [mobile] › tests/smoke/won-rail-affordance.spec.ts:87:5 › rails on / @1440px expose controls exactly when they overflow 

    Error: these rails scroll sideways but offer the shopper no way to move them (no arrows, dots or progress bar)

    [2mexpect([22m[31mreceived[39m[2m).[22mtoEqual[2m([22m[32mexpected[39m[2m) // deep equality[22m

    [32m- Expected  - 1[39m
    [31m+ Received  + 3[39m

    [32m- Array [][39m
    [31m+ Array [[39m
    [31m+   "won-hero-carousel-section#1",[39m
    [31m+ ][39m

       96 |         mute.map((r) => r.id),
       97 |         `these rails scroll sideways but offer the shopper no way to move them (no arrows, dots or progress bar)`
    >  98 |       ).toEqual([]);
          |         ^
       99 |
      100 |       const dead = rails.filter(
      101 |         (r) => !r.overflows && (r.hasArrows || r.hasDots || r.hasProgress)
        at /Users/ondrej/Development/WonCommerce/Apps/b2b_b2c/tests/smoke/won-rail-affordance.spec.ts:98:9

    attachment #1: screenshot (image/png) ──────────────────────────────────────────────────────────
    test-results/smoke-won-rail-affordance--0bad2--exactly-when-they-overflow-mobile/test-failed-1.png
    ────────────────────────────────────────────────────────────────────────────────────────────────

    Error Context: test-results/smoke-won-rail-affordance--0bad2--exactly-when-they-overflow-mobile/error-context.md

  10) [mobile] › tests/smoke/won-rail-consistency.spec.ts:126:1 › every scrolling rail uses the indicator the theme asked for 

    Error: global indicator is "progress" but rails use: won-carousel-section=progress, won-grid-section=progress, won-carousel-section=progress, won-carousel-section=progress, won-hero-carousel-section=none, won-carousel-section=progress, won-tabbed-rail-section=progress

    [2mexpect([22m[31mreceived[39m[2m).[22mtoEqual[2m([22m[32mexpected[39m[2m) // deep equality[22m

    [32m- Expected  - 0[39m
    [31m+ Received  + 1[39m

    [2m  Array [[22m
    [2m    "progress",[22m
    [31m+   "none",[39m
    [2m  ][22m

      136 |     kinds,
      137 |     `global indicator is "${globalIndicator}" but rails use: ${indicators.map((i) => `${i.id}=${i.kind}`).join(', ')}`
    > 138 |   ).toEqual([globalIndicator]);
          |     ^
      139 | });
      140 |
        at /Users/ondrej/Development/WonCommerce/Apps/b2b_b2c/tests/smoke/won-rail-consistency.spec.ts:138:5

    attachment #1: screenshot (image/png) ──────────────────────────────────────────────────────────
    test-results/smoke-won-rail-consistency-a10c9-dicator-the-theme-asked-for-mobile/test-failed-1.png
    ────────────────────────────────────────────────────────────────────────────────────────────────

    Error Context: test-results/smoke-won-rail-consistency-a10c9-dicator-the-theme-asked-for-mobile/error-context.md

  10 failed
    [desktop] › tests/smoke/storefront.spec.ts:436:1 › hero peek — a neighbour peeks in on BOTH sides at the initial rest position 
    [desktop] › tests/smoke/storefront.spec.ts:467:1 › hero carousel — loops endlessly, arrows never dead-end 
    [desktop] › tests/smoke/won-rail-affordance.spec.ts:87:5 › rails on / @390px expose controls exactly when they overflow 
    [desktop] › tests/smoke/won-rail-affordance.spec.ts:87:5 › rails on / @700px expose controls exactly when they overflow 
    [desktop] › tests/smoke/won-rail-affordance.spec.ts:87:5 › rails on / @1440px expose controls exactly when they overflow 
    [desktop] › tests/smoke/won-rail-consistency.spec.ts:126:1 › every scrolling rail uses the indicator the theme asked for 
    [mobile] › tests/smoke/won-rail-affordance.spec.ts:87:5 › rails on / @390px expose controls exactly when they overflow 
    [mobile] › tests/smoke/won-rail-affordance.spec.ts:87:5 › rails on / @700px expose controls exactly when they overflow 
    [mobile] › tests/smoke/won-rail-affordance.spec.ts:87:5 › rails on / @1440px expose controls exactly when they overflow 
    [mobile] › tests/smoke/won-rail-consistency.spec.ts:126:1 › every scrolling rail uses the indicator the theme asked for 
  28 skipped
  272 passed (9.7m)
