{
  youtube: [ { paused: false, currentTime: 2.339371, readyState: 4 } ],
  text: 'Share your brand story by adding a video to your store\n' +
    'Shopify\n' +
    'Shopify\n' +
    '488 tis. odběratelů\n' +
    '0:02\n' +
    'Uplynulý čas 2 seconds\n' +
    '/0:21\n' +
    'Délka 21 seconds\n' +
    'Další videa\n' +
    '31:55\n' +
    'Kosatka: nejchytřejší predátor oceánu — a proč nás šetří\n' +
    'před 4 měsíci\n' +
    '43:59\n' +
    'Muž Proměnil Ruinu Z Druhé Světové Války V Dům Snů Za Jeden Rok | Od @luxonbushcraft\n' +
    'před 2 dny\n' +
    '53:27\n' +
    'Neurochirurg Beneš: Jaký vliv má na mozek alkohol, mobil nebo stres? Jaká byla nejšílenější operace?\n' +
    'před 8 měsíci\n' +
    '18:37\n' +
    'VELKÉ PORCE ZA NÍZKÉ CENY? Tady se prý čekají fronty na stůl! PLZEŇKA HANGÁR Strakonice!\n' +
    'před 3 hodinami\n' +
    '19:26\n' +
    'Jak fungoval Enigma stroj?\n' +
    'před 4 lety\n' +
    '35:47\n' +
    'Chobotnice: inteligence, kterou věda neumí vysvětlit\n' +
    'před 2 měsíci\n' +
    '1:01:33\n' +
    'Vladimír Beneš: „U lobotomie jsem byl třikrát, byla to hrůzostrašná operace“\n' +
    'před 11 měsíci\n' +
    '17:55\n' +
    'Tunelový jev - náhoda, která řídí Vesmír\n' +
    'před 9 měsíci\n' +
    '3:40\n' +
    'GFRIEND(여자친구) - MAGO @인기가요 inkigayo 20201115\n' +
    'před 5 lety\n' +
    '1:56:16\n' +
    'Proč se SKUTEČNĚ přitahují MAGNETY? Co vám Feynman nikdy nevysvětlil\n' +
    'před 5 měsíci\n' +
    '38:'
}
